torirs: dat2 cache=cache.osrs230 iface=161
Dat2SpriteLoadByName: archive 'mapfunction' not found in sprites table
Dat2SpriteLoadByName: archive 'hitmark' not found in sprites table
net: dropping unknown wire opcode 47 (osrs230)
net: dropping unknown wire opcode 35 (osrs230)
net: dropping unknown wire opcode 35 (osrs230)
net: dropping unknown wire opcode 77 (osrs230)
net: dropping unknown wire opcode 27 (osrs230)
net: dropping unknown wire opcode 114 (osrs230)
net: dropping unknown wire opcode 114 (osrs230)
net: dropping unknown wire opcode 114 (osrs230)
net: dropping unknown wire opcode 114 (osrs230)
net: dropping unknown wire opcode 114 (osrs230)
net: dropping unknown wire opcode 114 (osrs230)
net: dropping unknown wire opcode 114 (osrs230)
net: dropping unknown wire opcode 114 (osrs230)
net: dropping unknown wire opcode 114 (osrs230)
net: dropping unknown wire opcode 114 (osrs230)
net: dropping unknown wire opcode 114 (osrs230)
net: dropping unknown wire opcode 114 (osrs230)
net: dropping unknown wire opcode 114 (osrs230)
net: dropping unknown wire opcode 114 (osrs230)
net: dropping unknown wire opcode 114 (osrs230)
net: dropping unknown wire opcode 114 (osrs230)
net: dropping unknown wire opcode 114 (osrs230)
textures: sprite-backed system (no materials table)
net: dropping unknown wire opcode 114 (osrs230)
net: dropping unknown wire opcode 114 (osrs230)
net: dropping unknown wire opcode 114 (osrs230)
net: dropping unknown wire opcode 114 (osrs230)
net: dropping unknown wire opcode 114 (osrs230)
net: dropping unknown wire opcode 114 (osrs230)
net: dropping unknown wire opcode 90 (osrs230)
net: dropping unknown wire opcode 104 (osrs230)
net: dropping unknown wire opcode 108 (osrs230)
world_load: 6 chunks, 26 underlays, 22 overlays, 19 textures, 718 locs, 600 models, 17 seqs
Dat2SpriteLoadByName: archive 'mapfunction' not found in sprites table
Dat2SpriteLoadByName: archive 'hitmark' not found in sprites table
Dat2SpriteLoadByName: archive 'mapfunction' not found in sprites table
Dat2SpriteLoadByName: archive 'hitmark' not found in sprites table
Dat2SpriteLoadByName: archive 'mapfunction' not found in sprites table
Dat2SpriteLoadByName: archive 'hitmark' not found in sprites table
Dat2SpriteLoadByName: archive 'mapfunction' not found in sprites table
Dat2SpriteLoadByName: archive 'hitmark' not found in sprites table
Dat2SpriteLoadByName: archive 'mapfunction' not found in sprites table
Dat2SpriteLoadByName: archive 'hitmark' not found in sprites table
Dat2SpriteLoadByName: archive 'mapfunction' not found in sprites table
Dat2SpriteLoadByName: archive 'hitmark' not found in sprites table
Dat2SpriteLoadByName: archive 'mapfunction' not found in sprites table
Dat2SpriteLoadByName: archive 'hitmark' not found in sprites table
Dat2SpriteLoadByName: archive 'mapfunction' not found in sprites table
Dat2SpriteLoadByName: archive 'hitmark' not found in sprites table
Dat2SpriteLoadByName: archive 'mapfunction' not found in sprites table
Dat2SpriteLoadByName: archive 'hitmark' not found in sprites table
Dat2SpriteLoadByName: archive 'mapfunction' not found in sprites table
Dat2SpriteLoadByName: archive 'hitmark' not found in sprites table
Dat2SpriteLoadByName: archive 'mapfunction' not found in sprites table
Dat2SpriteLoadByName: archive 'hitmark' not found in sprites table
Dat2SpriteLoadByName: archive 'mapfunction' not found in sprites table
Dat2SpriteLoadByName: archive 'hitmark' not found in sprites table
Dat2SpriteLoadByName: archive 'mapfunction' not found in sprites table
Dat2SpriteLoadByName: archive 'hitmark' not found in sprites table
Dat2SpriteLoadByName: archive 'mapfunction' not found in sprites table
Dat2SpriteLoadByName: archive 'hitmark' not found in sprites table
Dat2SpriteLoadByName: archive 'mapfunction' not found in sprites table
Dat2SpriteLoadByName: archive 'hitmark' not found in sprites table
Dat2SpriteLoadByName: archive 'mapfunction' not found in sprites table
Dat2SpriteLoadByName: archive 'hitmark' not found in sprites table
Dat2SpriteLoadByName: archive 'mapfunction' not found in sprites table
Dat2SpriteLoadByName: archive 'hitmark' not found in sprites table
Dat2SpriteLoadByName: archive 'mapfunction' not found in sprites table
Dat2SpriteLoadByName: archive 'hitmark' not found in sprites table
Dat2SpriteLoadByName: archive 'mapfunction' not found in sprites table
Dat2SpriteLoadByName: archive 'hitmark' not found in sprites table
Dat2SpriteLoadByName: archive 'mapfunction' not found in sprites table
Dat2SpriteLoadByName: archive 'hitmark' not found in sprites table
Dat2SpriteLoadByName: archive 'mapfunction' not found in sprites table
Dat2SpriteLoadByName: archive 'hitmark' not found in sprites table
Dat2SpriteLoadByName: archive 'mapfunction' not found in sprites table
Dat2SpriteLoadByName: archive 'hitmark' not found in sprites table
Dat2SpriteLoadByName: archive 'mapfunction' not found in sprites table
Dat2SpriteLoadByName: archive 'hitmark' not found in sprites table
Dat2SpriteLoadByName: archive 'mapfunction' not found in sprites table
Dat2SpriteLoadByName: archive 'hitmark' not found in sprites table
spawn_player: element=42564 tile=84,68 level=0
app: cache profile container=dat2 epoch=1 revision=230 quirks=0x0
Connection in progress to localhost:43595
varbit load: 17605 types (17426 records, ids 0..17604)
InterfaceOpen done: iface=161 pack_components=98 tree_components=766 onloads=6 inv_hooks=0 var_hooks=8 mounts=0
Connection completed
