torirs: dat2 cache=cache.osrs239.summoning iface=161
audio: callback mode, 1024-sample buffer @ 22050Hz
mock230: features era=osrs approach=rect op_nearest=10 ground_nearest=box10_rect
mock230: obj metadata loaded (33830 records from /Users/matthewevers/Documents/git_repos/3draster/cache.osrs239.summoning, 59271 params in 1389 KB)
mock230: npc metadata loaded (16371 records from /Users/matthewevers/Documents/git_repos/3draster/cache.osrs239.summoning, 27891 params in 653 KB)
mock230: sequence debug names loaded (0 named — falling back to pack/seq.pack, 25466 priorities)
mock230: loc configs loaded (62195 records from /Users/matthewevers/Documents/git_repos/3draster/cache.osrs239.summoning; 1709 param rows in 41016 bytes, 30034 names in 565697 bytes, 17310 footprints in 138480 bytes, 10267 categories in 82136 bytes)
mock230: struct params loaded (3988 records from /Users/matthewevers/Documents/git_repos/3draster/cache.osrs239.summoning, 20751 rows in 877 KB)
mock230: 2872 varp(s) carry varbits
mock230: varbit table loaded (19009 records from /Users/matthewevers/Documents/git_repos/3draster/cache.osrs239.summoning)
mock230: 1117 param types from configs/all.param
mock230: 3 server param type(s) from OSRS-Content/osrs239-content/server/scripts/quests/quest_fluffs/configs/quest_fluffs.param
mock230: 2 server param type(s) from OSRS-Content/osrs239-content/server/scripts/quests/quest_murder/configs/quest_murder.param
mock230: 1 server param type(s) from OSRS-Content/osrs239-content/server/scripts/quests/quest_mm/configs/quest_mm.param
mock230: 1 server param type(s) from OSRS-Content/osrs239-content/server/scripts/quests/quest_haunted/configs/quest_haunted.param
mock230: 3 server param type(s) from OSRS-Content/osrs239-content/server/scripts/quests/quest_upass/configs/quest_upass.param
mock230: 1 server param type(s) from OSRS-Content/osrs239-content/server/scripts/quests/quest_hazeelcult/configs/quest_hazeelcult.param
mock230: 1 server param type(s) from OSRS-Content/osrs239-content/server/scripts/quests/quest_legends/configs/quest_legends.param
mock230: 1 server param type(s) from OSRS-Content/osrs239-content/server/scripts/quests/quest_tbwt/configs/quest_tbwt.param
mock230: 1 server param type(s) from OSRS-Content/osrs239-content/server/scripts/minigames/game_mortton/configs/mortton_shades.param
mock230: 1 server param type(s) from OSRS-Content/osrs239-content/server/scripts/areas/area_mage_arena/configs/mage_arena.param
mock230: 1 server param type(s) from OSRS-Content/osrs239-content/server/scripts/interface_bank/configs/bank.param
mock230: 1 server param type(s) from OSRS-Content/osrs239-content/server/scripts/doors/configs/doors.param
mock230: 2 server param type(s) from OSRS-Content/osrs239-content/server/scripts/skill_magic/configs/magic.param
mock230: 1 server param type(s) from OSRS-Content/osrs239-content/server/scripts/skill_prayer/configs/bones.param
mock230: 8 server param type(s) from OSRS-Content/osrs239-content/server/scripts/skill_agility/configs/agility.param
mock230: 10 server param type(s) from OSRS-Content/osrs239-content/server/scripts/skill_cooking/configs/gnome_cooking/gnome_cooking.param
mock230: 1 server param type(s) from OSRS-Content/osrs239-content/server/scripts/npc/configs/npc.param
mock230: 12 server param type(s) from OSRS-Content/osrs239-content/server/scripts/skill_combat/configs/npc_combat.param
mock230: 44 server param type(s) from OSRS-Content/osrs239-content/server/scripts/skill_combat/configs/combat.param
mock230: 2 server param type(s) from OSRS-Content/osrs239-content/server/scripts/skill_combat/configs/weapon_poison.param
mock230: 2 server param type(s) from OSRS-Content/osrs239-content/server/scripts/player/configs/consumption/consume.param
mock230: 2 server param type(s) from OSRS-Content/osrs239-content/server/scripts/player/configs/death.param
mock230: 7 server param type(s) from OSRS-Content/osrs239-content/server/scripts/player/configs/bas.param
mock230: 5862 enums from configs/all.enum
