[     700ms] [ERROR] Failed to load resource: the server responded with a status of 404 () @ https://www.ebay.com/itm/156945510496:0
[     838ms] [WARNING] An iframe which has both allow-scripts and allow-same-origin for its sandbox attribute can escape its sandboxing. @ about:blank:0
[    1303ms] [WARNING] Header: trk missing @ https://ir.ebaystatic.com/rs/c/globalheaderweb/index_lcNW.5e957a01.js:0
[    1307ms] [WARNING] Header: trk missing @ https://ir.ebaystatic.com/rs/c/globalheaderweb/index_lcNW.5e957a01.js:0
[    1307ms] [WARNING] Header: trk missing @ https://ir.ebaystatic.com/rs/c/globalheaderweb/index_lcNW.5e957a01.js:0
[    1309ms] [WARNING] Header: trk missing @ https://ir.ebaystatic.com/rs/c/globalheaderweb/index_lcNW.5e957a01.js:0
[    1916ms] [LOG] done @ https://www.ebay.com/itm/156945510496:4
[    2849ms] [WARNING] [GSI_LOGGER]: Your client application may not display Google One Tap when FedCM becomes mandatory. Opt-in to FedCM to test that you have the proper cross-origin permission policy set up. Ignore this message if One Tap is displayed after opt-in to FedCM. Learn more: (https://developers.google.com/identity/gsi/web/guides/fedcm-migration?s=dc#cross_origin) @ https://accounts.google.com/gsi/client:86
[    2849ms] [WARNING] [GSI_LOGGER]: Your client application uses one of the Google One Tap prompt UI status methods that may stop functioning when FedCM becomes mandatory. Refer to the migration guide to update your code accordingly and opt-in to FedCM to test your changes. Learn more: https://developers.google.com/identity/gsi/web/guides/fedcm-migration?s=dc#display_moment and https://developers.google.com/identity/gsi/web/guides/fedcm-migration?s=dc#skipped_moment @ https://accounts.google.com/gsi/client:86
[    2886ms] [ERROR] Not signed in with the identity provider. @ https://secureir.ebaystatic.com/cr/v/c01/yolo_fedcm_itp_latest.html?d=d&privacy=https%3A%2F%2Fpages.ebay.com%2Fhelp%2Fpolicies%2Fprivacy-policy.html&tos=https%3A%2F%2Fpages.ebay.com%2Fhelp%2Fpolicies%2Fuser-agreement.html:0
[    3696ms] [ERROR] Failed to load resource: net::ERR_FAILED @ chrome-extension://invalid/:0
[    4222ms] [ERROR] Failed to load resource: net::ERR_FAILED @ chrome-extension://invalid/:0
[    7902ms] [WARNING] WARNING: Too many active WebGL contexts. Oldest context will be lost. @ https://src.ebay-us.com/Ofmso_sgEs08vpHp?cff354f133d74117=T5ZhIhZi7KMfo-pdVlBcXljeEAo6EN6cj9jK_D2b8Y7cjX1ERi93cMTzoxrqE17AWi9q6cAMjMG_GWI6qEUyIP5xVhaZPaUd1YQUbhPfiksZjGKi7VQGWMdLnQTiI2QKyCVpuonlagT8OXI3LugI8gaRIifOL8mXBbTegIN9i83VKriJGrJnUOUziyGOcams_j4Sx-GMIyuYkwxbhpDqCg4&jb=3e3d26266a736d773d4d6163266a716d3f4d616b2530304d512730325825303239385f31355f35246a7362753d436a706d6d652e6a71623f416a706d6d65273038393532:864
[    9026ms] [WARNING] The resource https://ir.ebaystatic.com/rs/c/deviceassurancewebapp/cdn/miscbundle.C1FLaznK.min.js was preloaded using link preload but not used within a few seconds from the window's load event. Please make sure it has an appropriate `as` value and it is preloaded intentionally. @ https://signin.ebay.com/signin/id:0
[    9027ms] [WARNING] The resource https://ir.ebaystatic.com/rs/c/deviceassurancewebapp/cdn/graphicsbundle.h-CjlxKA.min.js was preloaded using link preload but not used within a few seconds from the window's load event. Please make sure it has an appropriate `as` value and it is preloaded intentionally. @ https://signin.ebay.com/signin/id:0
[    9027ms] [WARNING] The resource https://ir.ebaystatic.com/rs/c/deviceassurancewebapp/cdn/detectionbundle.DF4z2xwe.min.js was preloaded using link preload but not used within a few seconds from the window's load event. Please make sure it has an appropriate `as` value and it is preloaded intentionally. @ https://signin.ebay.com/signin/id:0
[    9027ms] [WARNING] The resource https://ir.ebaystatic.com/rs/c/deviceassurancewebapp/cdn/corebundle.DTMO0Ww3.min.js was preloaded using link preload but not used within a few seconds from the window's load event. Please make sure it has an appropriate `as` value and it is preloaded intentionally. @ https://signin.ebay.com/signin/id:0
[    9027ms] [WARNING] The resource https://ir.ebaystatic.com/rs/c/deviceassurancewebapp/cdn/storagebundle.DuECm4aS.min.js was preloaded using link preload but not used within a few seconds from the window's load event. Please make sure it has an appropriate `as` value and it is preloaded intentionally. @ https://signin.ebay.com/signin/id:0
[    9027ms] [WARNING] The resource https://ir.ebaystatic.com/rs/c/deviceassurancewebapp/cdn/hardwarebundle.CwSJsZGc.min.js was preloaded using link preload but not used within a few seconds from the window's load event. Please make sure it has an appropriate `as` value and it is preloaded intentionally. @ https://signin.ebay.com/signin/id:0
[    9027ms] [WARNING] The resource https://ir.ebaystatic.com/rs/c/deviceassurancewebapp/cdn/mediabundle.DHkOqCCK.min.js was preloaded using link preload but not used within a few seconds from the window's load event. Please make sure it has an appropriate `as` value and it is preloaded intentionally. @ https://signin.ebay.com/signin/id:0
[    9027ms] [WARNING] The resource https://ir.ebaystatic.com/rs/c/deviceassurancewebapp/cdn/securitybundle.B6Lj1NHj.min.js was preloaded using link preload but not used within a few seconds from the window's load event. Please make sure it has an appropriate `as` value and it is preloaded intentionally. @ https://signin.ebay.com/signin/id:0
[    9027ms] [WARNING] The resource https://ir.ebaystatic.com/rs/c/deviceassurancewebapp/cdn/browserbundle.BPphx7oi.min.js was preloaded using link preload but not used within a few seconds from the window's load event. Please make sure it has an appropriate `as` value and it is preloaded intentionally. @ https://signin.ebay.com/signin/id:0
[   10815ms] [ERROR] [GSI_LOGGER]: FedCM get() rejects with NetworkError: Error retrieving a token. @ https://accounts.google.com/gsi/client:87
[   10820ms] [LOG] Meter provider shut down successfully @ https://ir.ebaystatic.com/cr/ebay-rum/cdn-assets/metrics.ed70fadb94ca65e9d402.bundle.js:0
