[    2327ms] [ERROR] Failed to load resource: net::ERR_TRUST_TOKEN_OPERATION_FAILED @ https://www.amazon.com/tt/i:0
[    2479ms] [ERROR] Failed to load resource: the server responded with a status of 404 () @ https://www.amazon.com/gp/product/ajax/billOfMaterial?ref=bom_pw_initialLoad&viewID=billOfMaterial-primary-widget&bomPageNum=1&searchTerm=&_=1788988361337:0
[    3017ms] [LOG] [NoriLogger] Initialized successfully @ https://m.media-amazon.com/images/I/B1CFOoWlT0L.js:0
[    3024ms] [LOG] [NoriLogger] Initialized successfully @ https://m.media-amazon.com/images/I/B1CFOoWlT0L.js:0
[    3032ms] [ERROR] [SushiLogger] Logger not initialized, performance not logged for: asinImageRender @ https://m.media-amazon.com/images/I/B1CFOoWlT0L.js:0
[    6190ms] [WARNING] Unrecognized feature: 'attribution-reporting'. @ https://m.media-amazon.com/images/I/21vARlfe4pL._RC%7C11WTF6kPMoL.js_.js?AUIClients/ARARegisterTriggerSubAssets-dpv:4
[   16160ms] [WARNING] The resource https://m.media-amazon.com/images/I/51V1l-Z7zqL.js?AUIClients/ was preloaded using link preload but not used within a few seconds from the window's load event. Please make sure it has an appropriate `as` value and it is preloaded intentionally. @ https://www.amazon.com/dp/B0DV1WGZ3S:0
[   16160ms] [WARNING] The resource https://m.media-amazon.com/images/I/61lGvbxWIUL.js?AUIClients/ was preloaded using link preload but not used within a few seconds from the window's load event. Please make sure it has an appropriate `as` value and it is preloaded intentionally. @ https://www.amazon.com/dp/B0DV1WGZ3S:0
[   16160ms] [WARNING] The resource https://m.media-amazon.com/images/I/119lYNyqoQL.js?AUIClients/ was preloaded using link preload but not used within a few seconds from the window's load event. Please make sure it has an appropriate `as` value and it is preloaded intentionally. @ https://www.amazon.com/dp/B0DV1WGZ3S:0
[   16160ms] [WARNING] The resource https://m.media-amazon.com/images/I/3191ejuFnBL.js?AUIClients/ was preloaded using link preload but not used within a few seconds from the window's load event. Please make sure it has an appropriate `as` value and it is preloaded intentionally. @ https://www.amazon.com/dp/B0DV1WGZ3S:0
[   16160ms] [WARNING] The resource https://m.media-amazon.com/images/I/51S-qOAsDtL.js?AUIClients/ was preloaded using link preload but not used within a few seconds from the window's load event. Please make sure it has an appropriate `as` value and it is preloaded intentionally. @ https://www.amazon.com/dp/B0DV1WGZ3S:0
[   16160ms] [WARNING] The resource https://m.media-amazon.com/images/I/31lqqqMDjxL.js?AUIClients/ was preloaded using link preload but not used within a few seconds from the window's load event. Please make sure it has an appropriate `as` value and it is preloaded intentionally. @ https://www.amazon.com/dp/B0DV1WGZ3S:0
[   16160ms] [WARNING] The resource https://m.media-amazon.com/images/S/sash/OntO6zBhENc9rLf.js#sfClientUrl was preloaded using link preload but not used within a few seconds from the window's load event. Please make sure it has an appropriate `as` value and it is preloaded intentionally. @ https://www.amazon.com/dp/B0DV1WGZ3S:0
[   16160ms] [WARNING] The resource https://m.media-amazon.com/images/S/sash/sidzLMZIty5Ciqe.html#sfClientHtmlUrl was preloaded using link preload but not used within a few seconds from the window's load event. Please make sure it has an appropriate `as` value and it is preloaded intentionally. @ https://www.amazon.com/dp/B0DV1WGZ3S:0
[   16160ms] [WARNING] The resource https://m.media-amazon.com/images/I/61n4ZyS8spL._RC%7C81QrR5UkbfL.js,31jsB13JlVL.js_.js?AUIClients/ was preloaded using link preload but not used within a few seconds from the window's load event. Please make sure it has an appropriate `as` value and it is preloaded intentionally. @ https://www.amazon.com/dp/B0DV1WGZ3S:0
[   22780ms] [WARNING] The resource https://m.media-amazon.com/images/I/51V1l-Z7zqL.js?AUIClients/ was preloaded using link preload but not used within a few seconds from the window's load event. Please make sure it has an appropriate `as` value and it is preloaded intentionally. @ https://www.amazon.com/dp/B0DV1WGZ3S:0
[   22780ms] [WARNING] The resource https://m.media-amazon.com/images/I/61lGvbxWIUL.js?AUIClients/ was preloaded using link preload but not used within a few seconds from the window's load event. Please make sure it has an appropriate `as` value and it is preloaded intentionally. @ https://www.amazon.com/dp/B0DV1WGZ3S:0
[   22780ms] [WARNING] The resource https://m.media-amazon.com/images/I/119lYNyqoQL.js?AUIClients/ was preloaded using link preload but not used within a few seconds from the window's load event. Please make sure it has an appropriate `as` value and it is preloaded intentionally. @ https://www.amazon.com/dp/B0DV1WGZ3S:0
[   22780ms] [WARNING] The resource https://m.media-amazon.com/images/I/3191ejuFnBL.js?AUIClients/ was preloaded using link preload but not used within a few seconds from the window's load event. Please make sure it has an appropriate `as` value and it is preloaded intentionally. @ https://www.amazon.com/dp/B0DV1WGZ3S:0
[   22780ms] [WARNING] The resource https://m.media-amazon.com/images/I/51S-qOAsDtL.js?AUIClients/ was preloaded using link preload but not used within a few seconds from the window's load event. Please make sure it has an appropriate `as` value and it is preloaded intentionally. @ https://www.amazon.com/dp/B0DV1WGZ3S:0
[   22780ms] [WARNING] The resource https://m.media-amazon.com/images/I/31lqqqMDjxL.js?AUIClients/ was preloaded using link preload but not used within a few seconds from the window's load event. Please make sure it has an appropriate `as` value and it is preloaded intentionally. @ https://www.amazon.com/dp/B0DV1WGZ3S:0
[   22780ms] [WARNING] The resource https://m.media-amazon.com/images/S/sash/OntO6zBhENc9rLf.js#sfClientUrl was preloaded using link preload but not used within a few seconds from the window's load event. Please make sure it has an appropriate `as` value and it is preloaded intentionally. @ https://www.amazon.com/dp/B0DV1WGZ3S:0
[   22780ms] [WARNING] The resource https://m.media-amazon.com/images/S/sash/sidzLMZIty5Ciqe.html#sfClientHtmlUrl was preloaded using link preload but not used within a few seconds from the window's load event. Please make sure it has an appropriate `as` value and it is preloaded intentionally. @ https://www.amazon.com/dp/B0DV1WGZ3S:0
[   22780ms] [WARNING] The resource https://m.media-amazon.com/images/I/61n4ZyS8spL._RC%7C81QrR5UkbfL.js,31jsB13JlVL.js_.js?AUIClients/ was preloaded using link preload but not used within a few seconds from the window's load event. Please make sure it has an appropriate `as` value and it is preloaded intentionally. @ https://www.amazon.com/dp/B0DV1WGZ3S:0
