[     799ms] [LOG] [NoriLogger] Initialized successfully @ https://m.media-amazon.com/images/I/B1CFOoWlT0L.js:0
[     809ms] [ERROR] [SushiLogger] Logger not initialized, performance not logged for: asinImageRender @ https://m.media-amazon.com/images/I/B1CFOoWlT0L.js:0
[     810ms] [ERROR] [NoriLogger] [WARN] DSPClientStrategy NoriLogger: Timer for fontsRender already exists. @ https://m.media-amazon.com/images/I/B1CFOoWlT0L.js:0
[     810ms] [ERROR] [NoriLogger] [WARN] DSPClientStrategy NoriLogger: Timer for fontsRender already exists. @ https://m.media-amazon.com/images/I/B1CFOoWlT0L.js:0
[     819ms] [LOG] [NoriLogger] Initialized successfully @ https://m.media-amazon.com/images/I/B1CFOoWlT0L.js:0
[     824ms] [ERROR] [NoriLogger] [WARN] DSPClientStrategy NoriLogger: Timer for fontsRender already exists. @ https://m.media-amazon.com/images/I/B1CFOoWlT0L.js:0
[     825ms] [ERROR] [NoriLogger] [WARN] DSPClientStrategy NoriLogger: Timer for fontsRender already exists. @ https://m.media-amazon.com/images/I/B1CFOoWlT0L.js:0
[     829ms] [ERROR] [NoriLogger] [WARN] DSPClientStrategy NoriLogger: Timer for gridBuilderBuyBoxRender already exists. @ https://m.media-amazon.com/images/I/B1CFOoWlT0L.js:0
[     879ms] [WARNING] No client strategy found. Metrics will not be enabled. @ https://m.media-amazon.com/images/I/A1Cr1DuwcUL.js:27
[    1820ms] [LOG] [NoriLogger] Initialized successfully @ https://m.media-amazon.com/images/I/B1CFOoWlT0L.js:0
[    1832ms] [ERROR] [NoriLogger] [WARN] DSPClientStrategy NoriLogger: Timer for fontsRender already exists. @ https://m.media-amazon.com/images/I/B1CFOoWlT0L.js:0
[    1833ms] [ERROR] [NoriLogger] [WARN] DSPClientStrategy NoriLogger: Timer for fontsRender already exists. @ https://m.media-amazon.com/images/I/B1CFOoWlT0L.js:0
[    1851ms] [LOG] [NoriLogger] Initialized successfully @ https://m.media-amazon.com/images/I/B1CFOoWlT0L.js:0
[    1862ms] [LOG] [NoriLogger] Initialized successfully @ https://m.media-amazon.com/images/I/B1CFOoWlT0L.js:0
[    1874ms] [ERROR] [NoriLogger] [WARN] DSPClientStrategy NoriLogger: Timer for fontsRender already exists. @ https://m.media-amazon.com/images/I/B1CFOoWlT0L.js:0
[    1875ms] [ERROR] [NoriLogger] [WARN] DSPClientStrategy NoriLogger: Timer for fontsRender already exists. @ https://m.media-amazon.com/images/I/B1CFOoWlT0L.js:0
[    1877ms] [ERROR] [SushiLogger] Logger not initialized, performance not logged for: asinImageRender @ https://m.media-amazon.com/images/I/B1CFOoWlT0L.js:0
[    1878ms] [ERROR] Failed to load resource: net::ERR_TRUST_TOKEN_OPERATION_FAILED @ https://www.amazon.com/tt/i:0
[    2052ms] [ERROR] Failed to load resource: the server responded with a status of 404 () @ https://www.amazon.com/gp/product/ajax/billOfMaterial?ref=bom_pw_initialLoad&viewID=billOfMaterial-primary-widget&bomPageNum=1&searchTerm=&_=1788997995224:0
[    3979ms] [WARNING] Unrecognized feature: 'attribution-reporting'. @ https://m.media-amazon.com/images/I/21vARlfe4pL._RC%7C11WTF6kPMoL.js_.js?AUIClients/ARARegisterTriggerSubAssets-dpv:4
