[     261ms] [VERBOSE] Rendering was performed in a subtree hidden by content-visibility. @ https://www.bing.com/images/search?q=%22all+will+be+one%22+bundle+box+empty+card+storage+box+elesh+norn:6
[     262ms] [VERBOSE] Rendering was performed in a subtree hidden by content-visibility. @ https://www.bing.com/images/search?q=%22all+will+be+one%22+bundle+box+empty+card+storage+box+elesh+norn:6
[     262ms] [VERBOSE] Rendering was performed in a subtree hidden by content-visibility. @ https://www.bing.com/images/search?q=%22all+will+be+one%22+bundle+box+empty+card+storage+box+elesh+norn:6
[     262ms] [VERBOSE] Rendering was performed in a subtree hidden by content-visibility. @ https://www.bing.com/images/search?q=%22all+will+be+one%22+bundle+box+empty+card+storage+box+elesh+norn:6
[     262ms] [VERBOSE] Rendering was performed in a subtree hidden by content-visibility. @ https://www.bing.com/images/search?q=%22all+will+be+one%22+bundle+box+empty+card+storage+box+elesh+norn:6
[     559ms] [ERROR] Permissions policy violation: unload is not allowed in this document. @ https://www.bing.com/images/search?q=%22all+will+be+one%22+bundle+box+empty+card+storage+box+elesh+norn:6
[     593ms] [ERROR] Permissions policy violation: unload is not allowed in this document. @ https://www.bing.com/images/search?q=%22all+will+be+one%22+bundle+box+empty+card+storage+box+elesh+norn:6
[     595ms] [ERROR] Permissions policy violation: unload is not allowed in this document. @ https://www.bing.com/images/search?q=%22all+will+be+one%22+bundle+box+empty+card+storage+box+elesh+norn:6
[     595ms] [ERROR] Permissions policy violation: unload is not allowed in this document. @ https://www.bing.com/images/search?q=%22all+will+be+one%22+bundle+box+empty+card+storage+box+elesh+norn:6
[     595ms] [ERROR] Permissions policy violation: unload is not allowed in this document. @ https://www.bing.com/images/search?q=%22all+will+be+one%22+bundle+box+empty+card+storage+box+elesh+norn:6
[     596ms] [ERROR] Permissions policy violation: unload is not allowed in this document. @ https://www.bing.com/images/search?q=%22all+will+be+one%22+bundle+box+empty+card+storage+box+elesh+norn:6
[     596ms] [ERROR] Permissions policy violation: unload is not allowed in this document. @ https://www.bing.com/images/search?q=%22all+will+be+one%22+bundle+box+empty+card+storage+box+elesh+norn:6
[     596ms] [ERROR] Permissions policy violation: unload is not allowed in this document. @ https://www.bing.com/images/search?q=%22all+will+be+one%22+bundle+box+empty+card+storage+box+elesh+norn:6
[     596ms] [ERROR] Permissions policy violation: unload is not allowed in this document. @ https://www.bing.com/images/search?q=%22all+will+be+one%22+bundle+box+empty+card+storage+box+elesh+norn:6
[    1694ms] [WARNING] An iframe which has both allow-scripts and allow-same-origin for its sandbox attribute can escape its sandboxing. @ about:blank:0
[    2012ms] [WARNING] Header: trk missing @ https://ir.ebaystatic.com/rs/c/globalheaderweb/index_lcNW.5e957a01.js:0
[    2444ms] [WARNING] Header: trk missing @ https://ir.ebaystatic.com/rs/c/globalheaderweb/index_lcNW.5e957a01.js:0
[    2444ms] [WARNING] Header: trk missing @ https://ir.ebaystatic.com/rs/c/globalheaderweb/index_lcNW.5e957a01.js:0
[    2446ms] [WARNING] Header: trk missing @ https://ir.ebaystatic.com/rs/c/globalheaderweb/index_lcNW.5e957a01.js:0
[    2455ms] [LOG] done @ https://www.ebay.com/itm/406151943005:4
[    2908ms] [ERROR] Failed to load resource: net::ERR_FAILED @ chrome-extension://invalid/:0
[    2948ms] [ERROR] Failed to load resource: net::ERR_FAILED @ chrome-extension://invalid/:0
[    4366ms] [WARNING] An iframe which has both allow-scripts and allow-same-origin for its sandbox attribute can escape its sandboxing. @ about:blank:0
[    4737ms] [WARNING] Header: trk missing @ https://ir.ebaystatic.com/rs/c/globalheaderweb/index_lcNW.5e957a01.js:0
[    4773ms] Identifier 'thisScriptSrc' has already been declared
[    4987ms] [LOG] {h: 453, w: 1099} @ https://ir.ebaystatic.com/rs/c/r1vinode/item_evo-BlOUbTnD.js:7
[    5299ms] [WARNING] Header: trk missing @ https://ir.ebaystatic.com/rs/c/globalheaderweb/index_lcNW.5e957a01.js:0
[    5299ms] [WARNING] Header: trk missing @ https://ir.ebaystatic.com/rs/c/globalheaderweb/index_lcNW.5e957a01.js:0
[    5301ms] [WARNING] Header: trk missing @ https://ir.ebaystatic.com/rs/c/globalheaderweb/index_lcNW.5e957a01.js:0
[    5315ms] [LOG] done @ https://www.ebay.com/itm/317024957594:4
[    5920ms] [ERROR] Failed to load resource: net::ERR_FAILED @ chrome-extension://invalid/:0
[    5934ms] [ERROR] Failed to load resource: net::ERR_FAILED @ chrome-extension://invalid/:0
[    7293ms] [WARNING] An iframe which has both allow-scripts and allow-same-origin for its sandbox attribute can escape its sandboxing. @ about:blank:0
[    7503ms] [WARNING] Header: trk missing @ https://ir.ebaystatic.com/rs/c/globalheaderweb/index_lcNW.5e957a01.js:0
[    7553ms] [LOG] {h: 592, w: 1099} @ https://ir.ebaystatic.com/rs/c/r1vinode/item_evo-BlOUbTnD.js:7
[    7553ms] [LOG] {h: 592, w: 1099} @ https://ir.ebaystatic.com/rs/c/r1vinode/item_evo-BlOUbTnD.js:7
[    7696ms] [WARNING] Header: trk missing @ https://ir.ebaystatic.com/rs/c/globalheaderweb/index_lcNW.5e957a01.js:0
[    7696ms] [WARNING] Header: trk missing @ https://ir.ebaystatic.com/rs/c/globalheaderweb/index_lcNW.5e957a01.js:0
[    7698ms] [WARNING] Header: trk missing @ https://ir.ebaystatic.com/rs/c/globalheaderweb/index_lcNW.5e957a01.js:0
[    8260ms] [LOG] done @ https://www.ebay.com/itm/405906796561:4
[    8315ms] [ERROR] Failed to load resource: net::ERR_FAILED @ chrome-extension://invalid/:0
[    8325ms] [ERROR] Failed to load resource: net::ERR_FAILED @ chrome-extension://invalid/:0
[    9656ms] [ERROR] Failed to load resource: the server responded with a status of 404 () @ https://www.ebay.com/itm/156525161727:0
[    9667ms] [WARNING] An iframe which has both allow-scripts and allow-same-origin for its sandbox attribute can escape its sandboxing. @ about:blank:0
[   10112ms] [WARNING] Header: trk missing @ https://ir.ebaystatic.com/rs/c/globalheaderweb/index_lcNW.5e957a01.js:0
[   10151ms] [WARNING] Header: trk missing @ https://ir.ebaystatic.com/rs/c/globalheaderweb/index_lcNW.5e957a01.js:0
[   10151ms] [WARNING] Header: trk missing @ https://ir.ebaystatic.com/rs/c/globalheaderweb/index_lcNW.5e957a01.js:0
[   10152ms] [WARNING] Header: trk missing @ https://ir.ebaystatic.com/rs/c/globalheaderweb/index_lcNW.5e957a01.js:0
[   10481ms] [LOG] done @ https://www.ebay.com/itm/156525161727:4
[   10862ms] [ERROR] Failed to load resource: net::ERR_FAILED @ chrome-extension://invalid/:0
[   10867ms] [ERROR] Failed to load resource: net::ERR_FAILED @ chrome-extension://invalid/:0
