[     922ms] [WARNING] Mixed Content: The page at 'https://www.magicspoiler.com/mtg-news/dragons-tarkir-packaging/' was loaded over HTTPS, but requested an insecure element 'http://www.magicspoiler.com/wp-content/uploads/2015/03/Dragons-of-Tarkir-Booster-5.png'. This request was automatically upgraded to HTTPS, For more information see https://blog.chromium.org/2019/10/no-more-mixed-messages-about-https.html @ https://www.magicspoiler.com/mtg-news/dragons-tarkir-packaging/:0
[     922ms] [WARNING] Mixed Content: The page at 'https://www.magicspoiler.com/mtg-news/dragons-tarkir-packaging/' was loaded over HTTPS, but requested an insecure element 'http://www.magicspoiler.com/wp-content/uploads/2015/03/Dragons-of-Tarkir-Booster-4.png'. This request was automatically upgraded to HTTPS, For more information see https://blog.chromium.org/2019/10/no-more-mixed-messages-about-https.html @ https://www.magicspoiler.com/mtg-news/dragons-tarkir-packaging/:0
[     922ms] [WARNING] Mixed Content: The page at 'https://www.magicspoiler.com/mtg-news/dragons-tarkir-packaging/' was loaded over HTTPS, but requested an insecure element 'http://www.magicspoiler.com/wp-content/uploads/2015/03/Dragons-of-Tarkir-Booster-3.png'. This request was automatically upgraded to HTTPS, For more information see https://blog.chromium.org/2019/10/no-more-mixed-messages-about-https.html @ https://www.magicspoiler.com/mtg-news/dragons-tarkir-packaging/:0
[     953ms] [WARNING] Mixed Content: The page at 'https://www.magicspoiler.com/mtg-news/dragons-tarkir-packaging/' was loaded over HTTPS, but requested an insecure element 'http://www.magicspoiler.com/wp-content/uploads/2015/03/Dragons-of-Tarkir-Booster-5.png'. This request was automatically upgraded to HTTPS, For more information see https://blog.chromium.org/2019/10/no-more-mixed-messages-about-https.html @ https://www.magicspoiler.com/mtg-news/dragons-tarkir-packaging/:256
[     954ms] [WARNING] Mixed Content: The page at 'https://www.magicspoiler.com/mtg-news/dragons-tarkir-packaging/' was loaded over HTTPS, but requested an insecure element 'http://www.magicspoiler.com/wp-content/uploads/2015/03/Dragons-of-Tarkir-Booster-4.png'. This request was automatically upgraded to HTTPS, For more information see https://blog.chromium.org/2019/10/no-more-mixed-messages-about-https.html @ https://www.magicspoiler.com/mtg-news/dragons-tarkir-packaging/:256
[     954ms] [WARNING] Mixed Content: The page at 'https://www.magicspoiler.com/mtg-news/dragons-tarkir-packaging/' was loaded over HTTPS, but requested an insecure element 'http://www.magicspoiler.com/wp-content/uploads/2015/03/Dragons-of-Tarkir-Booster-3.png'. This request was automatically upgraded to HTTPS, For more information see https://blog.chromium.org/2019/10/no-more-mixed-messages-about-https.html @ https://www.magicspoiler.com/mtg-news/dragons-tarkir-packaging/:256
[     954ms] [WARNING] Mixed Content: The page at 'https://www.magicspoiler.com/mtg-news/dragons-tarkir-packaging/' was loaded over HTTPS, but requested an insecure element 'http://www.magicspoiler.com/wp-content/uploads/2015/03/Dragons-of-Tarkir-Booster-2.png'. This request was automatically upgraded to HTTPS, For more information see https://blog.chromium.org/2019/10/no-more-mixed-messages-about-https.html @ https://www.magicspoiler.com/mtg-news/dragons-tarkir-packaging/:256
[     954ms] [WARNING] Mixed Content: The page at 'https://www.magicspoiler.com/mtg-news/dragons-tarkir-packaging/' was loaded over HTTPS, but requested an insecure element 'http://www.magicspoiler.com/wp-content/uploads/2015/03/Dragons-of-Tarkir-Booster-1.png'. This request was automatically upgraded to HTTPS, For more information see https://blog.chromium.org/2019/10/no-more-mixed-messages-about-https.html @ https://www.magicspoiler.com/mtg-news/dragons-tarkir-packaging/:256
[     954ms] [WARNING] Mixed Content: The page at 'https://www.magicspoiler.com/mtg-news/dragons-tarkir-packaging/' was loaded over HTTPS, but requested an insecure element 'http://www.magicspoiler.com/wp-content/uploads/2015/03/Dragons-of-Tarkir-Booster-Box.png'. This request was automatically upgraded to HTTPS, For more information see https://blog.chromium.org/2019/10/no-more-mixed-messages-about-https.html @ https://www.magicspoiler.com/mtg-news/dragons-tarkir-packaging/:256
[     954ms] [WARNING] Mixed Content: The page at 'https://www.magicspoiler.com/mtg-news/dragons-tarkir-packaging/' was loaded over HTTPS, but requested an insecure element 'http://www.magicspoiler.com/wp-content/uploads/2015/03/Dragons-of-Tarkir-Fat-Pack.png'. This request was automatically upgraded to HTTPS, For more information see https://blog.chromium.org/2019/10/no-more-mixed-messages-about-https.html @ https://www.magicspoiler.com/mtg-news/dragons-tarkir-packaging/:256
[     954ms] [WARNING] Mixed Content: The page at 'https://www.magicspoiler.com/mtg-news/dragons-tarkir-packaging/' was loaded over HTTPS, but requested an insecure element 'http://www.magicspoiler.com/wp-content/uploads/2015/03/Dragons-of-Tarkir-Products-615x652.png'. This request was automatically upgraded to HTTPS, For more information see https://blog.chromium.org/2019/10/no-more-mixed-messages-about-https.html @ https://www.magicspoiler.com/mtg-news/dragons-tarkir-packaging/:256
[    1384ms] [LOG] Use DISQUS.reset instead of reloading embed.js please. @ https://magicspoiler.disqus.com/embed.js:51
[    1384ms] [LOG] See https://help.disqus.com/customer/portal/articles/472107-using-disqus-on-ajax-sites @ https://magicspoiler.disqus.com/embed.js:51
[    1489ms] [WARNING] fun-hooks: referenced 'firstPartyData' but it was never created @ https://s.nitropay.com/ads-698.js:1
[    1940ms] Uncaught (in promise) NotSupportedError: Failed to execute 'browsingTopics' on 'Document': document.browsingTopics() is deprecated and has been removed.
    at <anonymous> (https://s.nitropay.com/ads-698.js:1:517363)
    at 6864 (https://s.nitropay.com/ads-698.js:1:517476)
    at __webpack_require__ (https://s.nitropay.com/ads-698.js:1:749963)
    at <anonymous> (https://s.nitropay.com/ads-698.js:1:756209)
    at <anonymous> (https://s.nitropay.com/ads-698.js:1:756788)
[    2034ms] [INFO] NitroAds: Loaded.  Version: 20260909 33b8ac6, Geo: US MO Timeout: 1200. @ https://s.nitropay.com/ads-698.js:1
[    2080ms] [INFO] NitroAds: Ad Unit: MS Header D, display, 01a08812-5267-7365-8667-3ea91c34013c @ https://s.nitropay.com/ads-698.js:1
[    2080ms] [INFO] NitroAds: Ad Unit: MS 1 600S__0, display, 01a08812-5268-74f8-95c7-02f5d6757648 @ https://s.nitropay.com/ads-698.js:1
[    2162ms] [WARNING] [GPT] PubAdsService.disableInitialLoad is deprecated, use googletag.setConfig({disableInitialLoad: ...}) instead.
https://goo.gle/gpt-message#170 @ https://securepubads.g.doubleclick.net/pagead/managed/js/gpt/m202609040101/pubads_impl.js:18
[    2291ms] Uncaught (in promise) NotSupportedError: Failed to execute 'browsingTopics' on 'Document': document.browsingTopics() is deprecated and has been removed.
    at initTopics (https://c.disquscdn.com/next/embed/lounge.bundle.7f21ab1c601ae726335d27912834559e.js:17:18452)
    at initialize (https://c.disquscdn.com/next/embed/lounge.bundle.7f21ab1c601ae726335d27912834559e.js:16:15716)
    at b.View (https://c.disquscdn.com/next/embed/common.bundle.712217b7f5a618b8bc684129c2acd47a.js:4:9101)
    at J.d (https://c.disquscdn.com/next/embed/common.bundle.712217b7f5a618b8bc684129c2acd47a.js:4:16005)
    at init (https://c.disquscdn.com/next/embed/lounge.bundle.7f21ab1c601ae726335d27912834559e.js:17:19623)
    at h (https://c.disquscdn.com/next/embed/common.bundle.712217b7f5a618b8bc684129c2acd47a.js:8:31158)
    at execCb (https://c.disquscdn.com/next/embed/common.bundle.712217b7f5a618b8bc684129c2acd47a.js:0:12896)
    at check (https://c.disquscdn.com/next/embed/common.bundle.712217b7f5a618b8bc684129c2acd47a.js:0:6632)
    at <anonymous> (https://c.disquscdn.com/next/embed/common.bundle.712217b7f5a618b8bc684129c2acd47a.js:0:9053)
    at <anonymous> (https://c.disquscdn.com/next/embed/common.bundle.712217b7f5a618b8bc684129c2acd47a.js:0:813)
    at <anonymous> (https://c.disquscdn.com/next/embed/common.bundle.712217b7f5a618b8bc684129c2acd47a.js:0:9514)
    at each (https://c.disquscdn.com/next/embed/common.bundle.712217b7f5a618b8bc684129c2acd47a.js:0:288)
    at emit (https://c.disquscdn.com/next/embed/common.bundle.712217b7f5a618b8bc684129c2acd47a.js:0:9482)
    at check (https://c.disquscdn.com/next/embed/common.bundle.712217b7f5a618b8bc684129c2acd47a.js:0:7191)
    at enable (https://c.disquscdn.com/next/embed/common.bundle.712217b7f5a618b8bc684129c2acd47a.js:0:9380)
    at init (https://c.disquscdn.com/next/embed/common.bundle.712217b7f5a618b8bc684129c2acd47a.js:0:5737)
    at o (https://c.disquscdn.com/next/embed/common.bundle.712217b7f5a618b8bc684129c2acd47a.js:0:4303)
    at completeLoad (https://c.disquscdn.com/next/embed/common.bundle.712217b7f5a618b8bc684129c2acd47a.js:0:12125)
    at onScriptLoad (https://c.disquscdn.com/next/embed/common.bundle.712217b7f5a618b8bc684129c2acd47a.js:0:13051)
[    3421ms] [WARNING] [Audigent] script has already been initialised. Skip further execution @ https://cdn.hadronid.net/hadron.js?partner_id=720&sync=1&url=https%3A%2F%2Fwww.magicspoiler.com%2Fmtg-news%2Fdragons-tarkir-packaging%2F:0
[    3421ms] [WARNING] [Audigent] script has already been initialised. Skip further execution @ https://cdn.hadronid.net/hadron.js?partner_id=720&sync=1&url=https%3A%2F%2Fwww.magicspoiler.com%2Fmtg-news%2Fdragons-tarkir-packaging%2F:0
[    3432ms] [WARNING] Unrecognized feature: 'attribution-reporting'. @ https://p.ad.gt/api/v1/p/720:0
[    3472ms] [WARNING] [Audigent] script has already been initialised. Skip further execution @ https://cdn.hadronid.net/hadron.js?partner_id=720&sync=1&url=https%3A%2F%2Fwww.magicspoiler.com%2Fmtg-news%2Fdragons-tarkir-packaging%2F:0
[    3473ms] [WARNING] Unrecognized feature: 'attribution-reporting'. @ https://p.ad.gt/api/v1/p/720:0
[    3573ms] [INFO] Loading the script 'https://www.gstatic.com/_/mss/boq-identity/_/js/k=boq-identity.IdpIFrameHttp.en_US.b7EW6aViK3U.2018.O/am=BECAAQ/d=1/rs=AOaEmlEpSQYVpIqopuJVfRGESkwc2mgW0Q/m=base' violates the following Content Security Policy directive: "script-src 'unsafe-inline' 'unsafe-eval' blob: data:". Note that 'script-src-elem' was not explicitly set, so 'script-src' is used as a fallback. The policy is report-only, so the violation has been logged but no further action has been taken. @ https://accounts.google.com/o/oauth2/iframe#origin=https%3A%2F%2Fdisqus.com&rpcToken=643488437.0416625&clearCache=1&supportBlocked3PCookies=1:0
[    3710ms] [WARNING] Unrecognized feature: 'attribution-reporting'. @ https://p.ad.gt/api/v1/p/720:0
[    3847ms] [WARNING] Your client application uses libraries for user authentication or authorization that are deprecated. See the [Migration Guide](https://developers.google.com/identity/gsi/web/guides/gis-migration) for more information. @ https://c.disquscdn.com/next/embed/common.bundle.712217b7f5a618b8bc684129c2acd47a.js:6
[    4360ms] [WARNING] [Meta Pixel] - Duplicate Pixel ID: 1444191539742058. @ https://connect.facebook.net/en_US/fbevents.js:201
[    4604ms] [ERROR] Failed to load resource: the server responded with a status of 404 () @ https://zm.rqtrk.eu/mw?zpartnerid=1353&env=mWeb&env=mWeb&eventType=map&id_mid_4=85a2342d-6a49-4fe6-5672-cd049b2bae16&reqId=3f872b61-309b-496b-55c9-5fae6b0a835e&zdid=2124:0
[    5254ms] [WARNING] Unrecognized feature: 'attribution-reporting'. @ https://www.googletagservices.com/dcm/impl_v106.js:110
[    6242ms] [TIMEEND] a: 0.005126953125 ms @ https://static.adsafeprotected.com/sca.17.6.4.js:31
[    6818ms] [ERROR] Failed to load resource: net::ERR_NAME_NOT_RESOLVED @ https://cs.lkqd.net/cs?partnerId=109&partnerUserId=dcb33886c7&gdpr=0&gdpr_consent=:0
[    7412ms] [ERROR] Failed to load resource: the server responded with a status of 424 (Failed Dependency) @ https://t.adx.opera.com/pub/sync?pubid=pub10101531197440&gdpr=1&gdpr_consent=:0
[    7791ms] [ERROR] Failed to load resource: the server responded with a status of 400 (Bad Request) @ https://match.prod.bidr.io/cookie-sync/rp?bee_sync_partners=rp&gdpr_consent=1---:0
[    7412ms] [ERROR] Failed to load resource: the server responded with a status of 424 (Failed Dependency) @ https://t.adx.opera.com/pub/sync?pubid=pub10101531197440&gdpr=1&gdpr_consent=:0
[    7412ms] [ERROR] Failed to load resource: the server responded with a status of 424 (Failed Dependency) @ https://t.adx.opera.com/pub/sync?pubid=pub10101531197440&gdpr=1&gdpr_consent=:0
[    7412ms] [ERROR] Failed to load resource: the server responded with a status of 424 (Failed Dependency) @ https://t.adx.opera.com/pub/sync?pubid=pub10101531197440&gdpr=1&gdpr_consent=:0
[    7412ms] [ERROR] Failed to load resource: the server responded with a status of 424 (Failed Dependency) @ https://t.adx.opera.com/pub/sync?pubid=pub10101531197440&gdpr=1&gdpr_consent=:0
[    7791ms] [ERROR] Failed to load resource: the server responded with a status of 400 (Bad Request) @ https://match.prod.bidr.io/cookie-sync/rp?bee_sync_partners=rp&gdpr_consent=1---:0
[   36265ms] [TIMEEND] a: 0 ms @ https://static.adsafeprotected.com/sca.17.6.4.js:31
[   36611ms] [DIR] SyntaxError @ https://js.ad-score.com/score.min.js?pid=1000925&tt=g:1
[   67359ms] [DIR] SyntaxError @ https://js.ad-score.com/score.min.js?pid=1000925&tt=g:1
[   67424ms] [TIMEEND] a: 0.005859375 ms @ https://static.adsafeprotected.com/sca.17.6.4.js:31
[    7791ms] [ERROR] Failed to load resource: the server responded with a status of 400 (Bad Request) @ https://match.prod.bidr.io/cookie-sync/rp?bee_sync_partners=rp&gdpr_consent=1---:0
[    7412ms] [ERROR] Failed to load resource: the server responded with a status of 424 (Failed Dependency) @ https://t.adx.opera.com/pub/sync?pubid=pub10101531197440&gdpr=1&gdpr_consent=:0
[  131137ms] [ERROR] Failed to load resource: net::ERR_NAME_NOT_RESOLVED @ https://cs.iqzone.com/570908b7e92df631fee32098aa272f7b.gif?puid=luijfGqhz%2FJBW%2BosbfRe0A%3D%3D&gdpr=&gdpr_consent=&ccpa=&coppa=&redir=https%3A%2F%2Fssc-cms.33across.com%2Fps%2F%3Fxi%3D145%26ts%3D1788989426118.6%26us_privacy%3D%26xu%3D%5BUID%5D%26gpp_sid%3D%26gpp%3D:0
[    7791ms] [ERROR] Failed to load resource: the server responded with a status of 400 (Bad Request) @ https://match.prod.bidr.io/cookie-sync/rp?bee_sync_partners=rp&gdpr_consent=1---:0
[  131967ms] [DIR] SyntaxError @ https://js.ad-score.com/score.min.js?pid=1000925&tt=g:1
[  132023ms] [ERROR] Refused to execute script from 'https://ipds.adrta.com/i?__x=GHKFJIEOLDGNCG@MPOLIHPNLOQGILINJHBIMNMNPPIIOFHG@LIKLJMHGGLJLPKMNMFQBFNPNOMNLILGJHAGKQGKKQFKEGQMJLOGFH@INMOQNOIGOGGICFAE@H&clid=opx&paid=sc&avid=537073277&caid=537096182&publisherId=564010823&plid=556717927&siteId=564010824&kv1=728x90&kv2=https%3A%2F%2Fwww.magicspoiler.com%2Fmtg-news%2Fdragons-tarkir-packaging%2F&kv4=136.34.76.29&kv5=1788989406&kv11=8025c155-8197-47dd-8745-cb66b5ec9abc&lineItemId=537123632&kv15=us&kv55=1.0,1!nitropay.com,621,1,,,!openx.com,564010823,1,8025c155-8197-47dd-8745-cb66b5ec9abc,,&kv10=&kv25=&kv26=MacOS&kv28=Apple&kv62=&kv63=&kv9=&kv13=&kv3=18940fd0-6ab7-4970-95e8-13ca2828890d&kv27=Mozilla%2F5.0+%28Macintosh%3B+Intel+Mac+OS+X+10_15_7%29+AppleWebKit%2F537.36+%28KHTML%2C+like+Gecko%29+Chrome%2F152.0.0.0+Safari%2F537.36&kv7=040762c5-8f84-45b0-af5f-1707685648e8&kv14=&kv16=39.19&kv17=-94.52&kv12=564010828&kv18=&kv19=&kv23=&kv24=Desktop_Display&cb=577704#opx' because its MIME type ('image/gif') is not executable. @ https://www.magicspoiler.com/mtg-news/dragons-tarkir-packaging/:0
[  132280ms] [TIMEEND] a: 0 ms @ https://static.adsafeprotected.com/sca.17.6.4.js:31
