[     756ms] [LOG] [NoriLogger] Initialized successfully @ https://m.media-amazon.com/images/I/B1CFOoWlT0L.js:0
[     798ms] [LOG] [NoriLogger] Initialized successfully @ https://m.media-amazon.com/images/I/B1CFOoWlT0L.js:0
[     821ms] [WARNING] No client strategy found. Metrics will not be enabled. @ https://m.media-amazon.com/images/I/A1Cr1DuwcUL.js:27
[     827ms] [ERROR] [NoriLogger] [WARN] DSPClientStrategy NoriLogger: Timer for fontsRender already exists. @ https://m.media-amazon.com/images/I/B1CFOoWlT0L.js:0
[     827ms] [ERROR] [NoriLogger] [WARN] DSPClientStrategy NoriLogger: Timer for fontsRender already exists. @ https://m.media-amazon.com/images/I/B1CFOoWlT0L.js:0
[     829ms] [ERROR] [SushiLogger] Logger not initialized, performance not logged for: asinImageRender @ https://m.media-amazon.com/images/I/B1CFOoWlT0L.js:0
[    1817ms] [LOG] [NoriLogger] Initialized successfully @ https://m.media-amazon.com/images/I/B1CFOoWlT0L.js:0
[    1834ms] [ERROR] [NoriLogger] [WARN] DSPClientStrategy NoriLogger: Timer for fontsRender already exists. @ https://m.media-amazon.com/images/I/B1CFOoWlT0L.js:0
[    1835ms] [ERROR] [NoriLogger] [WARN] DSPClientStrategy NoriLogger: Timer for fontsRender already exists. @ https://m.media-amazon.com/images/I/B1CFOoWlT0L.js:0
[    1843ms] [LOG] [NoriLogger] Initialized successfully @ https://m.media-amazon.com/images/I/B1CFOoWlT0L.js:0
[    1864ms] [LOG] [NoriLogger] Initialized successfully @ https://m.media-amazon.com/images/I/B1CFOoWlT0L.js:0
[    1868ms] [ERROR] [NoriLogger] [WARN] DSPClientStrategy NoriLogger: Timer for fontsRender already exists. @ https://m.media-amazon.com/images/I/B1CFOoWlT0L.js:0
[    1870ms] [ERROR] [NoriLogger] [WARN] DSPClientStrategy NoriLogger: Timer for fontsRender already exists. @ https://m.media-amazon.com/images/I/B1CFOoWlT0L.js:0
[    1870ms] [ERROR] [SushiLogger] Logger not initialized, performance not logged for: asinImageRender @ https://m.media-amazon.com/images/I/B1CFOoWlT0L.js:0
[    1876ms] [ERROR] [NoriLogger] [WARN] DSPClientStrategy NoriLogger: Timer for fontsRender already exists. @ https://m.media-amazon.com/images/I/B1CFOoWlT0L.js:0
[    1876ms] [ERROR] [NoriLogger] [WARN] DSPClientStrategy NoriLogger: Timer for fontsRender already exists. @ https://m.media-amazon.com/images/I/B1CFOoWlT0L.js:0
[    1890ms] [ERROR] Failed to load resource: net::ERR_TRUST_TOKEN_OPERATION_FAILED @ https://www.amazon.com/tt/i:0
[    2021ms] [ERROR] Failed to load resource: the server responded with a status of 404 () @ https://www.amazon.com/gp/product/ajax/billOfMaterial?ref=bom_pw_initialLoad&viewID=billOfMaterial-primary-widget&bomPageNum=1&searchTerm=&_=1788998111444:0
[    3937ms] [WARNING] Unrecognized feature: 'attribution-reporting'. @ https://m.media-amazon.com/images/I/21vARlfe4pL._RC%7C11WTF6kPMoL.js_.js?AUIClients/ARARegisterTriggerSubAssets-dpv:4
[   14913ms] [WARNING] The resource https://m.media-amazon.com/images/I/51V1l-Z7zqL.js?AUIClients/ was preloaded using link preload but not used within a few seconds from the window's load event. Please make sure it has an appropriate `as` value and it is preloaded intentionally. @ https://www.amazon.com/dp/B08WDY7SBG:0
[   14914ms] [WARNING] The resource https://m.media-amazon.com/images/I/61lGvbxWIUL.js?AUIClients/ was preloaded using link preload but not used within a few seconds from the window's load event. Please make sure it has an appropriate `as` value and it is preloaded intentionally. @ https://www.amazon.com/dp/B08WDY7SBG:0
[   14914ms] [WARNING] The resource https://m.media-amazon.com/images/I/119lYNyqoQL.js?AUIClients/ was preloaded using link preload but not used within a few seconds from the window's load event. Please make sure it has an appropriate `as` value and it is preloaded intentionally. @ https://www.amazon.com/dp/B08WDY7SBG:0
[   14914ms] [WARNING] The resource https://m.media-amazon.com/images/I/51S-qOAsDtL.js?AUIClients/ was preloaded using link preload but not used within a few seconds from the window's load event. Please make sure it has an appropriate `as` value and it is preloaded intentionally. @ https://www.amazon.com/dp/B08WDY7SBG:0
[   14914ms] [WARNING] The resource https://m.media-amazon.com/images/I/61ZB6N1Gi+L._RC%7C01zCndFsf4L.js,019K6hE9zSL.js,01edGJjT5SL.js,3191ejuFnBL.js_.js?AUIClients/ was preloaded using link preload but not used within a few seconds from the window's load event. Please make sure it has an appropriate `as` value and it is preloaded intentionally. @ https://www.amazon.com/dp/B08WDY7SBG:0
[   14914ms] [WARNING] The resource https://m.media-amazon.com/images/I/31lqqqMDjxL.js?AUIClients/ was preloaded using link preload but not used within a few seconds from the window's load event. Please make sure it has an appropriate `as` value and it is preloaded intentionally. @ https://www.amazon.com/dp/B08WDY7SBG:0
[   14914ms] [WARNING] The resource https://m.media-amazon.com/images/S/sash/OntO6zBhENc9rLf.js#sfClientUrl was preloaded using link preload but not used within a few seconds from the window's load event. Please make sure it has an appropriate `as` value and it is preloaded intentionally. @ https://www.amazon.com/dp/B08WDY7SBG:0
[   14914ms] [WARNING] The resource https://m.media-amazon.com/images/S/sash/sidzLMZIty5Ciqe.html#sfClientHtmlUrl was preloaded using link preload but not used within a few seconds from the window's load event. Please make sure it has an appropriate `as` value and it is preloaded intentionally. @ https://www.amazon.com/dp/B08WDY7SBG:0
[   14914ms] [WARNING] The resource https://m.media-amazon.com/images/I/61n4ZyS8spL._RC%7C81QrR5UkbfL.js,31jsB13JlVL.js_.js?AUIClients/ was preloaded using link preload but not used within a few seconds from the window's load event. Please make sure it has an appropriate `as` value and it is preloaded intentionally. @ https://www.amazon.com/dp/B08WDY7SBG:0
[   22414ms] [WARNING] The resource https://m.media-amazon.com/images/I/51V1l-Z7zqL.js?AUIClients/ was preloaded using link preload but not used within a few seconds from the window's load event. Please make sure it has an appropriate `as` value and it is preloaded intentionally. @ https://www.amazon.com/dp/B08WDY7SBG:0
[   22414ms] [WARNING] The resource https://m.media-amazon.com/images/I/61lGvbxWIUL.js?AUIClients/ was preloaded using link preload but not used within a few seconds from the window's load event. Please make sure it has an appropriate `as` value and it is preloaded intentionally. @ https://www.amazon.com/dp/B08WDY7SBG:0
[   22414ms] [WARNING] The resource https://m.media-amazon.com/images/I/119lYNyqoQL.js?AUIClients/ was preloaded using link preload but not used within a few seconds from the window's load event. Please make sure it has an appropriate `as` value and it is preloaded intentionally. @ https://www.amazon.com/dp/B08WDY7SBG:0
[   22414ms] [WARNING] The resource https://m.media-amazon.com/images/I/51S-qOAsDtL.js?AUIClients/ was preloaded using link preload but not used within a few seconds from the window's load event. Please make sure it has an appropriate `as` value and it is preloaded intentionally. @ https://www.amazon.com/dp/B08WDY7SBG:0
[   22414ms] [WARNING] The resource https://m.media-amazon.com/images/I/61ZB6N1Gi+L._RC%7C01zCndFsf4L.js,019K6hE9zSL.js,01edGJjT5SL.js,3191ejuFnBL.js_.js?AUIClients/ was preloaded using link preload but not used within a few seconds from the window's load event. Please make sure it has an appropriate `as` value and it is preloaded intentionally. @ https://www.amazon.com/dp/B08WDY7SBG:0
[   22414ms] [WARNING] The resource https://m.media-amazon.com/images/I/31lqqqMDjxL.js?AUIClients/ was preloaded using link preload but not used within a few seconds from the window's load event. Please make sure it has an appropriate `as` value and it is preloaded intentionally. @ https://www.amazon.com/dp/B08WDY7SBG:0
[   22414ms] [WARNING] The resource https://m.media-amazon.com/images/S/sash/OntO6zBhENc9rLf.js#sfClientUrl was preloaded using link preload but not used within a few seconds from the window's load event. Please make sure it has an appropriate `as` value and it is preloaded intentionally. @ https://www.amazon.com/dp/B08WDY7SBG:0
[   22414ms] [WARNING] The resource https://m.media-amazon.com/images/S/sash/sidzLMZIty5Ciqe.html#sfClientHtmlUrl was preloaded using link preload but not used within a few seconds from the window's load event. Please make sure it has an appropriate `as` value and it is preloaded intentionally. @ https://www.amazon.com/dp/B08WDY7SBG:0
[   22414ms] [WARNING] The resource https://m.media-amazon.com/images/I/61n4ZyS8spL._RC%7C81QrR5UkbfL.js,31jsB13JlVL.js_.js?AUIClients/ was preloaded using link preload but not used within a few seconds from the window's load event. Please make sure it has an appropriate `as` value and it is preloaded intentionally. @ https://www.amazon.com/dp/B08WDY7SBG:0
