streams 12
transitions per stream 
trans 1 hp the tick before the pools event: [1272, 1293, 1297, 1302, 1311, 1316, 1322, 1322, 1323, 1326, 1326, 1334] tiles 5:1 6:11
trans 2 hp the tick before the pools event: [1022, 1063, 1086, 1091, 1097, 1098, 1102, 1106, 1108, 1114, 1122, 1123] tiles 5:2 6:10
trans 3 hp the tick before the pools event: [687, 698, 701, 704, 705, 709, 736, 739, 739, 743, 743, 748] tiles 5:5 6:7
trans 4 hp the tick before the pools event: [326, 330, 330, 338, 352, 355, 357, 364, 366, 368, 373] tiles 5:4 6:7
trans 5 hp the tick before the pools event: [92, 101, 106, 119, 124, 144, 144, 145] tiles 5:5 6:3
trans 1 lag pools tick minus first tick hp<=1350: [1, 1, 1, 1, 2, 3, 3, 4, 4, 6, 6, 6]
trans 2 lag pools tick minus first tick hp<=1125: [1, 1, 2, 2, 3, 3, 3, 4, 4, 6, 10, 12]
trans 3 lag pools tick minus first tick hp<=750: [1, 2, 2, 2, 2, 3, 3, 3, 4, 5, 5, 7]
trans 4 lag pools tick minus first tick hp<=375: [2, 3, 3, 3, 3, 3, 4, 5, 5, 5, 6]
trans 5 lag pools tick minus first tick hp<=150: [1, 2, 2, 2, 2, 3, 5, 5]
laser events per phase index (0 scan 1 shot) {1: {0: 12, 1: 12}, 2: {0: 19, 1: 18}, 3: {0: 21, 1: 21}, 4: {0: 12, 1: 13}, 5: {0: 7, 1: 6}}
scan->shot by phase {1: '4:12', 2: '4:19', 3: '3:1 4:20', 4: '3:4 4:8', 5: '3:6'}
scan->scan gap by phase {2: '29:1 32:2 33:4 34:3 35:1 37:1 39:3 40:1 45:2 46:1', 3: '29:1 30:4 32:1 33:2 34:1 35:1 36:2 38:1 39:1 41:4 43:1 45:2', 4: '12:1 26:1 30:1 33:1 34:1 36:4 39:1 42:1 46:1', 5: '18:1 19:1 20:1 24:1 27:1 38:1 43:1'}
final phase (after 5th transition) pool gaps 3:4 6:1 events per stream [3, 1, 0, 2, 2, 0, 1, 2]
non-transition pool events by phase: tiles per event {3: '1:4 4:2', 4: '1:15 4:3', 5: '1:20'}
sol last hp,tick [(0, 209), (0, 202), (0, 258), (0, 215), (0, 225), (0, 213), (0, 223), (0, 251), (0, 208), (0, 254), (0, 237), (0, 210)] death []
first sol tick [6, 6, 6, 6, 6, 6, 6, 6, 6, 6, 6, 6]
12827 updates 0 spawned npc ids {12821: 12, 12824: 48, 12825: 1, 12815: 1}
---- part 2: single-tile pool cadence per phase, crystal spawn lag, wave end
single-tile pool gaps by phase {3: '3:3 48:1 5:1', 4: '3:11 6:2 7:2', 5: '3:10 6:2'}
single-tile pool events per stream per phase {0: [0, 0, 0, 0, 0, 0, 0, 0, 0, 0, 0, 0], 1: [0, 0, 0, 0, 0, 0, 0, 0, 0, 0, 0, 0], 2: [0, 0, 0, 0, 0, 0, 0, 0, 0, 0, 0, 0], 3: [0, 0, 0, 0, 0, 0, 0, 0, 0, 6, 0, 0], 4: [0, 0, 0, 0, 7, 0, 0, 0, 0, 0, 4, 7], 5: [4, 2, 1, 3, 0, 3, 2, 2, 3, 0, 0, 0]}
first single pool tick minus its phase's transition tick {3: [46], 4: [18, 26, 39], 5: [5, 5, 5, 6, 6, 7, 8, 8]}
crystal 12824 spawn tick minus phase's transition pools tick (phase index) {1: [1, 1, 1, 1, 1, 1, 1, 1, 1, 1, 1, 1], 2: [1, 1, 1, 1, 1, 1, 1, 1, 1, 1, 1, 1], 3: [1, 1, 1, 1, 1, 1, 1, 1, 1, 1, 1, 1, 47], 4: [1, 1, 1, 1, 1, 1, 1, 1, 1, 1, 1]}
last event tick, last transition tick [(209, 192), (202, 189), (258, 249), (215, 197), (225, 181), (213, 195), (223, 212), (251, 238), (208, 189), (254, 140), (237, 185), (210, 161)]
---- part 3: laser details
first scan tick minus first transition tick [9, 9, 9, 9, 9, 9, 9, 9, 9, 9, 10, 12]
(phase, scan->shot, ticks since this phase's transition, sol hp at scan) for phases 3-5: [(3, 3, 103, 54), (3, 4, 9, 620), (3, 4, 9, 673), (3, 4, 9, 694), (3, 4, 9, 704), (3, 4, 9, 707), (3, 4, 10, 661), (3, 4, 10, 724), (3, 4, 15, 576), (3, 4, 16, 738), (3, 4, 21, 569), (3, 4, 32, 418), (3, 4, 32, 472), (3, 4, 40, 449), (3, 4, 41, 444), (3, 4, 42, 449), (3, 4, 43, 397), (3, 4, 46, 422), (3, 4, 50, 390), (3, 4, 52, 400), (3, 4, 73, 254), (4, 3, 27, 94), (4, 3, 35, 65), (4, 3, 39, 25), (4, 3, 49, 10), (4, 4, 9, 236), (4, 4, 9, 280), (4, 4, 9, 305), (4, 4, 20, 199), (4, 4, 23, 170), (4, 4, 23, 191), (4, 4, 26, 274), (4, 4, 43, 166), (5, 3, 9, 18), (5, 3, 9, 26), (5, 3, 9, 56), (5, 3, 9, 56), (5, 3, 9, 67), (5, 3, 11, 50)]
---- part 4: by Sol hitpoints (hp<=150 = enrage), no transition detection
scan->shot by hp {'above': '4:59', 'enrage': '3:11'}
scan->next scan (gap>1) by hp {'above': '29:2 30:4 32:3 33:7 34:5 35:2 36:5 37:1 38:1 39:4 40:1 41:4 42:1 43:1 45:4 46:2', 'enrage': '12:1 18:1 19:1 20:1 24:1 26:1 27:1 30:1 36:1 38:1 39:1 43:1'}
enrage: first pools event minus first tick hp<=150 [1, 1, 2, 2, 2, 2, 3, 3, 5, 5, 7, 9] tiles of first 4:4 5:5 6:3
enrage: later pools events tiles 1:39 gaps between them 3:24 6:3 events per stream [5, 3, 2, 4, 7, 4, 3, 3, 4, 5, 4, 7]
