torirs: dat2 cache=/Users/matthewevers/Documents/git_repos/3draster/cache.osrs239 iface=161
torirs_perf: enabled (ring=2048 budget=20ms) csv=/Users/matthewevers/Documents/git_repos/3draster/tools/perf/results/19e81d70-ui.csv
audio: SDL_OpenAudioDevice: CoreAudio error (AudioDeviceGetProperty (kAudioDevicePropertyDeviceIsAlive)): 560947818
audio: no device; running silent
mock230: obj metadata loaded (33747 records from cache.osrs239, 53853 params in 1262 KB)
mock230: npc metadata loaded (16292 records from cache.osrs239, 29869 params in 700 KB)
mock230: sequence debug names loaded (0 named — falling back to pack/seq.pack, 14429 priorities)
mock230: loc configs loaded (62194 records from cache.osrs239; 1709 param rows in 41016 bytes, 30033 names in 565681 bytes, 17309 footprints in 138472 bytes, 8407 categories in 67256 bytes)
mock230: struct params loaded (3988 records from cache.osrs239, 20751 rows in 877 KB)
mock230: 2872 varp(s) carry varbits
mock230: varbit table loaded (19008 records from cache.osrs239)
mock230: 1117 param types from configs/all.param
mock230: content loaded (213776 symbols, 413 constants, 41 npc defs, 2204 loc defs, 60 varp defs, 1496 equip reqs (675 from the cache), 65 npc spawns, 12 obj spawns)
mock230: server band: npc.nomove stays text-loaded on 11 record(s) — the band has no wire for it
mock230: server band: npc.huntmode stays text-loaded on 10 record(s) — the band has no wire for it
mock230: server band loaded: 2975 archive(s) verified identical to the text parse and applied (817 overlay authored defs, 21 field value(s) text-only, 113 archive(s) over records the runtime never loads)
mock230: bank tables loaded (19008 varbits, bank=1410 slots)
Dat2SpriteLoadByName: archive 'mapfunction' not found in sprites table
Dat2SpriteLoadByName: archive 'hitmark' not found in sprites table
boot: 4773ms  frames=1 steps=245 capped=0
mock230: login user='testc' session=ok
mock230: 884 scripts loaded from OSRS-Content/osrs239-content/server/scripts/build
mock230: 3 engine fallback(s) still answer triggers content does not bind
mock230: scene built at zone 402,402 (base 3168,3168 — 8455 locs)
net: no decoder for wire opcode 108 (osrs230) — dropped
textures: sprite-backed system (no materials table)
Failed to load dat2 texture 65535
world_load: 9 chunks, 18 underlays, 33 overlays, 36 textures, 1472 locs, 1052 models, 33 seqs
Dat2SpriteLoadByName: archive 'mapfunction' not found in sprites table
Dat2SpriteLoadByName: archive 'hitmark' not found in sprites table
Dat2SpriteLoadByName: archive 'mapfunction' not found in sprites table
Dat2SpriteLoadByName: archive 'hitmark' not found in sprites table
Dat2SpriteLoadByName: archive 'mapfunction' not found in sprites table
Dat2SpriteLoadByName: archive 'hitmark' not found in sprites table
Dat2SpriteLoadByName: archive 'mapfunction' not found in sprites table
Dat2SpriteLoadByName: archive 'hitmark' not found in sprites table
Dat2SpriteLoadByName: archive 'mapfunction' not found in sprites table
Dat2SpriteLoadByName: archive 'hitmark' not found in sprites table
Dat2SpriteLoadByName: archive 'mapfunction' not found in sprites table
Dat2SpriteLoadByName: archive 'hitmark' not found in sprites table
Dat2SpriteLoadByName: archive 'mapfunction' not found in sprites table
Dat2SpriteLoadByName: archive 'hitmark' not found in sprites table
Dat2SpriteLoadByName: archive 'mapfunction' not found in sprites table
Dat2SpriteLoadByName: archive 'hitmark' not found in sprites table
Dat2SpriteLoadByName: archive 'mapfunction' not found in sprites table
Dat2SpriteLoadByName: archive 'hitmark' not found in sprites table
Dat2SpriteLoadByName: archive 'mapfunction' not found in sprites table
Dat2SpriteLoadByName: archive 'hitmark' not found in sprites table
Dat2SpriteLoadByName: archive 'mapfunction' not found in sprites table
Dat2SpriteLoadByName: archive 'hitmark' not found in sprites table
Dat2SpriteLoadByName: archive 'mapfunction' not found in sprites table
Dat2SpriteLoadByName: archive 'hitmark' not found in sprites table
Dat2SpriteLoadByName: archive 'mapfunction' not found in sprites table
Dat2SpriteLoadByName: archive 'hitmark' not found in sprites table
Dat2SpriteLoadByName: archive 'mapfunction' not found in sprites table
Dat2SpriteLoadByName: archive 'hitmark' not found in sprites table
Dat2SpriteLoadByName: archive 'mapfunction' not found in sprites table
Dat2SpriteLoadByName: archive 'hitmark' not found in sprites table
Dat2SpriteLoadByName: archive 'mapfunction' not found in sprites table
Dat2SpriteLoadByName: archive 'hitmark' not found in sprites table
Dat2SpriteLoadByName: archive 'mapfunction' not found in sprites table
Dat2SpriteLoadByName: archive 'hitmark' not found in sprites table
Dat2SpriteLoadByName: archive 'mapfunction' not found in sprites table
Dat2SpriteLoadByName: archive 'hitmark' not found in sprites table
Dat2SpriteLoadByName: archive 'mapfunction' not found in sprites table
Dat2SpriteLoadByName: archive 'hitmark' not found in sprites table
Dat2SpriteLoadByName: archive 'mapfunction' not found in sprites table
Dat2SpriteLoadByName: archive 'hitmark' not found in sprites table
Dat2SpriteLoadByName: archive 'mapfunction' not found in sprites table
Dat2SpriteLoadByName: archive 'hitmark' not found in sprites table
Dat2SpriteLoadByName: archive 'mapfunction' not found in sprites table
Dat2SpriteLoadByName: archive 'hitmark' not found in sprites table
Dat2SpriteLoadByName: archive 'mapfunction' not found in sprites table
Dat2SpriteLoadByName: archive 'hitmark' not found in sprites table
Dat2SpriteLoadByName: archive 'mapfunction' not found in sprites table
Dat2SpriteLoadByName: archive 'hitmark' not found in sprites table
Dat2SpriteLoadByName: archive 'mapfunction' not found in sprites table
Dat2SpriteLoadByName: archive 'hitmark' not found in sprites table
Failed to load dat2 idk 307
spawn_player: element=59751 tile=84,84 level=0
spawn_npc: npc=3111 element=59752 tile=90,84 level=0 size=1 recolors=3 retextures=0
spawn_npc: npc=3106 element=59753 tile=90,84 level=0 size=1 recolors=4 retextures=0
spawn_npc: npc=3105 element=59754 tile=90,84 level=0 size=1 recolors=6 retextures=0
spawn_npc: npc=3108 element=59755 tile=90,84 level=0 size=1 recolors=2 retextures=0
spawn_npc: npc=5007 element=59756 tile=90,84 level=0 size=1 recolors=0 retextures=0
spawn_npc: npc=10619 element=59757 tile=90,84 level=0 size=1 recolors=5 retextures=0
spawn_npc: npc=13618 element=59758 tile=90,84 level=0 size=1 recolors=6 retextures=0
spawn_npc: npc=0 element=59759 tile=90,84 level=0 size=1 recolors=0 retextures=0
spawn_npc: npc=6773 element=59760 tile=90,84 level=0 size=1 recolors=6 retextures=0
spawn_npc: npc=3254 element=59761 tile=90,84 level=0 size=1 recolors=3 retextures=0
spawn_npc: npc=3254 element=59762 tile=90,84 level=0 size=1 recolors=3 retextures=0
spawn_npc: npc=6816 element=59763 tile=90,84 level=0 size=1 recolors=3 retextures=0
post-boot: busy_frames=0 busy_steps=0 (frames that used the whole budget with work still queued)

=== torirs_perf report ===
frames=900 ring=900 over_20ms=14 (1.6%) eff_fps=59.2
frame_ns mean=16902951 p50=7356000 p95=8213000 max=4773247000  (budget=20000000)

stage           mean_ns     p50_ns     p95_ns     max_ns
async            284766      66000     304000   88059000
logic           5067611     167000     452000 1347433000
cs2             4926174          0     277000 1347172000
layout           141504          0     520000     847000
interact          19590      21000      29000      41000
emit             337526     384000     455000     609000
paint            742493     861000     929000    1046000
build            742626     861000     930000    1047000
render          2951190    3390000    3707000    6200000
present          229973     228000     247000     369000
residual        1459498  (frame_mean - attributed stages)

counter                                 total    per_frame
uitree_find_id                         610822       678.69
uitree_find_id_probes                 1719064      1910.07
uitree_id_rebuild                          33         0.04
uitree_find_child                       25221        28.02
uitree_find_child_hit                   12916        14.35
uitree_find_child_ceil_miss             11755        13.06
uitree_walk_emit                      2206678      2451.86
uitree_walk_emit_drag                 2704577      3005.09
uitree_walk_hit                        551450       612.72
uitree_walk_hover                       85292        94.77
uitree_emit_skip                      4063497      4515.00
uitree_layout_resolve                    1552         1.72
uitree_layout_nodes                  10396771     11551.97
uitree_layout_depth_recompute             381         0.42
uitree_ensure_layout                    21024        23.36
uitree_cc_create                         7274         8.08
uitree_cc_delete                            3         0.00
uitree_cc_deleteall                       523         0.58
uitree_cc_deleteall_rows                 1829         2.03
uitree_apply_geo                        21237        23.60
uitree_apply_content                    23713        26.35
uitree_apply_hook                        5749         6.39
uitree_apply_other                     419562       466.18
uitree_components                     5459328      6065.92
uitree_capacity                       6338560      7042.84
uitree_free_list                         1458         1.62
uitree_node_bytes                 75504926720  83894363.02
cs2_scripts                             12295        13.66
cs2_opcodes                           2114029      2348.92
cs2_host_ops                           285896       317.66
cs2_cycles                            2114029      2348.92
cs2_vm_acquire                          10240        11.38
cs2_vm_pool_hit                         10238        11.38
cs2_vm_pool_miss                            2         0.00
cs2_vm_init_ns                        6562000      7291.11
cache_model_hit                         24835        27.59
cache_model_miss                         2193         2.44
cache_sprite_hit                         2477         2.75
cache_sprite_miss                         911         1.01

torirs_perf: wrote /Users/matthewevers/Documents/git_repos/3draster/tools/perf/results/19e81d70-ui.csv
=== end torirs_perf ===

app: map archives are unencrypted at this revision
app: cache profile epoch=dat2 game=oldschool revision=239 quirks=none
varbit load: 20411 types (19008 records, ids 0..20410)
hitsplat load: 83 types (83 records)
InterfaceOpen done: iface=161 pack_components=99 tree_components=1068 onloads=6 inv_hooks=0 var_hooks=8 mounts=0
