torirs: dat2 cache=/Users/matthewevers/Documents/git_repos/3draster/cache.osrs239 iface=161
torirs_perf: enabled (ring=2048 budget=20ms) csv=/Users/matthewevers/Documents/git_repos/3draster/tools/perf/results/19e81d70-idle.csv
audio: SDL_OpenAudioDevice: CoreAudio error (AudioDeviceGetProperty (kAudioDevicePropertyDeviceIsAlive)): 560947818
audio: no device; running silent
torirsserver: obj metadata loaded (33747 records from cache.osrs239, 53853 params in 1262 KB)
torirsserver: npc metadata loaded (16292 records from cache.osrs239, 29869 params in 700 KB)
torirsserver: sequence debug names loaded (0 named — falling back to pack/seq.pack, 14429 priorities)
torirsserver: loc configs loaded (62194 records from cache.osrs239; 1709 param rows in 41016 bytes, 30033 names in 565681 bytes, 17309 footprints in 138472 bytes, 8407 categories in 67256 bytes)
torirsserver: struct params loaded (3988 records from cache.osrs239, 20751 rows in 877 KB)
torirsserver: 2872 varp(s) carry varbits
torirsserver: varbit table loaded (19008 records from cache.osrs239)
torirsserver: 1117 param types from configs/all.param
torirsserver: content loaded (213776 symbols, 413 constants, 41 npc defs, 2204 loc defs, 60 varp defs, 1496 equip reqs (675 from the cache), 65 npc spawns, 12 obj spawns)
torirsserver: server band: npc.nomove stays text-loaded on 11 record(s) — the band has no wire for it
torirsserver: server band: npc.huntmode stays text-loaded on 10 record(s) — the band has no wire for it
torirsserver: server band loaded: 2975 archive(s) verified identical to the text parse and applied (817 overlay authored defs, 21 field value(s) text-only, 113 archive(s) over records the runtime never loads)
torirsserver: bank tables loaded (19008 varbits, bank=1410 slots)
Dat2SpriteLoadByName: archive 'mapfunction' not found in sprites table
Dat2SpriteLoadByName: archive 'hitmark' not found in sprites table
boot: 4943ms  frames=1 steps=245 capped=0
torirsserver: login user='testc' session=ok
torirsserver: 884 scripts loaded from OSRS-Content/osrs239-content/server/scripts/build
torirsserver: 3 engine fallback(s) still answer triggers content does not bind
torirsserver: scene built at zone 402,402 (base 3168,3168 — 8455 locs)
net: no decoder for wire opcode 108 (osrs230) — dropped
textures: sprite-backed system (no materials table)
Failed to load dat2 texture 65535
world_load: 9 chunks, 18 underlays, 33 overlays, 36 textures, 1472 locs, 1052 models, 33 seqs
Dat2SpriteLoadByName: archive 'mapfunction' not found in sprites table
Dat2SpriteLoadByName: archive 'hitmark' not found in sprites table
Dat2SpriteLoadByName: archive 'mapfunction' not found in sprites table
Dat2SpriteLoadByName: archive 'hitmark' not found in sprites table
Dat2SpriteLoadByName: archive 'mapfunction' not found in sprites table
Dat2SpriteLoadByName: archive 'hitmark' not found in sprites table
Dat2SpriteLoadByName: archive 'mapfunction' not found in sprites table
Dat2SpriteLoadByName: archive 'hitmark' not found in sprites table
Dat2SpriteLoadByName: archive 'mapfunction' not found in sprites table
Dat2SpriteLoadByName: archive 'hitmark' not found in sprites table
Dat2SpriteLoadByName: archive 'mapfunction' not found in sprites table
Dat2SpriteLoadByName: archive 'hitmark' not found in sprites table
Dat2SpriteLoadByName: archive 'mapfunction' not found in sprites table
Dat2SpriteLoadByName: archive 'hitmark' not found in sprites table
Dat2SpriteLoadByName: archive 'mapfunction' not found in sprites table
Dat2SpriteLoadByName: archive 'hitmark' not found in sprites table
Dat2SpriteLoadByName: archive 'mapfunction' not found in sprites table
Dat2SpriteLoadByName: archive 'hitmark' not found in sprites table
Dat2SpriteLoadByName: archive 'mapfunction' not found in sprites table
Dat2SpriteLoadByName: archive 'hitmark' not found in sprites table
Dat2SpriteLoadByName: archive 'mapfunction' not found in sprites table
Dat2SpriteLoadByName: archive 'hitmark' not found in sprites table
Dat2SpriteLoadByName: archive 'mapfunction' not found in sprites table
Dat2SpriteLoadByName: archive 'hitmark' not found in sprites table
Dat2SpriteLoadByName: archive 'mapfunction' not found in sprites table
Dat2SpriteLoadByName: archive 'hitmark' not found in sprites table
Dat2SpriteLoadByName: archive 'mapfunction' not found in sprites table
Dat2SpriteLoadByName: archive 'hitmark' not found in sprites table
Dat2SpriteLoadByName: archive 'mapfunction' not found in sprites table
Dat2SpriteLoadByName: archive 'hitmark' not found in sprites table
Dat2SpriteLoadByName: archive 'mapfunction' not found in sprites table
Dat2SpriteLoadByName: archive 'hitmark' not found in sprites table
Dat2SpriteLoadByName: archive 'mapfunction' not found in sprites table
Dat2SpriteLoadByName: archive 'hitmark' not found in sprites table
Dat2SpriteLoadByName: archive 'mapfunction' not found in sprites table
Dat2SpriteLoadByName: archive 'hitmark' not found in sprites table
Dat2SpriteLoadByName: archive 'mapfunction' not found in sprites table
Dat2SpriteLoadByName: archive 'hitmark' not found in sprites table
Dat2SpriteLoadByName: archive 'mapfunction' not found in sprites table
Dat2SpriteLoadByName: archive 'hitmark' not found in sprites table
Dat2SpriteLoadByName: archive 'mapfunction' not found in sprites table
Dat2SpriteLoadByName: archive 'hitmark' not found in sprites table
Dat2SpriteLoadByName: archive 'mapfunction' not found in sprites table
Dat2SpriteLoadByName: archive 'hitmark' not found in sprites table
Dat2SpriteLoadByName: archive 'mapfunction' not found in sprites table
Dat2SpriteLoadByName: archive 'hitmark' not found in sprites table
Dat2SpriteLoadByName: archive 'mapfunction' not found in sprites table
Dat2SpriteLoadByName: archive 'hitmark' not found in sprites table
Dat2SpriteLoadByName: archive 'mapfunction' not found in sprites table
Dat2SpriteLoadByName: archive 'hitmark' not found in sprites table
Failed to load dat2 idk 307
spawn_player: element=59751 tile=84,84 level=0
spawn_npc: npc=3111 element=59752 tile=90,84 level=0 size=1 recolors=3 retextures=0
spawn_npc: npc=3106 element=59753 tile=90,84 level=0 size=1 recolors=4 retextures=0
spawn_npc: npc=3105 element=59754 tile=90,84 level=0 size=1 recolors=6 retextures=0
spawn_npc: npc=3108 element=59755 tile=90,84 level=0 size=1 recolors=2 retextures=0
spawn_npc: npc=5007 element=59756 tile=90,84 level=0 size=1 recolors=0 retextures=0
spawn_npc: npc=10619 element=59757 tile=90,84 level=0 size=1 recolors=5 retextures=0
spawn_npc: npc=13618 element=59758 tile=90,84 level=0 size=1 recolors=6 retextures=0
spawn_npc: npc=0 element=59759 tile=90,84 level=0 size=1 recolors=0 retextures=0
spawn_npc: npc=6773 element=59760 tile=90,84 level=0 size=1 recolors=6 retextures=0
spawn_npc: npc=3254 element=59761 tile=90,84 level=0 size=1 recolors=3 retextures=0
spawn_npc: npc=3254 element=59762 tile=90,84 level=0 size=1 recolors=3 retextures=0
spawn_npc: npc=6816 element=59763 tile=90,84 level=0 size=1 recolors=3 retextures=0
post-boot: busy_frames=0 busy_steps=0 (frames that used the whole budget with work still queued)

=== torirs_perf report ===
frames=900 ring=900 over_20ms=15 (1.7%) eff_fps=59.4
frame_ns mean=16838293 p50=7051000 p95=8246000 max=4942947000  (budget=20000000)

stage           mean_ns     p50_ns     p95_ns     max_ns
async            289424      91000     304000   86436000
logic           4968298     146000     474000 1314862000
cs2             4838940          0     296000 1314609000
layout           115392          0     428000     869000
interact          18206      17000      28000     100000
emit             326421     361000     451000     784000
paint            742447     845000     915000    1681000
build            742554     845000     915000    1681000
render          2876867    3252000    3639000    5224000
present          230590     226000     258000     364000
residual        1689154  (frame_mean - attributed stages)

counter                                 total    per_frame
uitree_find_id                         613658       681.84
uitree_find_id_probes                 1708552      1898.39
uitree_id_rebuild                          33         0.04
uitree_find_child                       25061        27.85
uitree_find_child_hit                   12861        14.29
uitree_find_child_ceil_miss             11650        12.94
uitree_walk_emit                      2238400      2487.11
uitree_walk_emit_drag                 2743449      3048.28
uitree_walk_hit                        558655       620.73
uitree_walk_hover                       85974        95.53
uitree_emit_skip                      4123358      4581.51
uitree_layout_resolve                    1551         1.72
uitree_layout_nodes                  10387273     11541.41
uitree_layout_depth_recompute             375         0.42
uitree_ensure_layout                    20695        22.99
uitree_cc_create                         7274         8.08
uitree_cc_delete                            3         0.00
uitree_cc_deleteall                       515         0.57
uitree_cc_deleteall_rows                 1829         2.03
uitree_apply_geo                        20476        22.75
uitree_apply_content                    22970        25.52
uitree_apply_hook                        5702         6.34
uitree_apply_other                     425022       472.25
uitree_components                     5536137      6151.26
uitree_capacity                       6428672      7142.97
uitree_free_list                         1434         1.59
uitree_node_bytes                 76578340864  85087045.40
cs2_scripts                             12113        13.46
cs2_opcodes                           2088672      2320.75
cs2_host_ops                           282763       314.18
cs2_cycles                            2088672      2320.75
cs2_vm_acquire                          10058        11.18
cs2_vm_pool_hit                         10056        11.17
cs2_vm_pool_miss                            2         0.00
cs2_vm_init_ns                        7384000      8204.44
cache_model_hit                         24835        27.59
cache_model_miss                         2193         2.44
cache_sprite_hit                         2475         2.75
cache_sprite_miss                         911         1.01

torirs_perf: wrote /Users/matthewevers/Documents/git_repos/3draster/tools/perf/results/19e81d70-idle.csv
=== end torirs_perf ===

app: map archives are unencrypted at this revision
app: cache profile epoch=dat2 game=oldschool revision=239 quirks=none
varbit load: 20411 types (19008 records, ids 0..20410)
hitsplat load: 83 types (83 records)
InterfaceOpen done: iface=161 pack_components=99 tree_components=1068 onloads=6 inv_hooks=0 var_hooks=8 mounts=0
