torirs: dat2 cache=/Users/matthewevers/Documents/git_repos/3draster/cache.osrs239 iface=161
torirs_perf: enabled (ring=2048 window=500 budget=20ms) csv=/Users/matthewevers/Documents/git_repos/3draster/tools/perf/results/52e742d8-drift.csv
audio: SDL_OpenAudioDevice: CoreAudio error (AudioDeviceGetProperty (kAudioDevicePropertyDeviceIsAlive)): 560947818
audio: no device; running silent
mock230: features era=osrs approach=rect op_nearest=10
mock230: obj metadata loaded (33747 records from cache.osrs239, 53853 params in 1262 KB)
mock230: npc metadata loaded (16292 records from cache.osrs239, 29869 params in 700 KB)
mock230: sequence debug names loaded (0 named — falling back to pack/seq.pack, 14429 priorities)
mock230: loc configs loaded (62194 records from cache.osrs239; 1709 param rows in 41016 bytes, 30033 names in 565681 bytes, 17309 footprints in 138472 bytes, 8407 categories in 67256 bytes)
mock230: struct params loaded (3988 records from cache.osrs239, 20751 rows in 877 KB)
mock230: 2872 varp(s) carry varbits
mock230: varbit table loaded (19008 records from cache.osrs239)
mock230: 1117 param types from configs/all.param
mock230: 5862 enums from configs/all.enum
mock230: content loaded (213779 symbols, 476 constants, 44 npc defs, 2204 loc defs, 199 varp defs, 1496 equip reqs (675 from the cache), 65 npc spawns, 12 obj spawns)
mock230: server band: npc.wanderrange stays text-loaded on 2 record(s) — the band has no wire for it
mock230: server band: npc.nomove stays text-loaded on 12 record(s) — the band has no wire for it
mock230: server band: npc.huntmode stays text-loaded on 10 record(s) — the band has no wire for it
mock230: server band loaded: 2975 archive(s) verified identical to the text parse and applied (817 overlay authored defs, 24 field value(s) text-only, 113 archive(s) over records the runtime never loads)
mock230: db tables loaded (257 tables, 15608 rows from cache.osrs239; 245 schema(s) installed, 15418 row(s) filled; 246 archive table(s), 16711 archive row(s))
mock230: bank tables loaded (19008 varbits, bank=1410 slots)
Dat2SpriteLoadByName: archive 'mapfunction' not found in sprites table
Dat2SpriteLoadByName: archive 'hitmark' not found in sprites table
boot: 5063ms  frames=1 steps=242 capped=0
mock230: login user='testc' session=ok
mock230: 1021 scripts loaded from OSRS-Content/osrs239-content/server/scripts/build
mock230: 3 engine fallback(s) still answer triggers content does not bind
mock230: scene built at zone 402,402 (base 3168,3168 — 8455 locs)
net: no decoder for wire opcode 108 (osrs230) — dropped
textures: sprite-backed system (no materials table)
Failed to load dat2 texture 65535
world_load: 9 chunks, 18 underlays, 33 overlays, 36 textures, 1472 locs, 1052 models, 33 seqs
painter_paint_bucket: draw box 25x25 has 0 visible tiles (cullspan=1 cullmap_radius=0) — world will be blank; set TORIRS_PAINTER_NOCULL=1 to recover
Dat2SpriteLoadByName: archive 'mapfunction' not found in sprites table
Dat2SpriteLoadByName: archive 'hitmark' not found in sprites table
Dat2SpriteLoadByName: archive 'mapfunction' not found in sprites table
Dat2SpriteLoadByName: archive 'hitmark' not found in sprites table
Dat2SpriteLoadByName: archive 'mapfunction' not found in sprites table
Dat2SpriteLoadByName: archive 'hitmark' not found in sprites table
Dat2SpriteLoadByName: archive 'mapfunction' not found in sprites table
Dat2SpriteLoadByName: archive 'hitmark' not found in sprites table
Dat2SpriteLoadByName: archive 'mapfunction' not found in sprites table
Dat2SpriteLoadByName: archive 'hitmark' not found in sprites table
Dat2SpriteLoadByName: archive 'mapfunction' not found in sprites table
Dat2SpriteLoadByName: archive 'hitmark' not found in sprites table
Dat2SpriteLoadByName: archive 'mapfunction' not found in sprites table
Dat2SpriteLoadByName: archive 'hitmark' not found in sprites table
Dat2SpriteLoadByName: archive 'mapfunction' not found in sprites table
Dat2SpriteLoadByName: archive 'hitmark' not found in sprites table
Dat2SpriteLoadByName: archive 'mapfunction' not found in sprites table
Dat2SpriteLoadByName: archive 'hitmark' not found in sprites table
Dat2SpriteLoadByName: archive 'mapfunction' not found in sprites table
Dat2SpriteLoadByName: archive 'hitmark' not found in sprites table
Dat2SpriteLoadByName: archive 'mapfunction' not found in sprites table
Dat2SpriteLoadByName: archive 'hitmark' not found in sprites table
Dat2SpriteLoadByName: archive 'mapfunction' not found in sprites table
Dat2SpriteLoadByName: archive 'hitmark' not found in sprites table
Dat2SpriteLoadByName: archive 'mapfunction' not found in sprites table
Dat2SpriteLoadByName: archive 'hitmark' not found in sprites table
Dat2SpriteLoadByName: archive 'mapfunction' not found in sprites table
Dat2SpriteLoadByName: archive 'hitmark' not found in sprites table
Dat2SpriteLoadByName: archive 'mapfunction' not found in sprites table
Dat2SpriteLoadByName: archive 'hitmark' not found in sprites table
Dat2SpriteLoadByName: archive 'mapfunction' not found in sprites table
Dat2SpriteLoadByName: archive 'hitmark' not found in sprites table
Dat2SpriteLoadByName: archive 'mapfunction' not found in sprites table
Dat2SpriteLoadByName: archive 'hitmark' not found in sprites table
Dat2SpriteLoadByName: archive 'mapfunction' not found in sprites table
Dat2SpriteLoadByName: archive 'hitmark' not found in sprites table
Dat2SpriteLoadByName: archive 'mapfunction' not found in sprites table
Dat2SpriteLoadByName: archive 'hitmark' not found in sprites table
Dat2SpriteLoadByName: archive 'mapfunction' not found in sprites table
Dat2SpriteLoadByName: archive 'hitmark' not found in sprites table
Dat2SpriteLoadByName: archive 'mapfunction' not found in sprites table
Dat2SpriteLoadByName: archive 'hitmark' not found in sprites table
Dat2SpriteLoadByName: archive 'mapfunction' not found in sprites table
Dat2SpriteLoadByName: archive 'hitmark' not found in sprites table
Dat2SpriteLoadByName: archive 'mapfunction' not found in sprites table
Dat2SpriteLoadByName: archive 'hitmark' not found in sprites table
Dat2SpriteLoadByName: archive 'mapfunction' not found in sprites table
Dat2SpriteLoadByName: archive 'hitmark' not found in sprites table
Dat2SpriteLoadByName: archive 'mapfunction' not found in sprites table
Dat2SpriteLoadByName: archive 'hitmark' not found in sprites table
Failed to load dat2 idk 307
spawn_player: element=59751 tile=84,84 level=0
spawn_npc: npc=3111 element=59752 tile=90,84 level=0 size=1 recolors=3 retextures=0
spawn_npc: npc=3106 element=59753 tile=90,84 level=0 size=1 recolors=4 retextures=0
spawn_npc: npc=3105 element=59754 tile=90,84 level=0 size=1 recolors=6 retextures=0
spawn_npc: npc=3108 element=59755 tile=90,84 level=0 size=1 recolors=2 retextures=0
spawn_npc: npc=5007 element=59756 tile=90,84 level=0 size=1 recolors=0 retextures=0
spawn_npc: npc=10619 element=59757 tile=90,84 level=0 size=1 recolors=5 retextures=0
spawn_npc: npc=13618 element=59758 tile=90,84 level=0 size=1 recolors=6 retextures=0
spawn_npc: npc=0 element=59759 tile=90,84 level=0 size=1 recolors=0 retextures=0
spawn_npc: npc=6773 element=59760 tile=90,84 level=0 size=1 recolors=6 retextures=0
spawn_npc: npc=3254 element=59761 tile=90,84 level=0 size=1 recolors=3 retextures=0
spawn_npc: npc=3254 element=59762 tile=90,84 level=0 size=1 recolors=3 retextures=0
spawn_npc: npc=6816 element=59763 tile=90,84 level=0 size=1 recolors=3 retextures=0
torirs_perf: window=500 writing /Users/matthewevers/Documents/git_repos/3draster/tools/perf/results/52e742d8-drift.csv.windows.csv
torirs_perf: window=0 frame_p95=4.50ms
torirs_perf: window=1 frame_p95=5.87ms
torirs_perf: window=2 frame_p95=4.58ms
torirs_perf: window=3 frame_p95=4.67ms
torirs_perf: window=4 frame_p95=4.60ms
spawn_npc: npc=3105 element=59752 tile=90,84 level=0 size=1 recolors=6 retextures=0
torirs_perf: window=5 frame_p95=4.80ms
torirs_perf: window=6 frame_p95=5.18ms
torirs_perf: window=7 frame_p95=4.81ms
torirs_perf: window=8 frame_p95=4.37ms
torirs_perf: window=9 frame_p95=4.75ms
spawn_npc: npc=3111 element=59754 tile=90,84 level=0 size=1 recolors=3 retextures=0
torirs_perf: window=10 frame_p95=4.30ms
torirs_perf: window=11 frame_p95=4.32ms
torirs_perf: window=12 frame_p95=4.62ms
torirs_perf: window=13 frame_p95=5.03ms
torirs_perf: window=14 frame_p95=4.12ms
torirs_perf: window=15 frame_p95=4.67ms
torirs_perf: window=16 frame_p95=4.60ms
torirs_perf: window=17 frame_p95=4.64ms
torirs_perf: window=18 frame_p95=5.14ms
torirs_perf: window=19 frame_p95=4.54ms
torirs_perf: window=20 frame_p95=7.28ms
torirs_perf: window=21 frame_p95=5.40ms
torirs_perf: window=22 frame_p95=5.43ms
torirs_perf: window=23 frame_p95=4.56ms
torirs_perf: window=24 frame_p95=4.46ms
torirs_perf: window=25 frame_p95=4.32ms
torirs_perf: window=26 frame_p95=4.63ms
torirs_perf: window=27 frame_p95=4.86ms
spawn_npc: npc=3105 element=59752 tile=90,84 level=0 size=1 recolors=6 retextures=0
torirs_perf: window=28 frame_p95=4.68ms
torirs_perf: window=29 frame_p95=4.23ms
torirs_perf: window=30 frame_p95=4.32ms
torirs_perf: window=31 frame_p95=4.87ms
torirs_perf: window=32 frame_p95=5.72ms
torirs_perf: window=33 frame_p95=4.23ms
torirs_perf: window=34 frame_p95=4.79ms
torirs_perf: window=35 frame_p95=4.93ms
torirs_perf: window=36 frame_p95=5.96ms
torirs_perf: window=37 frame_p95=4.46ms
torirs_perf: window=38 frame_p95=4.96ms
torirs_perf: window=39 frame_p95=6.28ms
torirs_perf: window=40 frame_p95=4.99ms
torirs_perf: window=41 frame_p95=4.80ms
spawn_npc: npc=5007 element=59752 tile=90,84 level=0 size=1 recolors=0 retextures=0
torirs_perf: window=42 frame_p95=4.92ms
torirs_perf: window=43 frame_p95=4.72ms
torirs_perf: window=44 frame_p95=4.52ms
torirs_perf: window=45 frame_p95=4.85ms
torirs_perf: window=46 frame_p95=4.34ms
torirs_perf: window=47 frame_p95=4.69ms
torirs_perf: window=48 frame_p95=4.22ms
torirs_perf: window=49 frame_p95=7.13ms
torirs_perf: window=50 frame_p95=4.98ms
spawn_npc: npc=3105 element=59754 tile=90,84 level=0 size=1 recolors=6 retextures=0
torirs_perf: window=51 frame_p95=5.56ms
torirs_perf: window=52 frame_p95=5.69ms
torirs_perf: window=53 frame_p95=5.16ms
torirs_perf: window=54 frame_p95=4.50ms
torirs_perf: window=55 frame_p95=4.87ms
torirs_perf: window=56 frame_p95=4.46ms
torirs_perf: window=57 frame_p95=4.48ms
torirs_perf: window=58 frame_p95=4.36ms
torirs_perf: window=59 frame_p95=4.47ms
torirs_perf: window=60 frame_p95=4.20ms
torirs_perf: window=61 frame_p95=4.78ms
torirs_perf: window=62 frame_p95=4.44ms
torirs_perf: window=63 frame_p95=4.11ms
torirs_perf: window=64 frame_p95=4.08ms
torirs_perf: window=65 frame_p95=4.62ms
torirs_perf: window=66 frame_p95=5.18ms
torirs_perf: window=67 frame_p95=4.18ms
torirs_perf: window=68 frame_p95=4.13ms
torirs_perf: window=69 frame_p95=4.63ms
torirs_perf: window=70 frame_p95=4.60ms
torirs_perf: window=71 frame_p95=5.03ms
torirs_perf: window=72 frame_p95=4.33ms
torirs_perf: window=73 frame_p95=5.52ms
torirs_perf: window=74 frame_p95=4.42ms
spawn_npc: npc=3105 element=59754 tile=90,84 level=0 size=1 recolors=6 retextures=0
torirs_perf: window=75 frame_p95=4.12ms
torirs_perf: window=76 frame_p95=4.09ms
torirs_perf: window=77 frame_p95=4.11ms
torirs_perf: window=78 frame_p95=5.24ms
torirs_perf: window=79 frame_p95=4.71ms
torirs_perf: window=80 frame_p95=4.32ms
torirs_perf: window=81 frame_p95=7.57ms
torirs_perf: window=82 frame_p95=4.39ms
torirs_perf: window=83 frame_p95=5.44ms
torirs_perf: window=84 frame_p95=4.62ms
torirs_perf: window=85 frame_p95=4.56ms
torirs_perf: window=86 frame_p95=4.85ms
torirs_perf: window=87 frame_p95=4.66ms
torirs_perf: window=88 frame_p95=4.26ms
post-boot: busy_frames=1 busy_steps=32 (frames that used the whole budget with work still queued)
torirs_perf: window=89 frame_p95=4.43ms

=== torirs_perf report ===
frames=45000 ring=2048 over_20ms=25 (0.1%) eff_fps=245.8
frame_ns mean=4068102 p50=4012000 p95=4588000 max=7724000  (budget=20000000)

stage           mean_ns     p50_ns     p95_ns     max_ns
async             55464       1000     222000     554000
logic            212139     182000     374000     630000
cs2               51095          0     223000     407000
layout               57          0       1000       1000
interact          17091      16000      26000      89000
emit             117618     107000     192000     336000
paint            332557     328000     370000     551000
build            332672     328000     370000     551000
render          2998413    2966000    3313000    4075000
present          137526     135000     151000     247000
server             2259       1000       3000     150000
residual        -188789  (frame_mean - attributed stages)

counter                                 total    per_frame
uitree_find_id                        1143955       558.57
uitree_find_id_probes                 2020610       986.63
uitree_find_child                       11920         5.82
uitree_find_child_hit                    3520         1.72
uitree_find_child_ceil_miss              8400         4.10
uitree_walk_emit                      5885952      2874.00
uitree_walk_hit                       1454080       710.00
uitree_walk_hover                      212992       104.00
uitree_emit_skip                      5578752      2724.00
uitree_layout_resolve                    1092         0.53
uitree_layout_skip                        546         0.27
uitree_layout_nodes                   3872232      1890.74
uitree_layout_node_skip               3870322      1889.81
uitree_layout_depth_recompute             546         0.27
uitree_ensure_layout                    31421        15.34
uitree_cc_deleteall                       546         0.27
uitree_apply_geo                        17343         8.47
uitree_apply_content                    13313         6.50
uitree_apply_hook                        1036         0.51
uitree_apply_other                    1027764       501.84
uitree_components                    14524416      7092.00
uitree_capacity                      16777216      8192.00
uitree_free_list                         6144         3.00
uitree_node_bytes                 28856811520  14090240.00
cs2_scripts                             16380         8.00
cs2_opcodes                           1488578       726.84
cs2_host_ops                           199078        97.21
cs2_cycles                            1488578       726.84
cs2_vm_acquire                          16380         8.00
cs2_vm_pool_hit                         16380         8.00
cs2_vm_init_ns                       12066000      5891.60
cs2_frame_pool_hit                      32086        15.67
cache_sprite_hit                            6         0.00
painter_pops                         17199104      8398.00
painter_gate_rejects                  7505920      3665.00
painter_pushes                       17199104      8398.00
painter_push_dedup                    7532544      3678.00
painter_drain_events                     8192         4.00
painter_commands                     11145216      5442.00
painter_tiles_remaining_set           8857600      4325.00
scene_elements                       32634966     15935.04
scene_anim_list                        168714        82.38
zone_map_count                         129024        63.00
zone_map_capacity                      524288       256.00
npc_slot_max                           133120        65.00
cache_model_size                       621894       303.66
cache_sprite_size                      303576       148.23

torirs_perf: wrote /Users/matthewevers/Documents/git_repos/3draster/tools/perf/results/52e742d8-drift.csv
=== end torirs_perf ===

app: map archives are unencrypted at this revision
app: cache profile epoch=dat2 game=oldschool revision=239 quirks=none
varbit load: 20411 types (19008 records, ids 0..20410)
hitsplat load: 83 types (83 records)
InterfaceOpen done: iface=161 pack_components=99 tree_components=1068 onloads=6 inv_hooks=0 var_hooks=8 mounts=0
