torirs: dat2 cache=/Users/matthewevers/Documents/git_repos/3draster/cache.osrs239 iface=161
torirs_perf: enabled (ring=2048 budget=20ms) csv=/Users/matthewevers/Documents/git_repos/3draster/tools/perf/results/61548478-ui.csv
audio: SDL_OpenAudioDevice: CoreAudio error (AudioDeviceGetProperty (kAudioDevicePropertyDeviceIsAlive)): 560947818
audio: no device; running silent
torirsserver: obj metadata loaded (33747 records from cache.osrs239, 53853 params in 1262 KB)
torirsserver: npc metadata loaded (16292 records from cache.osrs239, 29869 params in 700 KB)
torirsserver: sequence debug names loaded (0 named — falling back to pack/seq.pack, 14429 priorities)
torirsserver: loc configs loaded (62194 records from cache.osrs239; 1709 param rows in 41016 bytes, 30033 names in 565681 bytes, 17309 footprints in 138472 bytes, 8407 categories in 67256 bytes)
torirsserver: struct params loaded (3988 records from cache.osrs239, 20751 rows in 877 KB)
torirsserver: 2872 varp(s) carry varbits
torirsserver: varbit table loaded (19008 records from cache.osrs239)
torirsserver: 1117 param types from configs/all.param
torirsserver: content loaded (213776 symbols, 413 constants, 41 npc defs, 2204 loc defs, 60 varp defs, 1496 equip reqs (675 from the cache), 65 npc spawns, 12 obj spawns)
torirsserver: server band: npc.nomove stays text-loaded on 11 record(s) — the band has no wire for it
torirsserver: server band: npc.huntmode stays text-loaded on 10 record(s) — the band has no wire for it
torirsserver: server band loaded: 2975 archive(s) verified identical to the text parse and applied (817 overlay authored defs, 21 field value(s) text-only, 113 archive(s) over records the runtime never loads)
torirsserver: bank tables loaded (19008 varbits, bank=1410 slots)
Dat2SpriteLoadByName: archive 'mapfunction' not found in sprites table
Dat2SpriteLoadByName: archive 'hitmark' not found in sprites table
boot: 4507ms  frames=1 steps=242 capped=0
torirsserver: login user='testc' session=ok
torirsserver: 884 scripts loaded from OSRS-Content/osrs239-content/server/scripts/build
torirsserver: 3 engine fallback(s) still answer triggers content does not bind
torirsserver: scene built at zone 402,402 (base 3168,3168 — 8455 locs)
net: no decoder for wire opcode 108 (osrs230) — dropped
textures: sprite-backed system (no materials table)
Failed to load dat2 texture 65535
world_load: 9 chunks, 18 underlays, 33 overlays, 36 textures, 1472 locs, 1052 models, 33 seqs
Dat2SpriteLoadByName: archive 'mapfunction' not found in sprites table
Dat2SpriteLoadByName: archive 'hitmark' not found in sprites table
Dat2SpriteLoadByName: archive 'mapfunction' not found in sprites table
Dat2SpriteLoadByName: archive 'hitmark' not found in sprites table
Dat2SpriteLoadByName: archive 'mapfunction' not found in sprites table
Dat2SpriteLoadByName: archive 'hitmark' not found in sprites table
Dat2SpriteLoadByName: archive 'mapfunction' not found in sprites table
Dat2SpriteLoadByName: archive 'hitmark' not found in sprites table
Dat2SpriteLoadByName: archive 'mapfunction' not found in sprites table
Dat2SpriteLoadByName: archive 'hitmark' not found in sprites table
Dat2SpriteLoadByName: archive 'mapfunction' not found in sprites table
Dat2SpriteLoadByName: archive 'hitmark' not found in sprites table
Dat2SpriteLoadByName: archive 'mapfunction' not found in sprites table
Dat2SpriteLoadByName: archive 'hitmark' not found in sprites table
Dat2SpriteLoadByName: archive 'mapfunction' not found in sprites table
Dat2SpriteLoadByName: archive 'hitmark' not found in sprites table
Dat2SpriteLoadByName: archive 'mapfunction' not found in sprites table
Dat2SpriteLoadByName: archive 'hitmark' not found in sprites table
Dat2SpriteLoadByName: archive 'mapfunction' not found in sprites table
Dat2SpriteLoadByName: archive 'hitmark' not found in sprites table
Dat2SpriteLoadByName: archive 'mapfunction' not found in sprites table
Dat2SpriteLoadByName: archive 'hitmark' not found in sprites table
Dat2SpriteLoadByName: archive 'mapfunction' not found in sprites table
Dat2SpriteLoadByName: archive 'hitmark' not found in sprites table
Dat2SpriteLoadByName: archive 'mapfunction' not found in sprites table
Dat2SpriteLoadByName: archive 'hitmark' not found in sprites table
Dat2SpriteLoadByName: archive 'mapfunction' not found in sprites table
Dat2SpriteLoadByName: archive 'hitmark' not found in sprites table
Dat2SpriteLoadByName: archive 'mapfunction' not found in sprites table
Dat2SpriteLoadByName: archive 'hitmark' not found in sprites table
Dat2SpriteLoadByName: archive 'mapfunction' not found in sprites table
Dat2SpriteLoadByName: archive 'hitmark' not found in sprites table
Dat2SpriteLoadByName: archive 'mapfunction' not found in sprites table
Dat2SpriteLoadByName: archive 'hitmark' not found in sprites table
Dat2SpriteLoadByName: archive 'mapfunction' not found in sprites table
Dat2SpriteLoadByName: archive 'hitmark' not found in sprites table
Dat2SpriteLoadByName: archive 'mapfunction' not found in sprites table
Dat2SpriteLoadByName: archive 'hitmark' not found in sprites table
Dat2SpriteLoadByName: archive 'mapfunction' not found in sprites table
Dat2SpriteLoadByName: archive 'hitmark' not found in sprites table
Dat2SpriteLoadByName: archive 'mapfunction' not found in sprites table
Dat2SpriteLoadByName: archive 'hitmark' not found in sprites table
Dat2SpriteLoadByName: archive 'mapfunction' not found in sprites table
Dat2SpriteLoadByName: archive 'hitmark' not found in sprites table
Dat2SpriteLoadByName: archive 'mapfunction' not found in sprites table
Dat2SpriteLoadByName: archive 'hitmark' not found in sprites table
Dat2SpriteLoadByName: archive 'mapfunction' not found in sprites table
Dat2SpriteLoadByName: archive 'hitmark' not found in sprites table
Dat2SpriteLoadByName: archive 'mapfunction' not found in sprites table
Dat2SpriteLoadByName: archive 'hitmark' not found in sprites table
Failed to load dat2 idk 307
spawn_player: element=59751 tile=84,84 level=0
spawn_npc: npc=3111 element=59752 tile=90,84 level=0 size=1 recolors=3 retextures=0
spawn_npc: npc=3106 element=59753 tile=90,84 level=0 size=1 recolors=4 retextures=0
spawn_npc: npc=3105 element=59754 tile=90,84 level=0 size=1 recolors=6 retextures=0
spawn_npc: npc=3108 element=59755 tile=90,84 level=0 size=1 recolors=2 retextures=0
spawn_npc: npc=5007 element=59756 tile=90,84 level=0 size=1 recolors=0 retextures=0
spawn_npc: npc=10619 element=59757 tile=90,84 level=0 size=1 recolors=5 retextures=0
spawn_npc: npc=13618 element=59758 tile=90,84 level=0 size=1 recolors=6 retextures=0
spawn_npc: npc=0 element=59759 tile=90,84 level=0 size=1 recolors=0 retextures=0
spawn_npc: npc=6773 element=59760 tile=90,84 level=0 size=1 recolors=6 retextures=0
spawn_npc: npc=3254 element=59761 tile=90,84 level=0 size=1 recolors=3 retextures=0
spawn_npc: npc=3254 element=59762 tile=90,84 level=0 size=1 recolors=3 retextures=0
spawn_npc: npc=6816 element=59763 tile=90,84 level=0 size=1 recolors=3 retextures=0
post-boot: busy_frames=0 busy_steps=0 (frames that used the whole budget with work still queued)

=== torirs_perf report ===
frames=900 ring=900 over_20ms=12 (1.3%) eff_fps=93.3
frame_ns mean=10721791 p50=5334000 p95=5706000 max=4507066000  (budget=20000000)

stage           mean_ns     p50_ns     p95_ns     max_ns
async            236872       1000     214000   75949000
logic            793424     154000     274000  255519000
cs2              683120          0     156000  255132000
layout              465          0          0     117000
interact          11597      11000      16000      42000
emit              57704      65000      76000     309000
paint            644106     741000     786000     877000
build            644145     741000     786000     877000
render          2355986    2719000    2830000    3628000
present          217870     207000     284000     379000
residual        5076502  (frame_mean - attributed stages)

counter                                 total    per_frame
uitree_find_id                         615025       683.36
uitree_find_id_probes                 1590466      1767.18
uitree_id_rebuild                          43         0.05
uitree_find_child                       26128        29.03
uitree_find_child_hit                   14323        15.91
uitree_find_child_ceil_miss             11238        12.49
uitree_walk_emit                      2230391      2478.21
uitree_walk_hit                        556690       618.54
uitree_walk_hover                       85788        95.32
uitree_emit_skip                      2111582      2346.20
uitree_layout_resolve                     648         0.72
uitree_layout_skip                        329         0.37
uitree_layout_nodes                   2021955      2246.62
uitree_layout_node_skip               1928018      2142.24
uitree_layout_depth_recompute             307         0.34
uitree_ensure_layout                    15796        17.55
uitree_cc_create                         8188         9.10
uitree_cc_delete                            3         0.00
uitree_cc_deleteall                       463         0.51
uitree_cc_deleteall_rows                 2740         3.04
uitree_apply_geo                        21992        24.44
uitree_apply_content                    24921        27.69
uitree_apply_hook                        5681         6.31
uitree_apply_other                     426227       473.59
uitree_components                     5512504      6125.00
uitree_capacity                       6404096      7115.66
uitree_free_list                         1117         1.24
uitree_node_bytes                 11015045120  12238939.02
cs2_scripts                              9553        10.61
cs2_opcodes                           1887472      2097.19
cs2_host_ops                           259950       288.83
cs2_cycles                            1887472      2097.19
cs2_vm_acquire                           7489         8.32
cs2_vm_pool_hit                          7487         8.32
cs2_vm_pool_miss                            2         0.00
cs2_vm_init_ns                        5349000      5943.33
cache_model_hit                         25030        27.81
cache_model_miss                         2193         2.44
cache_sprite_hit                         2537         2.82
cache_sprite_miss                         911         1.01

torirs_perf: wrote /Users/matthewevers/Documents/git_repos/3draster/tools/perf/results/61548478-ui.csv
=== end torirs_perf ===

app: map archives are unencrypted at this revision
app: cache profile epoch=dat2 game=oldschool revision=239 quirks=none
varbit load: 20411 types (19008 records, ids 0..20410)
hitsplat load: 83 types (83 records)
InterfaceOpen done: iface=161 pack_components=99 tree_components=1068 onloads=6 inv_hooks=0 var_hooks=8 mounts=0
