torirs: dat2 cache=/Users/matthewevers/Documents/git_repos/3draster/cache.osrs239 iface=161
torirs_perf: enabled (ring=2048 budget=20ms) csv=/Users/matthewevers/Documents/git_repos/3draster/tools/perf/results/61548478-world.csv
audio: SDL_OpenAudioDevice: CoreAudio error (AudioDeviceGetProperty (kAudioDevicePropertyDeviceIsAlive)): 560947818
audio: no device; running silent
mock230: obj metadata loaded (33747 records from cache.osrs239, 53853 params in 1262 KB)
mock230: npc metadata loaded (16292 records from cache.osrs239, 29869 params in 700 KB)
mock230: sequence debug names loaded (0 named — falling back to pack/seq.pack, 14429 priorities)
mock230: loc configs loaded (62194 records from cache.osrs239; 1709 param rows in 41016 bytes, 30033 names in 565681 bytes, 17309 footprints in 138472 bytes, 8407 categories in 67256 bytes)
mock230: struct params loaded (3988 records from cache.osrs239, 20751 rows in 877 KB)
mock230: 2872 varp(s) carry varbits
mock230: varbit table loaded (19008 records from cache.osrs239)
mock230: 1117 param types from configs/all.param
mock230: content loaded (213776 symbols, 413 constants, 41 npc defs, 2204 loc defs, 60 varp defs, 1496 equip reqs (675 from the cache), 65 npc spawns, 12 obj spawns)
mock230: server band: npc.nomove stays text-loaded on 11 record(s) — the band has no wire for it
mock230: server band: npc.huntmode stays text-loaded on 10 record(s) — the band has no wire for it
mock230: server band loaded: 2975 archive(s) verified identical to the text parse and applied (817 overlay authored defs, 21 field value(s) text-only, 113 archive(s) over records the runtime never loads)
mock230: bank tables loaded (19008 varbits, bank=1410 slots)
Dat2SpriteLoadByName: archive 'mapfunction' not found in sprites table
Dat2SpriteLoadByName: archive 'hitmark' not found in sprites table
boot: 4487ms  frames=1 steps=242 capped=0
mock230: login user='testc' session=ok
mock230: 884 scripts loaded from OSRS-Content/osrs239-content/server/scripts/build
mock230: 3 engine fallback(s) still answer triggers content does not bind
mock230: scene built at zone 402,402 (base 3168,3168 — 8455 locs)
net: no decoder for wire opcode 108 (osrs230) — dropped
textures: sprite-backed system (no materials table)
Failed to load dat2 texture 65535
world_load: 9 chunks, 18 underlays, 33 overlays, 36 textures, 1472 locs, 1052 models, 33 seqs
Dat2SpriteLoadByName: archive 'mapfunction' not found in sprites table
Dat2SpriteLoadByName: archive 'hitmark' not found in sprites table
Dat2SpriteLoadByName: archive 'mapfunction' not found in sprites table
Dat2SpriteLoadByName: archive 'hitmark' not found in sprites table
Dat2SpriteLoadByName: archive 'mapfunction' not found in sprites table
Dat2SpriteLoadByName: archive 'hitmark' not found in sprites table
Dat2SpriteLoadByName: archive 'mapfunction' not found in sprites table
Dat2SpriteLoadByName: archive 'hitmark' not found in sprites table
Dat2SpriteLoadByName: archive 'mapfunction' not found in sprites table
Dat2SpriteLoadByName: archive 'hitmark' not found in sprites table
Dat2SpriteLoadByName: archive 'mapfunction' not found in sprites table
Dat2SpriteLoadByName: archive 'hitmark' not found in sprites table
Dat2SpriteLoadByName: archive 'mapfunction' not found in sprites table
Dat2SpriteLoadByName: archive 'hitmark' not found in sprites table
Dat2SpriteLoadByName: archive 'mapfunction' not found in sprites table
Dat2SpriteLoadByName: archive 'hitmark' not found in sprites table
Dat2SpriteLoadByName: archive 'mapfunction' not found in sprites table
Dat2SpriteLoadByName: archive 'hitmark' not found in sprites table
Dat2SpriteLoadByName: archive 'mapfunction' not found in sprites table
Dat2SpriteLoadByName: archive 'hitmark' not found in sprites table
Dat2SpriteLoadByName: archive 'mapfunction' not found in sprites table
Dat2SpriteLoadByName: archive 'hitmark' not found in sprites table
Dat2SpriteLoadByName: archive 'mapfunction' not found in sprites table
Dat2SpriteLoadByName: archive 'hitmark' not found in sprites table
Dat2SpriteLoadByName: archive 'mapfunction' not found in sprites table
Dat2SpriteLoadByName: archive 'hitmark' not found in sprites table
Dat2SpriteLoadByName: archive 'mapfunction' not found in sprites table
Dat2SpriteLoadByName: archive 'hitmark' not found in sprites table
Dat2SpriteLoadByName: archive 'mapfunction' not found in sprites table
Dat2SpriteLoadByName: archive 'hitmark' not found in sprites table
Dat2SpriteLoadByName: archive 'mapfunction' not found in sprites table
Dat2SpriteLoadByName: archive 'hitmark' not found in sprites table
Dat2SpriteLoadByName: archive 'mapfunction' not found in sprites table
Dat2SpriteLoadByName: archive 'hitmark' not found in sprites table
Dat2SpriteLoadByName: archive 'mapfunction' not found in sprites table
Dat2SpriteLoadByName: archive 'hitmark' not found in sprites table
Dat2SpriteLoadByName: archive 'mapfunction' not found in sprites table
Dat2SpriteLoadByName: archive 'hitmark' not found in sprites table
Dat2SpriteLoadByName: archive 'mapfunction' not found in sprites table
Dat2SpriteLoadByName: archive 'hitmark' not found in sprites table
Dat2SpriteLoadByName: archive 'mapfunction' not found in sprites table
Dat2SpriteLoadByName: archive 'hitmark' not found in sprites table
Dat2SpriteLoadByName: archive 'mapfunction' not found in sprites table
Dat2SpriteLoadByName: archive 'hitmark' not found in sprites table
Dat2SpriteLoadByName: archive 'mapfunction' not found in sprites table
Dat2SpriteLoadByName: archive 'hitmark' not found in sprites table
Dat2SpriteLoadByName: archive 'mapfunction' not found in sprites table
Dat2SpriteLoadByName: archive 'hitmark' not found in sprites table
Dat2SpriteLoadByName: archive 'mapfunction' not found in sprites table
Dat2SpriteLoadByName: archive 'hitmark' not found in sprites table
Failed to load dat2 idk 307
spawn_player: element=59751 tile=84,84 level=0
spawn_npc: npc=3111 element=59752 tile=90,84 level=0 size=1 recolors=3 retextures=0
spawn_npc: npc=3106 element=59753 tile=90,84 level=0 size=1 recolors=4 retextures=0
spawn_npc: npc=3105 element=59754 tile=90,84 level=0 size=1 recolors=6 retextures=0
spawn_npc: npc=3108 element=59755 tile=90,84 level=0 size=1 recolors=2 retextures=0
spawn_npc: npc=5007 element=59756 tile=90,84 level=0 size=1 recolors=0 retextures=0
spawn_npc: npc=10619 element=59757 tile=90,84 level=0 size=1 recolors=5 retextures=0
spawn_npc: npc=13618 element=59758 tile=90,84 level=0 size=1 recolors=6 retextures=0
spawn_npc: npc=0 element=59759 tile=90,84 level=0 size=1 recolors=0 retextures=0
spawn_npc: npc=6773 element=59760 tile=90,84 level=0 size=1 recolors=6 retextures=0
spawn_npc: npc=3254 element=59761 tile=90,84 level=0 size=1 recolors=3 retextures=0
spawn_npc: npc=3254 element=59762 tile=90,84 level=0 size=1 recolors=3 retextures=0
spawn_npc: npc=6816 element=59763 tile=90,84 level=0 size=1 recolors=3 retextures=0
post-boot: busy_frames=0 busy_steps=0 (frames that used the whole budget with work still queued)

=== torirs_perf report ===
frames=900 ring=900 over_20ms=11 (1.2%) eff_fps=89.5
frame_ns mean=11170321 p50=5879000 p95=6211000 max=4487019000  (budget=20000000)

stage           mean_ns     p50_ns     p95_ns     max_ns
async            222022       1000     194000   75261000
logic            820842     165000     291000  257294000
cs2              699446          0     161000  256835000
layout              465          0          0     167000
interact          12118      12000      16000      36000
emit              62575      69000      86000     208000
paint            695490     804000     829000    1116000
build            695538     804000     829000    1116000
render          2522413    2908000    3004000    3880000
present          226108     218000     287000     365000
residual        5213304  (frame_mean - attributed stages)

counter                                 total    per_frame
uitree_find_id                         608573       676.19
uitree_find_id_probes                 1601098      1779.00
uitree_id_rebuild                          43         0.05
uitree_find_child                       24673        27.41
uitree_find_child_hit                   12459        13.84
uitree_find_child_ceil_miss             11647        12.94
uitree_walk_emit                      2230183      2477.98
uitree_walk_hit                        556690       618.54
uitree_walk_hover                       85788        95.32
uitree_emit_skip                      2111394      2345.99
uitree_layout_resolve                     684         0.76
uitree_layout_skip                        345         0.38
uitree_layout_nodes                   2164070      2404.52
uitree_layout_node_skip               2077131      2307.92
uitree_layout_depth_recompute             327         0.36
uitree_ensure_layout                    16991        18.88
uitree_cc_create                         8188         9.10
uitree_cc_delete                            3         0.00
uitree_cc_deleteall                       488         0.54
uitree_cc_deleteall_rows                 2740         3.04
uitree_apply_geo                        21701        24.11
uitree_apply_content                    23553        26.17
uitree_apply_hook                        5781         6.42
uitree_apply_other                     424344       471.49
uitree_components                     5515852      6128.72
uitree_capacity                       6404096      7115.66
uitree_free_list                         1229         1.37
uitree_node_bytes                 11015045120  12238939.02
cs2_scripts                             10206        11.34
cs2_opcodes                           1922314      2135.90
cs2_host_ops                           263086       292.32
cs2_cycles                            1922314      2135.90
cs2_vm_acquire                           8151         9.06
cs2_vm_pool_hit                          8149         9.05
cs2_vm_pool_miss                            2         0.00
cs2_vm_init_ns                        5907000      6563.33
cache_model_hit                         25012        27.79
cache_model_miss                         2193         2.44
cache_sprite_hit                         2537         2.82
cache_sprite_miss                         911         1.01

torirs_perf: wrote /Users/matthewevers/Documents/git_repos/3draster/tools/perf/results/61548478-world.csv
=== end torirs_perf ===

app: map archives are unencrypted at this revision
app: cache profile epoch=dat2 game=oldschool revision=239 quirks=none
varbit load: 20411 types (19008 records, ids 0..20410)
hitsplat load: 83 types (83 records)
InterfaceOpen done: iface=161 pack_components=99 tree_components=1068 onloads=6 inv_hooks=0 var_hooks=8 mounts=0
