torirs: dat2 cache=/Users/matthewevers/Documents/git_repos/3draster/cache.osrs239.baked iface=161
torirs_perf: enabled (ring=2048 window=1000 budget=20ms) csv=/Users/matthewevers/Documents/git_repos/3draster/tools/perf/results/9175a425-idle.csv
mock230: features era=osrs approach=rect op_nearest=10
mock230: obj metadata loaded (33747 records from cache.osrs239.baked, 53853 params in 1262 KB)
mock230: npc metadata loaded (16292 records from cache.osrs239.baked, 29869 params in 700 KB)
mock230: sequence debug names loaded (0 named — falling back to pack/seq.pack, 14429 priorities)
mock230: loc configs loaded (62194 records from cache.osrs239.baked; 1709 param rows in 41016 bytes, 30033 names in 565681 bytes, 17309 footprints in 138472 bytes, 8407 categories in 67256 bytes)
mock230: struct params loaded (3988 records from cache.osrs239.baked, 20751 rows in 877 KB)
mock230: 2872 varp(s) carry varbits
mock230: varbit table loaded (19008 records from cache.osrs239.baked)
mock230: 1117 param types from configs/all.param
mock230: 5862 enums from configs/all.enum
mock230: content loaded (214180 symbols, 695 constants, 44 npc defs, 2293 loc defs, 243 varp defs, 1496 equip reqs (675 from the cache), 65 npc spawns, 12 obj spawns)
mock230: server band: npc.wanderrange stays text-loaded on 2 record(s) — the band has no wire for it
mock230: server band: npc.moverestrict stays text-loaded on 13 record(s) — the band has no wire for it
mock230: server band: npc.nomove stays text-loaded on 12 record(s) — the band has no wire for it
mock230: server band: npc.huntmode stays text-loaded on 10 record(s) — the band has no wire for it
mock230: server band: loc.next_loc_stage stays text-loaded on 49 record(s) — the band has no wire for it
mock230: server band loaded: 2975 archive(s) verified identical to the text parse and applied (817 overlay authored defs, 86 field value(s) text-only, 113 archive(s) over records the runtime never loads)
mock230: db tables loaded (273 tables, 15939 rows from cache.osrs239.baked; 245 schema(s) installed, 15418 row(s) filled; 246 archive table(s), 16711 archive row(s))
mock230: bank tables loaded (19008 varbits, bank=1410 slots)
Dat2SpriteLoadByName: archive 'mapfunction' not found in sprites table
Dat2SpriteLoadByName: archive 'hitmark' not found in sprites table
boot: 4686ms  frames=1 steps=242 capped=0
mock230: login user='testc' session=ok
mock230: 2505 scripts loaded from OSRS-Content/osrs239-content/server/scripts/build
mock230: 9 opcode(s) this content uses are not implemented:
  SPOTANIM_MAP                 first wanted by [timer,draynor_manor_vines]
  CAM_RESET                    first wanted by [proc,p_telejump_safe]
  P_EXACTMOVE                  first wanted by [proc,agility_exactmove]
  P_LOCMERGE                   first wanted by [proc,agility_exactmove]
  STAT_ADD                     first wanted by [label,pray_at_altar]
  NPC_STATHEAL                 first wanted by [label,demon_slayer_wrong_incantation]
  NPC_WALK                     first wanted by [ai_queue3,delrith]
  OC_COST                      first wanted by [label,magic_spell_high_alch]
  OC_MEMBERS                   first wanted by [proc,staff_runes]
mock230: 3 engine fallback(s) still answer triggers content does not bind
mock230: scene built at zone 402,402 (base 3168,3168 — 8455 locs)
net: no decoder for wire opcode 108 (osrs230) — dropped
textures: sprite-backed system (no materials table)
Failed to load dat2 texture 65535
world_load: 9 chunks, 18 underlays, 33 overlays, 36 textures, 1472 locs, 1052 models, 33 seqs
Dat2SpriteLoadByName: archive 'mapfunction' not found in sprites table
Dat2SpriteLoadByName: archive 'hitmark' not found in sprites table
Dat2SpriteLoadByName: archive 'mapfunction' not found in sprites table
Dat2SpriteLoadByName: archive 'hitmark' not found in sprites table
Dat2SpriteLoadByName: archive 'mapfunction' not found in sprites table
Dat2SpriteLoadByName: archive 'hitmark' not found in sprites table
Dat2SpriteLoadByName: archive 'mapfunction' not found in sprites table
Dat2SpriteLoadByName: archive 'hitmark' not found in sprites table
Dat2SpriteLoadByName: archive 'mapfunction' not found in sprites table
Dat2SpriteLoadByName: archive 'hitmark' not found in sprites table
Dat2SpriteLoadByName: archive 'mapfunction' not found in sprites table
Dat2SpriteLoadByName: archive 'hitmark' not found in sprites table
Dat2SpriteLoadByName: archive 'mapfunction' not found in sprites table
Dat2SpriteLoadByName: archive 'hitmark' not found in sprites table
Dat2SpriteLoadByName: archive 'mapfunction' not found in sprites table
Dat2SpriteLoadByName: archive 'hitmark' not found in sprites table
Dat2SpriteLoadByName: archive 'mapfunction' not found in sprites table
Dat2SpriteLoadByName: archive 'hitmark' not found in sprites table
Dat2SpriteLoadByName: archive 'mapfunction' not found in sprites table
Dat2SpriteLoadByName: archive 'hitmark' not found in sprites table
Dat2SpriteLoadByName: archive 'mapfunction' not found in sprites table
Dat2SpriteLoadByName: archive 'hitmark' not found in sprites table
Dat2SpriteLoadByName: archive 'mapfunction' not found in sprites table
Dat2SpriteLoadByName: archive 'hitmark' not found in sprites table
Dat2SpriteLoadByName: archive 'mapfunction' not found in sprites table
Dat2SpriteLoadByName: archive 'hitmark' not found in sprites table
Dat2SpriteLoadByName: archive 'mapfunction' not found in sprites table
Dat2SpriteLoadByName: archive 'hitmark' not found in sprites table
Dat2SpriteLoadByName: archive 'mapfunction' not found in sprites table
Dat2SpriteLoadByName: archive 'hitmark' not found in sprites table
Dat2SpriteLoadByName: archive 'mapfunction' not found in sprites table
Dat2SpriteLoadByName: archive 'hitmark' not found in sprites table
Dat2SpriteLoadByName: archive 'mapfunction' not found in sprites table
Dat2SpriteLoadByName: archive 'hitmark' not found in sprites table
Dat2SpriteLoadByName: archive 'mapfunction' not found in sprites table
Dat2SpriteLoadByName: archive 'hitmark' not found in sprites table
Dat2SpriteLoadByName: archive 'mapfunction' not found in sprites table
Dat2SpriteLoadByName: archive 'hitmark' not found in sprites table
Dat2SpriteLoadByName: archive 'mapfunction' not found in sprites table
Dat2SpriteLoadByName: archive 'hitmark' not found in sprites table
Dat2SpriteLoadByName: archive 'mapfunction' not found in sprites table
Dat2SpriteLoadByName: archive 'hitmark' not found in sprites table
Dat2SpriteLoadByName: archive 'mapfunction' not found in sprites table
Dat2SpriteLoadByName: archive 'hitmark' not found in sprites table
Dat2SpriteLoadByName: archive 'mapfunction' not found in sprites table
Dat2SpriteLoadByName: archive 'hitmark' not found in sprites table
Dat2SpriteLoadByName: archive 'mapfunction' not found in sprites table
Dat2SpriteLoadByName: archive 'hitmark' not found in sprites table
Dat2SpriteLoadByName: archive 'mapfunction' not found in sprites table
Dat2SpriteLoadByName: archive 'hitmark' not found in sprites table
Failed to load dat2 idk 307
spawn_player: element=19359 tile=52,52 level=0
spawn_npc: npc=3106 element=19360 tile=58,52 level=0 size=1 recolors=4 retextures=0
spawn_npc: npc=3105 element=19361 tile=58,52 level=0 size=1 recolors=6 retextures=0
spawn_npc: npc=3108 element=19362 tile=58,52 level=0 size=1 recolors=2 retextures=0
spawn_npc: npc=5007 element=19363 tile=58,52 level=0 size=1 recolors=0 retextures=0
spawn_npc: npc=10619 element=19364 tile=58,52 level=0 size=1 recolors=5 retextures=0
spawn_npc: npc=13618 element=19365 tile=58,52 level=0 size=1 recolors=6 retextures=0
spawn_npc: npc=0 element=19366 tile=58,52 level=0 size=1 recolors=0 retextures=0
spawn_npc: npc=6773 element=19367 tile=58,52 level=0 size=1 recolors=6 retextures=0
spawn_npc: npc=3254 element=19368 tile=58,52 level=0 size=1 recolors=3 retextures=0
spawn_npc: npc=3254 element=19369 tile=58,52 level=0 size=1 recolors=3 retextures=0
spawn_npc: npc=6816 element=19370 tile=58,52 level=0 size=1 recolors=3 retextures=0
spawn_npc: npc=2854 element=19378 tile=58,52 level=0 size=1 recolors=1 retextures=0
post-boot: busy_frames=1 busy_steps=32 (frames that used the whole budget with work still queued)
torirs_perf: window=900 writing /Users/matthewevers/Documents/git_repos/3draster/tools/perf/results/9175a425-idle.csv.windows.csv
torirs_perf: window=0 frame_p95=7.16ms

=== torirs_perf report ===
frames=900 ring=900 over_20ms=14 (1.6%) eff_fps=100.8
frame_ns mean=9921344 p50=4134000 p95=7156000 max=4683814000  (budget=20000000)

stage           mean_ns     p50_ns     p95_ns     max_ns
async            318885       1000     251000   94248000
logic            775362      80000     592000  114970000
cs2              702505          0     472000  114806000
layout              106          0       1000      22000
interact          17960      17000      29000     540000
emit             112080      97000     249000     993000
paint            592316     648000     892000    8096000
build            592445     648000     892000    8097000
render          2601058    2822000    3897000   25171000
present          142752     136000     154000     962000
server           108412       1000       2000   91042000
residual        3957463  (frame_mean - attributed stages)

counter                                 total    per_frame
uitree_find_id                         643303       714.78
uitree_find_id_probes                 1736832      1929.81
uitree_id_rebuild                         161         0.18
uitree_find_child                       26234        29.15
uitree_find_child_hit                   14070        15.63
uitree_find_child_ceil_miss             11564        12.85
uitree_walk_emit                      2175628      2417.36
uitree_walk_hit                        544245       604.72
uitree_walk_hover                       84610        94.01
uitree_emit_skip                      2057822      2286.47
uitree_layout_resolve                     665         0.74
uitree_layout_skip                        332         0.37
uitree_layout_nodes                   2120704      2356.34
uitree_layout_node_skip               2019665      2244.07
uitree_layout_depth_recompute             320         0.36
uitree_ensure_layout                    16171        17.97
uitree_cc_create                        10112        11.24
uitree_cc_delete                            3         0.00
uitree_cc_deleteall                       501         0.56
uitree_cc_deleteall_rows                 4549         5.05
uitree_apply_geo                        23031        25.59
uitree_apply_content                    24257        26.95
uitree_apply_hook                        6790         7.54
uitree_apply_other                     418664       465.18
uitree_components                     5383588      5981.76
uitree_capacity                       6248448      6942.72
uitree_free_list                         1156         1.28
uitree_node_bytes                 10847305728  12052561.92
cs2_scripts                              8881         9.87
cs2_opcodes                           2088717      2320.80
cs2_host_ops                           285573       317.30
cs2_cycles                            2088717      2320.80
cs2_vm_acquire                           6786         7.54
cs2_vm_pool_hit                          6785         7.54
cs2_vm_pool_miss                            1         0.00
cs2_vm_init_ns                        6236000      6928.89
cs2_frame_pool_hit                      14977        16.64
cs2_frame_pool_miss                        10         0.01
cache_model_hit                         12125        13.47
cache_model_miss                         2189         2.43
cache_sprite_hit                         2683         2.98
cache_sprite_miss                         911         1.01
painter_pops                          6329373      7032.64
painter_gate_rejects                  2766719      3074.13
painter_pushes                        6329373      7032.64
painter_push_dedup                    2759004      3065.56
painter_drain_events                     3006         3.34
painter_commands                      3918069      4353.41
painter_tiles_remaining_set           3252030      3613.37
scene_elements                        4379172      4865.75
scene_anim_list                         33900        37.67
zone_map_count                          37479        41.64
zone_map_capacity                      230144       255.72
npc_slot_max                            58435        64.93
cache_model_size                       255624       284.03
cache_sprite_size                      124823       138.69
iface_open                                 26         0.03
iface_bake                                 22         0.02
iface_bake_reuse                            4         0.00
iface_mount_ns                        8137000      9041.11
iface_groups_resident                    6374         7.08
uitree_hidden                          988351      1098.17
uitree_unmounted                           52         0.06
uitree_freed                              351         0.39
uitree_hook_blocks                     191020       212.24
uitree_hook_bytes                  1948404000   2164893.33
host_inv_hooks                           4260         4.73
host_var_hooks                          37355        41.51
host_stat_hooks                         14608        16.23
bridge_sprite_map                      114964       127.74
bridge_obj_icon_map                     10693        11.88
cache_clientscript_size                116042       128.94
uitree_anim_scan                          540         0.60
iface_group_scan_nodes                   2437         2.71

torirs_perf: wrote /Users/matthewevers/Documents/git_repos/3draster/tools/perf/results/9175a425-idle.csv
=== end torirs_perf ===

app: map archives are unencrypted at this revision
app: cache profile epoch=dat2 game=oldschool revision=239 quirks=none
varbit load: 20411 types (19008 records, ids 0..20410)
hitsplat load: 83 types (83 records)
InterfaceOpen done: iface=161 pack_components=99 tree_components=1068 onloads=6 inv_hooks=0 var_hooks=6 mounts=0
