torirs: dat2 cache=/Users/matthewevers/Documents/git_repos/3draster/cache.osrs239 iface=161
torirs_perf: enabled (ring=2048 budget=20ms) csv=/Users/matthewevers/Documents/git_repos/3draster/tools/perf/results/92f3c14c-ui.csv
audio: SDL_OpenAudioDevice: CoreAudio error (AudioDeviceGetProperty (kAudioDevicePropertyDeviceIsAlive)): 560947818
audio: no device; running silent
mock230: obj metadata loaded (33747 records from cache.osrs239, 53853 params in 1262 KB)
mock230: npc metadata loaded (16292 records from cache.osrs239, 29869 params in 700 KB)
mock230: sequence debug names loaded (0 named — falling back to pack/seq.pack, 14429 priorities)
mock230: loc configs loaded (62194 records from cache.osrs239; 1709 param rows in 41016 bytes, 30033 names in 565681 bytes, 17309 footprints in 138472 bytes, 8407 categories in 67256 bytes)
mock230: struct params loaded (3988 records from cache.osrs239, 20751 rows in 877 KB)
mock230: 2872 varp(s) carry varbits
mock230: varbit table loaded (19008 records from cache.osrs239)
mock230: 1117 param types from configs/all.param
mock230: content loaded (213776 symbols, 413 constants, 41 npc defs, 2204 loc defs, 60 varp defs, 1496 equip reqs (675 from the cache), 65 npc spawns, 12 obj spawns)
mock230: server band: npc.nomove stays text-loaded on 11 record(s) — the band has no wire for it
mock230: server band: npc.huntmode stays text-loaded on 10 record(s) — the band has no wire for it
mock230: server band loaded: 2975 archive(s) verified identical to the text parse and applied (817 overlay authored defs, 21 field value(s) text-only, 113 archive(s) over records the runtime never loads)
mock230: bank tables loaded (19008 varbits, bank=1410 slots)
Dat2SpriteLoadByName: archive 'mapfunction' not found in sprites table
Dat2SpriteLoadByName: archive 'hitmark' not found in sprites table
boot: 4742ms  frames=1 steps=242 capped=0
mock230: login user='testc' session=ok
mock230: 884 scripts loaded from OSRS-Content/osrs239-content/server/scripts/build
mock230: 3 engine fallback(s) still answer triggers content does not bind
mock230: scene built at zone 402,402 (base 3168,3168 — 8455 locs)
net: no decoder for wire opcode 108 (osrs230) — dropped
textures: sprite-backed system (no materials table)
Failed to load dat2 texture 65535
world_load: 9 chunks, 18 underlays, 33 overlays, 36 textures, 1472 locs, 1052 models, 33 seqs
Dat2SpriteLoadByName: archive 'mapfunction' not found in sprites table
Dat2SpriteLoadByName: archive 'hitmark' not found in sprites table
Dat2SpriteLoadByName: archive 'mapfunction' not found in sprites table
Dat2SpriteLoadByName: archive 'hitmark' not found in sprites table
Dat2SpriteLoadByName: archive 'mapfunction' not found in sprites table
Dat2SpriteLoadByName: archive 'hitmark' not found in sprites table
Dat2SpriteLoadByName: archive 'mapfunction' not found in sprites table
Dat2SpriteLoadByName: archive 'hitmark' not found in sprites table
Dat2SpriteLoadByName: archive 'mapfunction' not found in sprites table
Dat2SpriteLoadByName: archive 'hitmark' not found in sprites table
Dat2SpriteLoadByName: archive 'mapfunction' not found in sprites table
Dat2SpriteLoadByName: archive 'hitmark' not found in sprites table
Dat2SpriteLoadByName: archive 'mapfunction' not found in sprites table
Dat2SpriteLoadByName: archive 'hitmark' not found in sprites table
Dat2SpriteLoadByName: archive 'mapfunction' not found in sprites table
Dat2SpriteLoadByName: archive 'hitmark' not found in sprites table
Dat2SpriteLoadByName: archive 'mapfunction' not found in sprites table
Dat2SpriteLoadByName: archive 'hitmark' not found in sprites table
Dat2SpriteLoadByName: archive 'mapfunction' not found in sprites table
Dat2SpriteLoadByName: archive 'hitmark' not found in sprites table
Dat2SpriteLoadByName: archive 'mapfunction' not found in sprites table
Dat2SpriteLoadByName: archive 'hitmark' not found in sprites table
Dat2SpriteLoadByName: archive 'mapfunction' not found in sprites table
Dat2SpriteLoadByName: archive 'hitmark' not found in sprites table
Dat2SpriteLoadByName: archive 'mapfunction' not found in sprites table
Dat2SpriteLoadByName: archive 'hitmark' not found in sprites table
Dat2SpriteLoadByName: archive 'mapfunction' not found in sprites table
Dat2SpriteLoadByName: archive 'hitmark' not found in sprites table
Dat2SpriteLoadByName: archive 'mapfunction' not found in sprites table
Dat2SpriteLoadByName: archive 'hitmark' not found in sprites table
Dat2SpriteLoadByName: archive 'mapfunction' not found in sprites table
Dat2SpriteLoadByName: archive 'hitmark' not found in sprites table
Dat2SpriteLoadByName: archive 'mapfunction' not found in sprites table
Dat2SpriteLoadByName: archive 'hitmark' not found in sprites table
Dat2SpriteLoadByName: archive 'mapfunction' not found in sprites table
Dat2SpriteLoadByName: archive 'hitmark' not found in sprites table
Dat2SpriteLoadByName: archive 'mapfunction' not found in sprites table
Dat2SpriteLoadByName: archive 'hitmark' not found in sprites table
Dat2SpriteLoadByName: archive 'mapfunction' not found in sprites table
Dat2SpriteLoadByName: archive 'hitmark' not found in sprites table
Dat2SpriteLoadByName: archive 'mapfunction' not found in sprites table
Dat2SpriteLoadByName: archive 'hitmark' not found in sprites table
Dat2SpriteLoadByName: archive 'mapfunction' not found in sprites table
Dat2SpriteLoadByName: archive 'hitmark' not found in sprites table
Dat2SpriteLoadByName: archive 'mapfunction' not found in sprites table
Dat2SpriteLoadByName: archive 'hitmark' not found in sprites table
Dat2SpriteLoadByName: archive 'mapfunction' not found in sprites table
Dat2SpriteLoadByName: archive 'hitmark' not found in sprites table
Dat2SpriteLoadByName: archive 'mapfunction' not found in sprites table
Dat2SpriteLoadByName: archive 'hitmark' not found in sprites table
Failed to load dat2 idk 307
spawn_player: element=59751 tile=84,84 level=0
spawn_npc: npc=3111 element=59752 tile=90,84 level=0 size=1 recolors=3 retextures=0
spawn_npc: npc=3106 element=59753 tile=90,84 level=0 size=1 recolors=4 retextures=0
spawn_npc: npc=3105 element=59754 tile=90,84 level=0 size=1 recolors=6 retextures=0
spawn_npc: npc=3108 element=59755 tile=90,84 level=0 size=1 recolors=2 retextures=0
spawn_npc: npc=5007 element=59756 tile=90,84 level=0 size=1 recolors=0 retextures=0
spawn_npc: npc=10619 element=59757 tile=90,84 level=0 size=1 recolors=5 retextures=0
spawn_npc: npc=13618 element=59758 tile=90,84 level=0 size=1 recolors=6 retextures=0
spawn_npc: npc=0 element=59759 tile=90,84 level=0 size=1 recolors=0 retextures=0
spawn_npc: npc=6773 element=59760 tile=90,84 level=0 size=1 recolors=6 retextures=0
spawn_npc: npc=3254 element=59761 tile=90,84 level=0 size=1 recolors=3 retextures=0
spawn_npc: npc=3254 element=59762 tile=90,84 level=0 size=1 recolors=3 retextures=0
spawn_npc: npc=6816 element=59763 tile=90,84 level=0 size=1 recolors=3 retextures=0
post-boot: busy_frames=0 busy_steps=0 (frames that used the whole budget with work still queued)

=== torirs_perf report ===
frames=900 ring=900 over_20ms=12 (1.3%) eff_fps=86.8
frame_ns mean=11516816 p50=5903000 p95=6248000 max=4741903000  (budget=20000000)

stage           mean_ns     p50_ns     p95_ns     max_ns
async            253206       1000     234000   78221000
logic            862407     174000     364000  269489000
cs2              736217          0     222000  269021000
layout              391          0       1000     116000
interact          13702      13000      19000      30000
emit             133316     146000     192000     293000
paint            688412     787000     867000    1007000
build            688493     787000     867000    1007000
render          2642652    3040000    3171000    3594000
present          226330     221000     278000     332000
residual        5271690  (frame_mean - attributed stages)

counter                                 total    per_frame
uitree_find_id                         620328       689.25
uitree_find_id_probes                 1638547      1820.61
uitree_id_rebuild                          43         0.05
uitree_find_child                       26777        29.75
uitree_find_child_hit                   14518        16.13
uitree_find_child_ceil_miss             11692        12.99
uitree_walk_emit                      2233031      2481.15
uitree_walk_emit_drag                 2736773      3040.86
uitree_walk_hit                        557345       619.27
uitree_walk_hover                       85850        95.39
uitree_emit_skip                      4111391      4568.21
uitree_layout_resolve                     689         0.77
uitree_layout_skip                        347         0.39
uitree_layout_nodes                   2185431      2428.26
uitree_layout_node_skip               2091392      2323.77
uitree_layout_depth_recompute             329         0.37
uitree_ensure_layout                    17135        19.04
uitree_cc_create                         8188         9.10
uitree_cc_delete                            3         0.00
uitree_cc_deleteall                       490         0.54
uitree_cc_deleteall_rows                 2740         3.04
uitree_apply_geo                        22279        24.75
uitree_apply_content                    25095        27.88
uitree_apply_hook                        5816         6.46
uitree_apply_other                     426877       474.31
uitree_components                     5525178      6139.09
uitree_capacity                       6412288      7124.76
uitree_free_list                         1251         1.39
uitree_node_bytes                 11029135360  12254594.84
cs2_scripts                             10276        11.42
cs2_opcodes                           1983385      2203.76
cs2_host_ops                           271807       302.01
cs2_cycles                            1983385      2203.76
cs2_vm_acquire                           8212         9.12
cs2_vm_pool_hit                          8210         9.12
cs2_vm_pool_miss                            2         0.00
cs2_vm_init_ns                        6704000      7448.89
cache_model_hit                         25030        27.81
cache_model_miss                         2193         2.44
cache_sprite_hit                         2540         2.82
cache_sprite_miss                         911         1.01

torirs_perf: wrote /Users/matthewevers/Documents/git_repos/3draster/tools/perf/results/92f3c14c-ui.csv
=== end torirs_perf ===

app: map archives are unencrypted at this revision
app: cache profile epoch=dat2 game=oldschool revision=239 quirks=none
varbit load: 20411 types (19008 records, ids 0..20410)
hitsplat load: 83 types (83 records)
InterfaceOpen done: iface=161 pack_components=99 tree_components=1068 onloads=6 inv_hooks=0 var_hooks=8 mounts=0
