torirs: dat2 cache=/Users/matthewevers/Documents/git_repos/3draster/cache.osrs239 iface=161
torirs_perf: enabled (ring=2048 window=1000 budget=20ms) csv=/Users/matthewevers/Documents/git_repos/3draster/tools/perf/results/9909f464-idle.csv
audio: SDL_OpenAudioDevice: CoreAudio error (AudioDeviceGetProperty (kAudioDevicePropertyDeviceIsAlive)): 560947818
audio: no device; running silent
mock230: features era=osrs approach=rect op_nearest=10
mock230: obj metadata loaded (33747 records from cache.osrs239, 53853 params in 1262 KB)
mock230: npc metadata loaded (16292 records from cache.osrs239, 29869 params in 700 KB)
mock230: sequence debug names loaded (0 named — falling back to pack/seq.pack, 14429 priorities)
mock230: loc configs loaded (62194 records from cache.osrs239; 1709 param rows in 41016 bytes, 30033 names in 565681 bytes, 17309 footprints in 138472 bytes, 8407 categories in 67256 bytes)
mock230: struct params loaded (3988 records from cache.osrs239, 20751 rows in 877 KB)
mock230: 2872 varp(s) carry varbits
mock230: varbit table loaded (19008 records from cache.osrs239)
mock230: 1117 param types from configs/all.param
mock230: 5862 enums from configs/all.enum
mock230: content: OSRS-Content/osrs239-content/server/scripts/quests/quest_dragon/configs/quest_dragon.varp:17: `dragon_ned_hired` is not in configs/all.varp.compack
mock230: content: OSRS-Content/osrs239-content/server/scripts/quests/quest_dragon/configs/quest_dragon.varp:18: expected `key=value` inside a [section]
mock230: content: OSRS-Content/osrs239-content/server/scripts/quests/quest_dragon/configs/quest_dragon.varp:19: expected `key=value` inside a [section]
mock230: content: OSRS-Content/osrs239-content/server/scripts/quests/quest_dragon/configs/quest_dragon.varp:21: `dragon_oracle` is not in configs/all.varp.compack
mock230: content: OSRS-Content/osrs239-content/server/scripts/quests/quest_dragon/configs/quest_dragon.varp:22: expected `key=value` inside a [section]
mock230: content: OSRS-Content/osrs239-content/server/scripts/quests/quest_dragon/configs/quest_dragon.varp:23: expected `key=value` inside a [section]
mock230: content: OSRS-Content/osrs239-content/server/scripts/quests/quest_dragon/configs/quest_dragon.varp:25: `dragon_wall` is not in configs/all.varp.compack
mock230: content: OSRS-Content/osrs239-content/server/scripts/quests/quest_dragon/configs/quest_dragon.varp:26: expected `key=value` inside a [section]
mock230: content: OSRS-Content/osrs239-content/server/scripts/quests/quest_dragon/configs/quest_dragon.varp:27: expected `key=value` inside a [section]
mock230: content: OSRS-Content/osrs239-content/server/scripts/quests/quest_dragon/configs/quest_dragon.varp:29: `dragon_shield` is not in configs/all.varp.compack
mock230: content: OSRS-Content/osrs239-content/server/scripts/quests/quest_dragon/configs/quest_dragon.varp:30: expected `key=value` inside a [section]
mock230: content: OSRS-Content/osrs239-content/server/scripts/quests/quest_dragon/configs/quest_dragon.varp:31: expected `key=value` inside a [section]
mock230: content: OSRS-Content/osrs239-content/server/scripts/quests/quest_dragon/configs/quest_dragon.varp:33: `dragon_goblin` is not in configs/all.varp.compack
mock230: content: OSRS-Content/osrs239-content/server/scripts/quests/quest_dragon/configs/quest_dragon.varp:34: expected `key=value` inside a [section]
mock230: content: OSRS-Content/osrs239-content/server/scripts/quests/quest_dragon/configs/quest_dragon.varp:35: expected `key=value` inside a [section]
mock230: content loaded (213853 symbols, 615 constants, 44 npc defs, 2246 loc defs, 228 varp defs, 1496 equip reqs (675 from the cache), 65 npc spawns, 12 obj spawns, WITH ERRORS)
mock230: server band: npc.wanderrange stays text-loaded on 2 record(s) — the band has no wire for it
mock230: server band: npc.moverestrict stays text-loaded on 13 record(s) — the band has no wire for it
mock230: server band: npc.nomove stays text-loaded on 12 record(s) — the band has no wire for it
mock230: server band: npc.huntmode stays text-loaded on 10 record(s) — the band has no wire for it
mock230: server band: loc.next_loc_stage stays text-loaded on 36 record(s) — the band has no wire for it
mock230: server band loaded: 2975 archive(s) verified identical to the text parse and applied (817 overlay authored defs, 73 field value(s) text-only, 113 archive(s) over records the runtime never loads)
mock230: db tables loaded (262 tables, 15661 rows from cache.osrs239; 245 schema(s) installed, 15418 row(s) filled; 246 archive table(s), 16711 archive row(s))
mock230: bank tables loaded (19008 varbits, bank=1410 slots)
Dat2SpriteLoadByName: archive 'mapfunction' not found in sprites table
Dat2SpriteLoadByName: archive 'hitmark' not found in sprites table
boot: 5282ms  frames=1 steps=242 capped=0
mock230: login user='testc' session=ok
mock230: 1694 scripts loaded from OSRS-Content/osrs239-content/server/scripts/build
mock230: 3 opcode(s) this content uses are not implemented:
  NPC_STATHEAL                 first wanted by [label,demon_slayer_wrong_incantation]
  NPC_WALK                     first wanted by [ai_queue3,delrith]
  OC_MEMBERS                   first wanted by [label,attempt_cut_tree]
mock230: 3 engine fallback(s) still answer triggers content does not bind
mock230: scene built at zone 402,402 (base 3168,3168 — 8455 locs)
net: no decoder for wire opcode 108 (osrs230) — dropped
textures: sprite-backed system (no materials table)
Failed to load dat2 texture 65535
world_load: 9 chunks, 18 underlays, 33 overlays, 36 textures, 1472 locs, 1052 models, 33 seqs
painter_paint_bucket: draw box 25x25 has 0 visible tiles (cullspan=1 cullmap_radius=0) — world will be blank; set TORIRS_PAINTER_NOCULL=1 to recover
Dat2SpriteLoadByName: archive 'mapfunction' not found in sprites table
Dat2SpriteLoadByName: archive 'hitmark' not found in sprites table
Dat2SpriteLoadByName: archive 'mapfunction' not found in sprites table
Dat2SpriteLoadByName: archive 'hitmark' not found in sprites table
Dat2SpriteLoadByName: archive 'mapfunction' not found in sprites table
Dat2SpriteLoadByName: archive 'hitmark' not found in sprites table
Dat2SpriteLoadByName: archive 'mapfunction' not found in sprites table
Dat2SpriteLoadByName: archive 'hitmark' not found in sprites table
Dat2SpriteLoadByName: archive 'mapfunction' not found in sprites table
Dat2SpriteLoadByName: archive 'hitmark' not found in sprites table
Dat2SpriteLoadByName: archive 'mapfunction' not found in sprites table
Dat2SpriteLoadByName: archive 'hitmark' not found in sprites table
Dat2SpriteLoadByName: archive 'mapfunction' not found in sprites table
Dat2SpriteLoadByName: archive 'hitmark' not found in sprites table
Dat2SpriteLoadByName: archive 'mapfunction' not found in sprites table
Dat2SpriteLoadByName: archive 'hitmark' not found in sprites table
Dat2SpriteLoadByName: archive 'mapfunction' not found in sprites table
Dat2SpriteLoadByName: archive 'hitmark' not found in sprites table
Dat2SpriteLoadByName: archive 'mapfunction' not found in sprites table
Dat2SpriteLoadByName: archive 'hitmark' not found in sprites table
Dat2SpriteLoadByName: archive 'mapfunction' not found in sprites table
Dat2SpriteLoadByName: archive 'hitmark' not found in sprites table
Dat2SpriteLoadByName: archive 'mapfunction' not found in sprites table
Dat2SpriteLoadByName: archive 'hitmark' not found in sprites table
Dat2SpriteLoadByName: archive 'mapfunction' not found in sprites table
Dat2SpriteLoadByName: archive 'hitmark' not found in sprites table
Dat2SpriteLoadByName: archive 'mapfunction' not found in sprites table
Dat2SpriteLoadByName: archive 'hitmark' not found in sprites table
Dat2SpriteLoadByName: archive 'mapfunction' not found in sprites table
Dat2SpriteLoadByName: archive 'hitmark' not found in sprites table
Dat2SpriteLoadByName: archive 'mapfunction' not found in sprites table
Dat2SpriteLoadByName: archive 'hitmark' not found in sprites table
Dat2SpriteLoadByName: archive 'mapfunction' not found in sprites table
Dat2SpriteLoadByName: archive 'hitmark' not found in sprites table
Dat2SpriteLoadByName: archive 'mapfunction' not found in sprites table
Dat2SpriteLoadByName: archive 'hitmark' not found in sprites table
Dat2SpriteLoadByName: archive 'mapfunction' not found in sprites table
Dat2SpriteLoadByName: archive 'hitmark' not found in sprites table
Dat2SpriteLoadByName: archive 'mapfunction' not found in sprites table
Dat2SpriteLoadByName: archive 'hitmark' not found in sprites table
Dat2SpriteLoadByName: archive 'mapfunction' not found in sprites table
Dat2SpriteLoadByName: archive 'hitmark' not found in sprites table
Dat2SpriteLoadByName: archive 'mapfunction' not found in sprites table
Dat2SpriteLoadByName: archive 'hitmark' not found in sprites table
Dat2SpriteLoadByName: archive 'mapfunction' not found in sprites table
Dat2SpriteLoadByName: archive 'hitmark' not found in sprites table
Dat2SpriteLoadByName: archive 'mapfunction' not found in sprites table
Dat2SpriteLoadByName: archive 'hitmark' not found in sprites table
Dat2SpriteLoadByName: archive 'mapfunction' not found in sprites table
Dat2SpriteLoadByName: archive 'hitmark' not found in sprites table
Failed to load dat2 idk 307
spawn_player: element=59751 tile=84,84 level=0
spawn_npc: npc=3106 element=59752 tile=90,84 level=0 size=1 recolors=4 retextures=0
spawn_npc: npc=3105 element=59753 tile=90,84 level=0 size=1 recolors=6 retextures=0
spawn_npc: npc=3108 element=59754 tile=90,84 level=0 size=1 recolors=2 retextures=0
spawn_npc: npc=5007 element=59755 tile=90,84 level=0 size=1 recolors=0 retextures=0
spawn_npc: npc=10619 element=59756 tile=90,84 level=0 size=1 recolors=5 retextures=0
spawn_npc: npc=13618 element=59757 tile=90,84 level=0 size=1 recolors=6 retextures=0
spawn_npc: npc=0 element=59758 tile=90,84 level=0 size=1 recolors=0 retextures=0
spawn_npc: npc=6773 element=59759 tile=90,84 level=0 size=1 recolors=6 retextures=0
spawn_npc: npc=3254 element=59760 tile=90,84 level=0 size=1 recolors=3 retextures=0
spawn_npc: npc=3254 element=59761 tile=90,84 level=0 size=1 recolors=3 retextures=0
spawn_npc: npc=6816 element=59762 tile=90,84 level=0 size=1 recolors=3 retextures=0
post-boot: busy_frames=1 busy_steps=32 (frames that used the whole budget with work still queued)
torirs_perf: window=300 writing /Users/matthewevers/Documents/git_repos/3draster/tools/perf/results/9909f464-idle.csv.windows.csv
torirs_perf: window=0 frame_p95=9.83ms

=== torirs_perf report ===
frames=300 ring=300 over_20ms=14 (4.7%) eff_fps=43.9
frame_ns mean=22783426 p50=4077000 p95=9829000 max=5281758000  (budget=20000000)

stage           mean_ns     p50_ns     p95_ns     max_ns
async            818133          0     328000   86267000
logic           2256983     146000    3444000  274248000
cs2             2164883          0    3444000  273799000
layout              913          0       1000     120000
interact          13543      15000      24000      30000
emit              76413      16000     210000     316000
paint            314993      28000     728000     817000
build            315093      28000     729000     817000
render          1381093     278000    3100000    3383000
present          139013     136000     152000     198000
server           343736          0       2000   99567000
residual       14958630  (frame_mean - attributed stages)

counter                                 total    per_frame
uitree_find_id                         311513      1038.38
uitree_find_id_probes                 1188144      3960.48
uitree_id_rebuild                         163         0.54
uitree_find_child                       26597        88.66
uitree_find_child_hit                   15329        51.10
uitree_find_child_ceil_miss             10668        35.56
uitree_walk_emit                       432653      1442.18
uitree_walk_hit                        114315       381.05
uitree_walk_hover                       21838        72.79
uitree_emit_skip                       409507      1365.02
uitree_layout_resolve                     313         1.04
uitree_layout_skip                        156         0.52
uitree_layout_nodes                    871450      2904.83
uitree_layout_node_skip                757092      2523.64
uitree_layout_depth_recompute             142         0.47
uitree_ensure_layout                     6108        20.36
uitree_cc_create                        10119        33.73
uitree_cc_deleteall                       324         1.08
uitree_cc_deleteall_rows                 4556        15.19
uitree_apply_geo                        18580        61.93
uitree_apply_content                    22367        74.56
uitree_apply_hook                        6243        20.81
uitree_apply_other                     116984       389.95
uitree_components                     1084655      3615.52
uitree_capacity                       1284096      4280.32
uitree_node_bytes                  2229190656   7430635.52
cs2_scripts                              4516        15.05
cs2_opcodes                           1616212      5387.37
cs2_host_ops                           226689       755.63
cs2_cycles                            1616212      5387.37
cs2_vm_acquire                           2433         8.11
cs2_vm_pool_hit                          2431         8.10
cs2_vm_pool_miss                            2         0.01
cs2_vm_init_ns                        1689000      5630.00
cs2_frame_pool_hit                       6233        20.78
cs2_frame_pool_miss                        11         0.04
cache_model_hit                         25371        84.57
cache_model_miss                         2186         7.29
cache_sprite_hit                         2688         8.96
cache_sprite_miss                         911         3.04
painter_pops                          1136418      3788.06
painter_gate_rejects                   496813      1656.04
painter_pushes                        1136418      3788.06
painter_push_dedup                     495703      1652.34
painter_drain_events                      540         1.80
painter_commands                       703361      2344.54
painter_tiles_remaining_set            583875      1946.25
scene_elements                        2988171      9960.57
scene_anim_list                         15450        51.50
zone_map_count                           8152        27.17
zone_map_capacity                       76544       255.15
npc_slot_max                            19435        64.78
cache_model_size                        55802       186.01
cache_sprite_size                       26921        89.74

torirs_perf: wrote /Users/matthewevers/Documents/git_repos/3draster/tools/perf/results/9909f464-idle.csv
=== end torirs_perf ===

app: map archives are unencrypted at this revision
app: cache profile epoch=dat2 game=oldschool revision=239 quirks=none
varbit load: 20411 types (19008 records, ids 0..20410)
hitsplat load: 83 types (83 records)
InterfaceOpen done: iface=161 pack_components=99 tree_components=1068 onloads=6 inv_hooks=0 var_hooks=6 mounts=0
