run_perf: building EMBED_SERVER=1 TORIDRAW_OPT=1 PLATFORM_OBJ_BASE=build_perf
makefile:435: warning: overriding commands for target `build_perf_tdo/features.o'
makefile:435: warning: ignoring old commands for target `build_perf_tdo/features.o'
makefile:435: warning: overriding commands for target `build_perf_tdo/net_transport_ws_frame.o'
makefile:435: warning: ignoring old commands for target `build_perf_tdo/net_transport_ws_frame.o'
makefile:480: warning: overriding commands for target `build_perf_tdo/collision_map.o'
makefile:435: warning: ignoring old commands for target `build_perf_tdo/collision_map.o'
makefile:577: warning: overriding commands for target `build_perf_tdo/rsareabuf.o'
makefile:435: warning: ignoring old commands for target `build_perf_tdo/rsareabuf.o'
makefile:586: warning: overriding commands for target `build_perf_tdo/ini.o'
makefile:435: warning: ignoring old commands for target `build_perf_tdo/ini.o'
make: `torirs' is up to date.
run_perf: scenario=ui frames=1200 window=1000 csv=tools/perf/results/collection-ui-after.csv
run_perf: wrote tools/perf/results/collection-ui-after.csv
run_perf: wrote tools/perf/results/collection-ui-after.csv.windows.csv
=== torirs_perf report ===
frames=1200 ring=1200 over_20ms=15 (1.2%) eff_fps=105.0
frame_ns mean=9524818 p50=4633000 p95=5213000 max=5535361000  (budget=20000000)

stage           mean_ns     p50_ns     p95_ns     max_ns
async            281490       1000     155000   85867000
logic            610480      69000     440000  118470000
cs2              542997          0     337000  118296000
layout              362          0       1000     158000
interact          17803      17000      24000     621000
emit             159930     162000     275000     889000
paint            550584     618000     665000    2042000
build            550770     618000     666000    2042000
render          2988416    3317000    3601000   13735000
present          139791     137000     150000     596000
server            83593       1000       2000   94325000
residual        3598602  (frame_mean - attributed stages)

counter                                 total    per_frame
uitree_find_id                         813854       678.21
uitree_find_id_probes                 1952474      1627.06
uitree_id_rebuild                         606         0.51
uitree_find_child                       26162        21.80
uitree_find_child_hit                   15861        13.22
uitree_find_child_ceil_miss              9667         8.06
uitree_walk_emit                      3300510      2750.43
uitree_walk_hit                        679210       566.01
uitree_walk_hover                      108535        90.45
uitree_emit_skip                      2971196      2476.00
uitree_layout_resolve                     893         0.74
uitree_layout_skip                        435         0.36
uitree_layout_nodes                   3112481      2593.73
uitree_layout_node_skip               2995601      2496.33
uitree_layout_depth_recompute             444         0.37
uitree_ensure_layout                    20860        17.38
uitree_cc_create                        10183         8.49
uitree_cc_deleteall                       691         0.58
uitree_cc_deleteall_rows                 4020         3.35
uitree_apply_geo                        25639        21.37
uitree_apply_content                    29867        24.89
uitree_apply_hook                        7450         6.21
uitree_apply_other                     570401       475.33
uitree_components                     7816930      6514.11
uitree_capacity                       8722432      7268.69
uitree_node_bytes                 18142658560  15118882.13
cs2_scripts                             10574         8.81
cs2_opcodes                           2261986      1884.99
cs2_host_ops                           313271       261.06
cs2_cycles                            2261986      1884.99
cs2_vm_acquire                           8380         6.98
cs2_vm_pool_hit                          8378         6.98
cs2_vm_pool_miss                            2         0.00
cs2_vm_init_ns                        5760000      4800.00
cs2_frame_pool_hit                      18659        15.55
cs2_frame_pool_miss                        15         0.01
cache_model_hit                         12122        10.10
cache_model_miss                         2213         1.84
cache_sprite_hit                        47871        39.89
cache_sprite_miss                        1033         0.86
painter_pops                          8820198      7350.16
painter_gate_rejects                  3855421      3212.85
painter_pushes                        8820198      7350.16
painter_push_dedup                    3844735      3203.95
painter_drain_events                     4187         3.49
painter_commands                      5469992      4558.33
painter_tiles_remaining_set           4531675      3776.40
scene_elements                        6375297      5312.75
scene_anim_list                         49350        41.12
zone_map_count                          52922        44.10
zone_map_capacity                      306944       255.79
npc_slot_max                            77935        64.95
cache_model_size                       375108       312.59
cache_sprite_size                      193896       161.58
iface_open                                 26         0.02
iface_close                                 2         0.00
iface_bake                                 22         0.02
iface_bake_reuse                            4         0.00
iface_mount_ns                        8001000      6667.50
iface_groups_resident                    9253         7.71
uitree_hidden                         1433728      1194.77
uitree_unmounted                           52         0.04
