torirs: dat2 cache=cache.osrs239.baked iface=161
torirs_perf: enabled (ring=2048 window=1000 budget=20ms)
mock230: features era=osrs approach=rect op_nearest=10
mock230: obj metadata loaded (33747 records from cache.osrs239.baked, 53853 params in 1262 KB)
mock230: npc metadata loaded (16292 records from cache.osrs239.baked, 29869 params in 700 KB)
mock230: sequence debug names loaded (0 named — falling back to pack/seq.pack, 14429 priorities)
mock230: loc configs loaded (62194 records from cache.osrs239.baked; 1709 param rows in 41016 bytes, 30033 names in 565681 bytes, 17309 footprints in 138472 bytes, 8407 categories in 67256 bytes)
mock230: struct params loaded (3988 records from cache.osrs239.baked, 20751 rows in 877 KB)
mock230: 2872 varp(s) carry varbits
mock230: varbit table loaded (19008 records from cache.osrs239.baked)
mock230: 1117 param types from configs/all.param
mock230: 5862 enums from configs/all.enum
mock230: content loaded (214179 symbols, 695 constants, 44 npc defs, 2293 loc defs, 242 varp defs, 1496 equip reqs (675 from the cache), 65 npc spawns, 12 obj spawns)
mock230: server band: npc.wanderrange stays text-loaded on 2 record(s) — the band has no wire for it
mock230: server band: npc.moverestrict stays text-loaded on 13 record(s) — the band has no wire for it
mock230: server band: npc.nomove stays text-loaded on 12 record(s) — the band has no wire for it
mock230: server band: npc.huntmode stays text-loaded on 10 record(s) — the band has no wire for it
mock230: server band: loc.next_loc_stage stays text-loaded on 49 record(s) — the band has no wire for it
mock230: server band loaded: 2975 archive(s) verified identical to the text parse and applied (817 overlay authored defs, 86 field value(s) text-only, 113 archive(s) over records the runtime never loads)
mock230: db tables loaded (273 tables, 15939 rows from cache.osrs239.baked; 245 schema(s) installed, 15418 row(s) filled; 246 archive table(s), 16711 archive row(s))
mock230: bank tables loaded (19008 varbits, bank=1410 slots)
Dat2SpriteLoadByName: archive 'mapfunction' not found in sprites table
Dat2SpriteLoadByName: archive 'hitmark' not found in sprites table
mock230: login user='testc' session=ok
mock230: 2494 scripts loaded from OSRS-Content/osrs239-content/server/scripts/build
mock230: 9 opcode(s) this content uses are not implemented:
  SPOTANIM_MAP                 first wanted by [timer,draynor_manor_vines]
  CAM_RESET                    first wanted by [proc,p_telejump_safe]
  P_EXACTMOVE                  first wanted by [proc,agility_exactmove]
  P_LOCMERGE                   first wanted by [proc,agility_exactmove]
  STAT_ADD                     first wanted by [label,pray_at_altar]
  NPC_STATHEAL                 first wanted by [label,demon_slayer_wrong_incantation]
  NPC_WALK                     first wanted by [ai_queue3,delrith]
  OC_COST                      first wanted by [label,magic_spell_high_alch]
  OC_MEMBERS                   first wanted by [proc,staff_runes]
mock230: 3 engine fallback(s) still answer triggers content does not bind
mock230: scene built at zone 402,402 (base 3168,3168 — 8455 locs)
net: no decoder for wire opcode 108 (osrs230) — dropped
textures: sprite-backed system (no materials table)
Failed to load dat2 texture 65535
world_load: 9 chunks, 18 underlays, 33 overlays, 36 textures, 1472 locs, 1052 models, 33 seqs
painter_paint_bucket: draw box 25x25 has 0 visible tiles (cullspan=1 cullmap_radius=0) — world will be blank; set TORIRS_PAINTER_NOCULL=1 to recover
Dat2SpriteLoadByName: archive 'mapfunction' not found in sprites table
Dat2SpriteLoadByName: archive 'hitmark' not found in sprites table
Dat2SpriteLoadByName: archive 'mapfunction' not found in sprites table
Dat2SpriteLoadByName: archive 'hitmark' not found in sprites table
Dat2SpriteLoadByName: archive 'mapfunction' not found in sprites table
Dat2SpriteLoadByName: archive 'hitmark' not found in sprites table
Dat2SpriteLoadByName: archive 'mapfunction' not found in sprites table
Dat2SpriteLoadByName: archive 'hitmark' not found in sprites table
Dat2SpriteLoadByName: archive 'mapfunction' not found in sprites table
Dat2SpriteLoadByName: archive 'hitmark' not found in sprites table
Dat2SpriteLoadByName: archive 'mapfunction' not found in sprites table
Dat2SpriteLoadByName: archive 'hitmark' not found in sprites table
Dat2SpriteLoadByName: archive 'mapfunction' not found in sprites table
Dat2SpriteLoadByName: archive 'hitmark' not found in sprites table
Dat2SpriteLoadByName: archive 'mapfunction' not found in sprites table
Dat2SpriteLoadByName: archive 'hitmark' not found in sprites table
Dat2SpriteLoadByName: archive 'mapfunction' not found in sprites table
Dat2SpriteLoadByName: archive 'hitmark' not found in sprites table
Dat2SpriteLoadByName: archive 'mapfunction' not found in sprites table
Dat2SpriteLoadByName: archive 'hitmark' not found in sprites table
Dat2SpriteLoadByName: archive 'mapfunction' not found in sprites table
Dat2SpriteLoadByName: archive 'hitmark' not found in sprites table
Dat2SpriteLoadByName: archive 'mapfunction' not found in sprites table
Dat2SpriteLoadByName: archive 'hitmark' not found in sprites table
Dat2SpriteLoadByName: archive 'mapfunction' not found in sprites table
Dat2SpriteLoadByName: archive 'hitmark' not found in sprites table
Dat2SpriteLoadByName: archive 'mapfunction' not found in sprites table
Dat2SpriteLoadByName: archive 'hitmark' not found in sprites table
Dat2SpriteLoadByName: archive 'mapfunction' not found in sprites table
Dat2SpriteLoadByName: archive 'hitmark' not found in sprites table
Dat2SpriteLoadByName: archive 'mapfunction' not found in sprites table
Dat2SpriteLoadByName: archive 'hitmark' not found in sprites table
Dat2SpriteLoadByName: archive 'mapfunction' not found in sprites table
Dat2SpriteLoadByName: archive 'hitmark' not found in sprites table
Dat2SpriteLoadByName: archive 'mapfunction' not found in sprites table
Dat2SpriteLoadByName: archive 'hitmark' not found in sprites table
Dat2SpriteLoadByName: archive 'mapfunction' not found in sprites table
Dat2SpriteLoadByName: archive 'hitmark' not found in sprites table
Dat2SpriteLoadByName: archive 'mapfunction' not found in sprites table
Dat2SpriteLoadByName: archive 'hitmark' not found in sprites table
Dat2SpriteLoadByName: archive 'mapfunction' not found in sprites table
Dat2SpriteLoadByName: archive 'hitmark' not found in sprites table
Dat2SpriteLoadByName: archive 'mapfunction' not found in sprites table
Dat2SpriteLoadByName: archive 'hitmark' not found in sprites table
Dat2SpriteLoadByName: archive 'mapfunction' not found in sprites table
Dat2SpriteLoadByName: archive 'hitmark' not found in sprites table
Dat2SpriteLoadByName: archive 'mapfunction' not found in sprites table
Dat2SpriteLoadByName: archive 'hitmark' not found in sprites table
Dat2SpriteLoadByName: archive 'mapfunction' not found in sprites table
Dat2SpriteLoadByName: archive 'hitmark' not found in sprites table
Failed to load dat2 idk 307
spawn_player: element=59751 tile=84,84 level=0
spawn_npc: npc=3106 element=59752 tile=90,84 level=0 size=1 recolors=4 retextures=0
spawn_npc: npc=3105 element=59753 tile=90,84 level=0 size=1 recolors=6 retextures=0
spawn_npc: npc=3108 element=59754 tile=90,84 level=0 size=1 recolors=2 retextures=0
spawn_npc: npc=5007 element=59755 tile=90,84 level=0 size=1 recolors=0 retextures=0
spawn_npc: npc=10619 element=59756 tile=90,84 level=0 size=1 recolors=5 retextures=0
spawn_npc: npc=13618 element=59757 tile=90,84 level=0 size=1 recolors=6 retextures=0
spawn_npc: npc=0 element=59758 tile=90,84 level=0 size=1 recolors=0 retextures=0
spawn_npc: npc=6773 element=59759 tile=90,84 level=0 size=1 recolors=6 retextures=0
spawn_npc: npc=3254 element=59760 tile=90,84 level=0 size=1 recolors=3 retextures=0
spawn_npc: npc=3254 element=59761 tile=90,84 level=0 size=1 recolors=3 retextures=0
spawn_npc: npc=6816 element=59762 tile=90,84 level=0 size=1 recolors=3 retextures=0
spawn_npc: npc=2854 element=59770 tile=90,84 level=0 size=1 recolors=1 retextures=0
spawn_npc: npc=3106 element=59771 tile=90,84 level=0 size=1 recolors=4 retextures=0
spawn_npc: npc=2854 element=59755 tile=90,84 level=0 size=1 recolors=1 retextures=0
spawn_npc: npc=5007 element=59772 tile=90,84 level=0 size=1 recolors=0 retextures=0
spawn_npc: npc=2854 element=59772 tile=90,84 level=0 size=1 recolors=1 retextures=0
spawn_npc: npc=3111 element=59772 tile=90,84 level=0 size=1 recolors=3 retextures=0
spawn_npc: npc=3111 element=59772 tile=90,84 level=0 size=1 recolors=3 retextures=0
spawn_npc: npc=3105 element=59753 tile=90,84 level=0 size=1 recolors=6 retextures=0

=== torirs_perf report ===
frames=1500 ring=1500 over_20ms=14 (0.9%) eff_fps=99.1
frame_ns mean=10095237 p50=5988000 p95=10483000 max=4847909000  (budget=20000000)

stage           mean_ns     p50_ns     p95_ns     max_ns
async            402600     151000     471000   85932000
logic           1098122     644000    1109000  267705000
cs2              780622     332000     595000  267034000
layout              404          0       1000     118000
interact          28194      24000      34000     668000
emit             169312     150000     266000    2258000
paint            801690     762000    1006000    3631000
build            801920     762000    1007000    3631000
render          3654560    3510000    5146000   12212000
present          160943     144000     231000    1686000
server            69814       2000      10000   92801000
residual        2127056  (frame_mean - attributed stages)

counter                                 total    per_frame
uitree_find_id                        1170050       780.03
uitree_find_id_probes                 3461635      2307.76
uitree_id_rebuild                         161         0.11
uitree_find_child                       30509        20.34
uitree_find_child_hit                   17886        11.92
uitree_find_child_ceil_miss             12022         8.01
uitree_walk_emit                      4270219      2846.81
uitree_walk_hit                       1055395       703.60
uitree_walk_hover                      155070       103.38
uitree_emit_skip                      4042613      2695.08
uitree_layout_resolve                    3177         2.12
uitree_layout_skip                       1588         1.06
uitree_layout_nodes                  11027113      7351.41
uitree_layout_node_skip              10914691      7276.46
uitree_layout_depth_recompute            1576         1.05
uitree_ensure_layout                    87445        58.30
uitree_cc_create                        10112         6.74
uitree_cc_delete                            3         0.00
uitree_cc_deleteall                      1919         1.28
uitree_cc_deleteall_rows                 4549         3.03
uitree_apply_geo                        30399        20.27
uitree_apply_content                    33053        22.04
uitree_apply_hook                        9206         6.14
uitree_apply_other                     778710       519.14
uitree_components                    10541771      7027.85
uitree_capacity                      12195840      8130.56
uitree_free_list                         4155         2.77
uitree_node_bytes                 21171978240  14114652.16
cs2_scripts                             41540        27.69
cs2_opcodes                           5046537      3364.36
cs2_host_ops                           687513       458.34
cs2_cycles                            5046537      3364.36
cs2_vm_acquire                          39445        26.30
cs2_vm_pool_hit                         39443        26.30
cs2_vm_pool_miss                            2         0.00
cs2_vm_init_ns                       32129000     21419.33
cs2_frame_pool_hit                      81204        54.14
cs2_frame_pool_miss                        11         0.01
cache_model_hit                         25470        16.98
cache_model_miss                         2196         1.46
cache_sprite_hit                         2693         1.80
cache_sprite_miss                         911         0.61
painter_pops                         12417832      8278.55
painter_gate_rejects                  5423250      3615.50
painter_pushes                       12417832      8278.55
painter_push_dedup                    5426650      3617.77
painter_drain_events                     5908         3.94
painter_commands                      7697639      5131.76
painter_tiles_remaining_set           6388025      4258.68
scene_elements                       88821389     59214.26
scene_anim_list                        459174       306.12
zone_map_count                          88543        59.03
zone_map_capacity                      383744       255.83
npc_slot_max                            97435        64.96
cache_model_size                      1688534      1125.69
cache_sprite_size                      825256       550.17
iface_open                                 26         0.02
iface_bake                                 22         0.01
iface_bake_reuse                            4         0.00
iface_mount_ns                        7045000      4696.67
iface_groups_resident                   41628        27.75
uitree_hidden                         6441571      4294.38
uitree_unmounted                           43         0.03
uitree_freed                             4155         2.77
uitree_hook_blocks                    1263835       842.56
uitree_hook_bytes                 12891117000   8594078.00
host_inv_hooks                          28200        18.80
host_var_hooks                         246475       164.32
host_stat_hooks                         96503        64.34
bridge_sprite_map                      753429       502.29
bridge_obj_icon_map                     69827        46.55
cache_clientscript_size                763062       508.71
uitree_anim_scan                         3382         2.25
iface_group_scan_nodes                   2437         1.62
=== end torirs_perf ===

app: map archives are unencrypted at this revision
app: cache profile epoch=dat2 game=oldschool revision=239 quirks=none
varbit load: 20411 types (19008 records, ids 0..20410)
hitsplat load: 83 types (83 records)
InterfaceOpen done: iface=161 pack_components=99 tree_components=1068 onloads=6 inv_hooks=0 var_hooks=6 mounts=0
