torirs: dat2 cache=cache.osrs239 iface=161
torirs_perf: enabled (ring=2048 window=1000 budget=20ms)
audio: SDL_OpenAudioDevice: CoreAudio error (AudioDeviceGetProperty (kAudioDevicePropertyDeviceIsAlive)): 560947818
audio: no device; running silent
mock230: features era=osrs approach=rect op_nearest=10
mock230: obj metadata loaded (33747 records from cache.osrs239, 53853 params in 1262 KB)
mock230: npc metadata loaded (16292 records from cache.osrs239, 29869 params in 700 KB)
mock230: sequence debug names loaded (0 named — falling back to pack/seq.pack, 14429 priorities)
mock230: loc configs loaded (62194 records from cache.osrs239; 1709 param rows in 41016 bytes, 30033 names in 565681 bytes, 17309 footprints in 138472 bytes, 8407 categories in 67256 bytes)
mock230: struct params loaded (3988 records from cache.osrs239, 20751 rows in 877 KB)
mock230: 2872 varp(s) carry varbits
mock230: varbit table loaded (19008 records from cache.osrs239)
mock230: 1117 param types from configs/all.param
mock230: 5862 enums from configs/all.enum
mock230: content loaded (213779 symbols, 476 constants, 44 npc defs, 2204 loc defs, 201 varp defs, 1496 equip reqs (675 from the cache), 65 npc spawns, 12 obj spawns)
mock230: server band: npc.wanderrange stays text-loaded on 2 record(s) — the band has no wire for it
mock230: server band: npc.nomove stays text-loaded on 12 record(s) — the band has no wire for it
mock230: server band: npc.huntmode stays text-loaded on 10 record(s) — the band has no wire for it
mock230: server band loaded: 2975 archive(s) verified identical to the text parse and applied (817 overlay authored defs, 24 field value(s) text-only, 113 archive(s) over records the runtime never loads)
mock230: db tables loaded (257 tables, 15608 rows from cache.osrs239; 245 schema(s) installed, 15418 row(s) filled; 246 archive table(s), 16711 archive row(s))
mock230: bank tables loaded (19008 varbits, bank=1410 slots)
Dat2SpriteLoadByName: archive 'mapfunction' not found in sprites table
Dat2SpriteLoadByName: archive 'hitmark' not found in sprites table
mock230: login user='testc' session=ok
mock230: 1029 scripts loaded from OSRS-Content/osrs239-content/server/scripts/build
mock230: 1 opcode(s) this content uses are not implemented:
  LINEOFWALK                   first wanted by [opheld1,mithril_seed]
mock230: 3 engine fallback(s) still answer triggers content does not bind
mock230: scene built at zone 402,402 (base 3168,3168 — 8455 locs)
net: no decoder for wire opcode 108 (osrs230) — dropped
textures: sprite-backed system (no materials table)
Failed to load dat2 texture 65535
world_load: 9 chunks, 18 underlays, 33 overlays, 36 textures, 1472 locs, 1052 models, 33 seqs
painter_paint_bucket: draw box 25x25 has 0 visible tiles (cullspan=1 cullmap_radius=0) — world will be blank; set TORIRS_PAINTER_NOCULL=1 to recover
Dat2SpriteLoadByName: archive 'mapfunction' not found in sprites table
Dat2SpriteLoadByName: archive 'hitmark' not found in sprites table
Dat2SpriteLoadByName: archive 'mapfunction' not found in sprites table
Dat2SpriteLoadByName: archive 'hitmark' not found in sprites table
Dat2SpriteLoadByName: archive 'mapfunction' not found in sprites table
Dat2SpriteLoadByName: archive 'hitmark' not found in sprites table
Dat2SpriteLoadByName: archive 'mapfunction' not found in sprites table
Dat2SpriteLoadByName: archive 'hitmark' not found in sprites table
Dat2SpriteLoadByName: archive 'mapfunction' not found in sprites table
Dat2SpriteLoadByName: archive 'hitmark' not found in sprites table
Dat2SpriteLoadByName: archive 'mapfunction' not found in sprites table
Dat2SpriteLoadByName: archive 'hitmark' not found in sprites table
Dat2SpriteLoadByName: archive 'mapfunction' not found in sprites table
Dat2SpriteLoadByName: archive 'hitmark' not found in sprites table
Dat2SpriteLoadByName: archive 'mapfunction' not found in sprites table
Dat2SpriteLoadByName: archive 'hitmark' not found in sprites table
Dat2SpriteLoadByName: archive 'mapfunction' not found in sprites table
Dat2SpriteLoadByName: archive 'hitmark' not found in sprites table
Dat2SpriteLoadByName: archive 'mapfunction' not found in sprites table
Dat2SpriteLoadByName: archive 'hitmark' not found in sprites table
Dat2SpriteLoadByName: archive 'mapfunction' not found in sprites table
Dat2SpriteLoadByName: archive 'hitmark' not found in sprites table
Dat2SpriteLoadByName: archive 'mapfunction' not found in sprites table
Dat2SpriteLoadByName: archive 'hitmark' not found in sprites table
Dat2SpriteLoadByName: archive 'mapfunction' not found in sprites table
Dat2SpriteLoadByName: archive 'hitmark' not found in sprites table
Dat2SpriteLoadByName: archive 'mapfunction' not found in sprites table
Dat2SpriteLoadByName: archive 'hitmark' not found in sprites table
Dat2SpriteLoadByName: archive 'mapfunction' not found in sprites table
Dat2SpriteLoadByName: archive 'hitmark' not found in sprites table
Dat2SpriteLoadByName: archive 'mapfunction' not found in sprites table
Dat2SpriteLoadByName: archive 'hitmark' not found in sprites table
Dat2SpriteLoadByName: archive 'mapfunction' not found in sprites table
Dat2SpriteLoadByName: archive 'hitmark' not found in sprites table
Dat2SpriteLoadByName: archive 'mapfunction' not found in sprites table
Dat2SpriteLoadByName: archive 'hitmark' not found in sprites table
Dat2SpriteLoadByName: archive 'mapfunction' not found in sprites table
Dat2SpriteLoadByName: archive 'hitmark' not found in sprites table
Dat2SpriteLoadByName: archive 'mapfunction' not found in sprites table
Dat2SpriteLoadByName: archive 'hitmark' not found in sprites table
Dat2SpriteLoadByName: archive 'mapfunction' not found in sprites table
Dat2SpriteLoadByName: archive 'hitmark' not found in sprites table
Dat2SpriteLoadByName: archive 'mapfunction' not found in sprites table
Dat2SpriteLoadByName: archive 'hitmark' not found in sprites table
Dat2SpriteLoadByName: archive 'mapfunction' not found in sprites table
Dat2SpriteLoadByName: archive 'hitmark' not found in sprites table
Dat2SpriteLoadByName: archive 'mapfunction' not found in sprites table
Dat2SpriteLoadByName: archive 'hitmark' not found in sprites table
Dat2SpriteLoadByName: archive 'mapfunction' not found in sprites table
Dat2SpriteLoadByName: archive 'hitmark' not found in sprites table
Failed to load dat2 idk 307
spawn_player: element=59751 tile=84,84 level=0
spawn_npc: npc=3111 element=59752 tile=90,84 level=0 size=1 recolors=3 retextures=0
spawn_npc: npc=3106 element=59753 tile=90,84 level=0 size=1 recolors=4 retextures=0
spawn_npc: npc=3105 element=59754 tile=90,84 level=0 size=1 recolors=6 retextures=0
spawn_npc: npc=3108 element=59755 tile=90,84 level=0 size=1 recolors=2 retextures=0
spawn_npc: npc=5007 element=59756 tile=90,84 level=0 size=1 recolors=0 retextures=0
spawn_npc: npc=10619 element=59757 tile=90,84 level=0 size=1 recolors=5 retextures=0
spawn_npc: npc=13618 element=59758 tile=90,84 level=0 size=1 recolors=6 retextures=0
spawn_npc: npc=0 element=59759 tile=90,84 level=0 size=1 recolors=0 retextures=0
spawn_npc: npc=6773 element=59760 tile=90,84 level=0 size=1 recolors=6 retextures=0
spawn_npc: npc=3254 element=59761 tile=90,84 level=0 size=1 recolors=3 retextures=0
spawn_npc: npc=3254 element=59762 tile=90,84 level=0 size=1 recolors=3 retextures=0
spawn_npc: npc=6816 element=59763 tile=90,84 level=0 size=1 recolors=3 retextures=0
spawn_npc: npc=3105 element=59752 tile=90,84 level=0 size=1 recolors=6 retextures=0
spawn_npc: npc=3111 element=59754 tile=90,84 level=0 size=1 recolors=3 retextures=0
spawn_npc: npc=3105 element=59752 tile=90,84 level=0 size=1 recolors=6 retextures=0
spawn_npc: npc=5007 element=59752 tile=90,84 level=0 size=1 recolors=0 retextures=0
spawn_npc: npc=3105 element=59754 tile=90,84 level=0 size=1 recolors=6 retextures=0
spawn_npc: npc=3105 element=59754 tile=90,84 level=0 size=1 recolors=6 retextures=0
spawn_npc: npc=3111 element=59754 tile=90,84 level=0 size=1 recolors=3 retextures=0
spawn_npc: npc=3105 element=59754 tile=90,84 level=0 size=1 recolors=6 retextures=0
spawn_npc: npc=3111 element=59756 tile=90,84 level=0 size=1 recolors=3 retextures=0
spawn_npc: npc=3111 element=59752 tile=90,84 level=0 size=1 recolors=3 retextures=0
spawn_npc: npc=3105 element=59754 tile=90,84 level=0 size=1 recolors=6 retextures=0
spawn_npc: npc=2854 element=59756 tile=90,84 level=0 size=1 recolors=1 retextures=0
spawn_npc: npc=2854 element=59754 tile=90,84 level=0 size=1 recolors=1 retextures=0
spawn_npc: npc=3105 element=59771 tile=90,84 level=0 size=1 recolors=6 retextures=0
spawn_npc: npc=3105 element=59752 tile=90,84 level=0 size=1 recolors=6 retextures=0
spawn_npc: npc=2854 element=59771 tile=90,84 level=0 size=1 recolors=1 retextures=0

=== torirs_perf report ===
frames=83159 ring=2048 over_20ms=83 (0.1%) eff_fps=225.9
frame_ns mean=4426985 p50=4267000 p95=5328000 max=21198000  (budget=20000000)

stage           mean_ns     p50_ns     p95_ns     max_ns
async             60177       2000     237000     831000
logic            227414     186000     422000    2124000
cs2               54863          0     238000    1545000
layout               73          0       1000       5000
interact          20545      18000      31000     112000
emit             139413     125000     262000    1432000
paint            363481     345000     440000    3583000
build            363648     345000     440000    3583000
render          3225854    3117000    3785000   14419000
present          148549     137000     210000    2047000
server             6052       1000       9000     720000
residual        -183084  (frame_mean - attributed stages)

counter                                 total    per_frame
uitree_find_id                        1150029       561.54
uitree_find_id_probes                 2076268      1013.80
uitree_find_child                       12700         6.20
uitree_find_child_hit                    3760         1.84
uitree_find_child_ceil_miss              8940         4.37
uitree_walk_emit                      5885952      2874.00
uitree_walk_hit                       1454080       710.00
uitree_walk_hover                      212992       104.00
uitree_emit_skip                      5578752      2724.00
uitree_layout_resolve                    1162         0.57
uitree_layout_skip                        581         0.28
uitree_layout_nodes                   4120452      2011.94
uitree_layout_node_skip               4118417      2010.95
uitree_layout_depth_recompute             581         0.28
uitree_ensure_layout                    33313        16.27
uitree_cc_deleteall                       581         0.28
uitree_apply_geo                        17544         8.57
uitree_apply_content                    13517         6.60
uitree_apply_hook                        1108         0.54
uitree_apply_other                    1028014       501.96
uitree_components                    14524416      7092.00
uitree_capacity                      16777216      8192.00
uitree_free_list                         6144         3.00
uitree_node_bytes                 28856811520  14090240.00
cs2_scripts                             17430         8.51
cs2_opcodes                           1586424       774.62
cs2_host_ops                           212016       103.52
cs2_cycles                            1586424       774.62
cs2_vm_acquire                          17430         8.51
cs2_vm_pool_hit                         17430         8.51
cs2_vm_init_ns                       12773000      6236.82
cs2_frame_pool_hit                      34148        16.67
cache_model_hit                            18         0.01
cache_sprite_hit                            6         0.00
painter_pops                         17204132      8400.46
painter_gate_rejects                  7512293      3668.11
painter_pushes                       17204132      8400.46
painter_push_dedup                    7527446      3675.51
painter_drain_events                     8192         4.00
painter_commands                     11142596      5440.72
painter_tiles_remaining_set           8857600      4325.00
scene_elements                       34727532     16956.80
scene_anim_list                        179529        87.66
zone_map_count                         131072        64.00
zone_map_capacity                      524288       256.00
npc_slot_max                           133120        65.00
cache_model_size                       662340       323.41
cache_sprite_size                      323036       157.73
=== end torirs_perf ===

app: map archives are unencrypted at this revision
app: cache profile epoch=dat2 game=oldschool revision=239 quirks=none
varbit load: 20411 types (19008 records, ids 0..20410)
hitsplat load: 83 types (83 records)
InterfaceOpen done: iface=161 pack_components=99 tree_components=1068 onloads=6 inv_hooks=0 var_hooks=8 mounts=0
