torirs: dat2 cache=/Users/matthewevers/Documents/git_repos/3draster/cache.osrs239.baked iface=161
torirs_perf: enabled (ring=2048 window=500 budget=20ms) csv=/Users/matthewevers/Documents/git_repos/3draster/tools/perf/results/cvj/torirs-O3-idle.csv
mock230: features era=osrs approach=rect op_nearest=10
mock230: obj metadata loaded (33747 records from cache.osrs239.baked, 53853 params in 1262 KB)
mock230: npc metadata loaded (16292 records from cache.osrs239.baked, 29869 params in 700 KB)
mock230: sequence debug names loaded (0 named — falling back to pack/seq.pack, 14429 priorities)
mock230: loc configs loaded (62194 records from cache.osrs239.baked; 1709 param rows in 41016 bytes, 30033 names in 565681 bytes, 17309 footprints in 138472 bytes, 8407 categories in 67256 bytes)
mock230: struct params loaded (3988 records from cache.osrs239.baked, 20751 rows in 877 KB)
mock230: 2872 varp(s) carry varbits
mock230: varbit table loaded (19008 records from cache.osrs239.baked)
mock230: 1117 param types from configs/all.param
mock230: 3 server param type(s) from OSRS-Content/osrs239-content/server/scripts/quests/quest_fluffs/configs/quest_fluffs.param
mock230: 2 server param type(s) from OSRS-Content/osrs239-content/server/scripts/quests/quest_murder/configs/quest_murder.param
mock230: 1 server param type(s) from OSRS-Content/osrs239-content/server/scripts/quests/quest_mm/configs/quest_mm.param
mock230: 1 server param type(s) from OSRS-Content/osrs239-content/server/scripts/quests/quest_haunted/configs/quest_haunted.param
mock230: 3 server param type(s) from OSRS-Content/osrs239-content/server/scripts/quests/quest_upass/configs/quest_upass.param
mock230: 1 server param type(s) from OSRS-Content/osrs239-content/server/scripts/quests/quest_hazeelcult/configs/quest_hazeelcult.param
mock230: 1 server param type(s) from OSRS-Content/osrs239-content/server/scripts/quests/quest_legends/configs/quest_legends.param
mock230: 1 server param type(s) from OSRS-Content/osrs239-content/server/scripts/quests/quest_tbwt/configs/quest_tbwt.param
mock230: 1 server param type(s) from OSRS-Content/osrs239-content/server/scripts/minigames/game_mortton/configs/mortton_shades.param
mock230: 1 server param type(s) from OSRS-Content/osrs239-content/server/scripts/areas/area_mage_arena/configs/mage_arena.param
mock230: 1 server param type(s) from OSRS-Content/osrs239-content/server/scripts/interface_bank/configs/bank.param
mock230: 1 server param type(s) from OSRS-Content/osrs239-content/server/scripts/doors/configs/doors.param
mock230: 2 server param type(s) from OSRS-Content/osrs239-content/server/scripts/skill_magic/configs/magic.param
mock230: 1 server param type(s) from OSRS-Content/osrs239-content/server/scripts/skill_prayer/configs/bones.param
mock230: 8 server param type(s) from OSRS-Content/osrs239-content/server/scripts/skill_agility/configs/agility.param
mock230: 10 server param type(s) from OSRS-Content/osrs239-content/server/scripts/skill_cooking/configs/gnome_cooking/gnome_cooking.param
mock230: 1 server param type(s) from OSRS-Content/osrs239-content/server/scripts/npc/configs/npc.param
mock230: 9 server param type(s) from OSRS-Content/osrs239-content/server/scripts/skill_combat/configs/npc_combat.param
mock230: 40 server param type(s) from OSRS-Content/osrs239-content/server/scripts/skill_combat/configs/combat.param
mock230: 2 server param type(s) from OSRS-Content/osrs239-content/server/scripts/skill_combat/configs/weapon_poison.param
mock230: 2 server param type(s) from OSRS-Content/osrs239-content/server/scripts/player/configs/consumption/consume.param
mock230: 2 server param type(s) from OSRS-Content/osrs239-content/server/scripts/player/configs/death.param
mock230: 7 server param type(s) from OSRS-Content/osrs239-content/server/scripts/player/configs/bas.param
mock230: 5862 enums from configs/all.enum
mock230: content loaded (215126 symbols, 4860 constants, 202 npc defs, 2330 loc defs, 886 varp defs, 1496 equip reqs (675 from the cache), 67 npc spawns, 12 obj spawns)
mock230: 13 config line(s) restate a field the client's own record carries — the cache already says it, so the overlay is inert
mock230: server band: npc.attack stays text-loaded on 42 record(s) — the band has no wire for it
mock230: server band: npc.defence stays text-loaded on 42 record(s) — the band has no wire for it
mock230: server band: npc.strength stays text-loaded on 42 record(s) — the band has no wire for it
mock230: server band: npc.hitpoints stays text-loaded on 46 record(s) — the band has no wire for it
mock230: server band: npc.magic stays text-loaded on 23 record(s) — the band has no wire for it
mock230: server band: npc.attackrate stays text-loaded on 4 record(s) — the band has no wire for it
mock230: server band: npc.death_drop stays text-loaded on 42 record(s) — the band has no wire for it
mock230: server band: npc.attack_anim stays text-loaded on 44 record(s) — the band has no wire for it
mock230: server band: npc.defend_anim stays text-loaded on 44 record(s) — the band has no wire for it
mock230: server band: npc.death_anim stays text-loaded on 38 record(s) — the band has no wire for it
mock230: server band: npc.wanderrange stays text-loaded on 39 record(s) — the band has no wire for it
mock230: server band: npc.maxrange stays text-loaded on 25 record(s) — the band has no wire for it
mock230: server band: npc.huntrange stays text-loaded on 35 record(s) — the band has no wire for it
mock230: server band: npc.respawnrate stays text-loaded on 43 record(s) — the band has no wire for it
mock230: server band: npc.moverestrict stays text-loaded on 15 record(s) — the band has no wire for it
mock230: server band: npc.nomove stays text-loaded on 12 record(s) — the band has no wire for it
mock230: server band: npc.huntmode stays text-loaded on 63 record(s) — the band has no wire for it
mock230: server band: loc.next_loc_stage stays text-loaded on 75 record(s) — the band has no wire for it
mock230: server band loaded: 2975 archive(s) verified identical to the text parse and applied (869 overlay authored defs, 674 field value(s) text-only, 113 archive(s) over records the runtime never loads)
mock230: db tables loaded (293 tables, 16343 rows from cache.osrs239.baked; 243 schema(s) installed, 15418 row(s) filled; 246 archive table(s), 16711 archive row(s))
mock230: bank tables loaded (19008 varbits, bank=1410 slots)
Dat2SpriteLoadByName: archive 'hitmark' not found in sprites table
boot: 9616ms  frames=1 steps=242 capped=0
mock230: login user='testc' session=ok
mock230: 12319 scripts loaded from OSRS-Content/osrs239-content/server/scripts/build
mock230: 10 opcode(s) this content uses are not implemented:
  HINT_NPC                     first wanted by [queue,spawn_jungle_demon]
  IF_OPENOVERLAY               first wanted by [proc,soulsbane_anger_on_damage]
  IF_SETMODEL                  first wanted by [proc,barrows_puzzle_set_models]
  P_APRANGE                    first wanted by [apnpc1,death_barman]
  P_EXACTMOVE                  first wanted by [oploc1,upass_ledge]
  QUEUEVARARG                  first wanted by [label,gwd_kril_attack]
  NPC_ARRIVEDELAY              first wanted by [ai_queue3,ghast_vis]
  NPC_FINDALLZONE              first wanted by [proc,rd_spawn_leye]
  NPC_STATADD                  first wanted by [proc,slayer_after_player_hit]
  INV_CHANGESLOT               first wanted by [timer,desert_heat]
mock230: 3 engine fallback(s) still answer triggers content does not bind
mock230: content binds a trigger over a verb the engine answers itself:
  [opnpc2,lathastrainingogre]        takes "Attack" without re-issuing it (P_OPNPC)
  [opnpc2,godwars_armadyl_avatar]    takes "Attack" without re-issuing it (P_OPNPC)
  [opnpc2,godwars_armadyl_bodyguard_skree] takes "Attack" without re-issuing it (P_OPNPC)
  [opnpc2,godwars_armadyl_bodyguard_geerin] takes "Attack" without re-issuing it (P_OPNPC)
  [opnpc2,godwars_armadyl_bodyguard_kilisa] takes "Attack" without re-issuing it (P_OPNPC)
  [opnpc2,misc_man_1]                takes "Attack" without re-issuing it (P_OPNPC)
  [opnpc2,misc_man_2]                takes "Attack" without re-issuing it (P_OPNPC)
  [opnpc2,misc_man_3]                takes "Attack" without re-issuing it (P_OPNPC)
  [opnpc2,misc_man_4]                takes "Attack" without re-issuing it (P_OPNPC)
  [opnpc2,misc_man_5]                takes "Attack" without re-issuing it (P_OPNPC)
  [opnpc2,misc_man_6]                takes "Attack" without re-issuing it (P_OPNPC)
  [opnpc2,misc_man_7]                takes "Attack" without re-issuing it (P_OPNPC)
  [opnpc2,misc_woman_1]              takes "Attack" without re-issuing it (P_OPNPC)
  [opnpc2,misc_woman_2]              takes "Attack" without re-issuing it (P_OPNPC)
  [opnpc2,misc_woman_3]              takes "Attack" without re-issuing it (P_OPNPC)
  [opnpc2,misc_woman_4]              takes "Attack" without re-issuing it (P_OPNPC)
  [opnpc2,misc_woman_5]              takes "Attack" without re-issuing it (P_OPNPC)
  [opnpc2,misc_woman_6]              takes "Attack" without re-issuing it (P_OPNPC)
  [opnpc2,etc_guard1]                takes "Attack" without re-issuing it (P_OPNPC)
  [opnpc2,etc_guard2]                takes "Attack" without re-issuing it (P_OPNPC)
  [opnpc2,arcquest_ghost1]           takes "Attack" without re-issuing it (P_OPNPC)
  [opnpc2,arcquest_ghost2]           takes "Attack" without re-issuing it (P_OPNPC)
  [opnpc2,arcquest_soul]             takes "Attack" without re-issuing it (P_OPNPC)
  [opnpc2,bim_golem_boss]            takes "Attack" without re-issuing it (P_OPNPC)
  [opnpc1,doti_backupactor]          takes "Attack" without re-issuing it (P_OPNPC)
  [opnpc2,hosidiusquest_snake]       takes "Attack" without re-issuing it (P_OPNPC)
  [opnpc2,ghast_vis]                 takes "Attack" without re-issuing it (P_OPNPC)
  [opnpc2,ga_beast]                  takes "Attack" without re-issuing it (P_OPNPC)
  [opnpc2,cowboss]                   takes "Attack" without re-issuing it (P_OPNPC)
  [opnpc2,irvig_senay]               takes "Attack" without re-issuing it (P_OPNPC)
  [opnpc2,ranalph_devere]            takes "Attack" without re-issuing it (P_OPNPC)
  [opnpc2,san_tojalon]               takes "Attack" without re-issuing it (P_OPNPC)
  [opnpc2,porcine_sourhog_second]    takes "Attack" without re-issuing it (P_OPNPC)
  [opnpc2,sailing_charting_drink_crate_prying_times_effect_troll] takes "Attack" without re-issuing it (P_OPNPC)
  [opnpc2,frog_quest_cuthbert_combat] takes "Attack" without re-issuing it (P_OPNPC)
  [opnpc2,troll_spectator1]          takes "Attack" without re-issuing it (P_OPNPC)
  [opnpc2,troll_spectator2]          takes "Attack" without re-issuing it (P_OPNPC)
  [opnpc2,troll_spectator3]          takes "Attack" without re-issuing it (P_OPNPC)
  [opnpc2,troll_spectator4]          takes "Attack" without re-issuing it (P_OPNPC)
  [opnpc2,troll_spectator5]          takes "Attack" without re-issuing it (P_OPNPC)
  [opnpc2,troll_spectator6]          takes "Attack" without re-issuing it (P_OPNPC)
  [opnpc2,troll_spectator7]          takes "Attack" without re-issuing it (P_OPNPC)
  [opnpc2,trollromance_arrg_attackable] takes "Attack" without re-issuing it (P_OPNPC)
mock230: 43 script(s) shadow an engine verb — check each does the engine's job or means not to; this is a review list, not an error
mock230: scene built at zone 402,402 (base 3168,3168 — 8455 locs)
mock230: npc roster 67 spawn(s), slot_max=67
textures: sprite-backed system (no materials table)
Failed to load dat2 texture 65535
world_load: 9 chunks, 18 underlays, 33 overlays, 36 textures, 1472 locs, 1052 models, 33 seqs
Dat2SpriteLoadByName: archive 'hitmark' not found in sprites table
Dat2SpriteLoadByName: archive 'hitmark' not found in sprites table
Dat2SpriteLoadByName: archive 'hitmark' not found in sprites table
Dat2SpriteLoadByName: archive 'hitmark' not found in sprites table
Dat2SpriteLoadByName: archive 'hitmark' not found in sprites table
Dat2SpriteLoadByName: archive 'hitmark' not found in sprites table
Dat2SpriteLoadByName: archive 'hitmark' not found in sprites table
Dat2SpriteLoadByName: archive 'hitmark' not found in sprites table
Dat2SpriteLoadByName: archive 'hitmark' not found in sprites table
Dat2SpriteLoadByName: archive 'hitmark' not found in sprites table
Dat2SpriteLoadByName: archive 'hitmark' not found in sprites table
Dat2SpriteLoadByName: archive 'hitmark' not found in sprites table
Dat2SpriteLoadByName: archive 'hitmark' not found in sprites table
Dat2SpriteLoadByName: archive 'hitmark' not found in sprites table
Dat2SpriteLoadByName: archive 'hitmark' not found in sprites table
mock230: scene built at zone 803,13 (base 6376,56 — 0 locs)
Dat2SpriteLoadByName: archive 'hitmark' not found in sprites table
Dat2SpriteLoadByName: archive 'hitmark' not found in sprites table
Dat2SpriteLoadByName: archive 'hitmark' not found in sprites table
Dat2SpriteLoadByName: archive 'hitmark' not found in sprites table
Dat2SpriteLoadByName: archive 'hitmark' not found in sprites table
Dat2SpriteLoadByName: archive 'hitmark' not found in sprites table
Dat2SpriteLoadByName: archive 'hitmark' not found in sprites table
Dat2SpriteLoadByName: archive 'hitmark' not found in sprites table
Dat2SpriteLoadByName: archive 'hitmark' not found in sprites table
client_layout: mode=1
Failed to load dat2 idk 307
spawn_player: element=19359 tile=52,52 level=0
No terrain archive for map (99,0)
No scenery archive for map (99,0)
world_load: map 99,0 unavailable (missing archive)
No terrain archive for map (99,1)
No scenery archive for map (99,1)
world_load: map 99,1 unavailable (missing archive)
No terrain archive for map (99,2)
No scenery archive for map (99,2)
world_load: map 99,2 unavailable (missing archive)
No terrain archive for map (100,0)
No scenery archive for map (100,0)
world_load: map 100,0 unavailable (missing archive)
No terrain archive for map (100,1)
No scenery archive for map (100,1)
world_load: map 100,1 unavailable (missing archive)
No terrain archive for map (100,2)
No scenery archive for map (100,2)
world_load: map 100,2 unavailable (missing archive)
No terrain archive for map (101,0)
No scenery archive for map (101,0)
world_load: map 101,0 unavailable (missing archive)
No terrain archive for map (101,1)
No scenery archive for map (101,1)
world_load: map 101,1 unavailable (missing archive)
No terrain archive for map (101,2)
No scenery archive for map (101,2)
world_load: map 101,2 unavailable (missing archive)
world_load: 9 chunks, 0 underlays, 0 overlays, 0 textures, 0 locs, 0 models, 0 seqs
mock230: loc_add 24988 at 2953,3444 failed — unknown loc or outside the scene
  at [proc,puro_circle_build] - puropuro.rs2:241 (pc 14, op LOC_ADD)
  from [proc,puro_circle_sync] - puropuro.rs2:254
  from [softtimer,puro_circle_tick] - puropuro.rs2:263
mock230: abort context host_tag=0 pointers=0x1 active_npc=0
Dat2SpriteLoadByName: archive 'hitmark' not found in sprites table
Dat2SpriteLoadByName: archive 'hitmark' not found in sprites table
Dat2SpriteLoadByName: archive 'hitmark' not found in sprites table
Dat2SpriteLoadByName: archive 'hitmark' not found in sprites table
Dat2SpriteLoadByName: archive 'hitmark' not found in sprites table
Dat2SpriteLoadByName: archive 'hitmark' not found in sprites table
Dat2SpriteLoadByName: archive 'hitmark' not found in sprites table
Dat2SpriteLoadByName: archive 'hitmark' not found in sprites table
Dat2SpriteLoadByName: archive 'hitmark' not found in sprites table
Dat2SpriteLoadByName: archive 'hitmark' not found in sprites table
Dat2SpriteLoadByName: archive 'hitmark' not found in sprites table
Dat2SpriteLoadByName: archive 'hitmark' not found in sprites table
Dat2SpriteLoadByName: archive 'hitmark' not found in sprites table
Dat2SpriteLoadByName: archive 'hitmark' not found in sprites table
Dat2SpriteLoadByName: archive 'hitmark' not found in sprites table
Dat2SpriteLoadByName: archive 'hitmark' not found in sprites table
Dat2SpriteLoadByName: archive 'hitmark' not found in sprites table
Dat2SpriteLoadByName: archive 'hitmark' not found in sprites table
Dat2SpriteLoadByName: archive 'hitmark' not found in sprites table
Dat2SpriteLoadByName: archive 'hitmark' not found in sprites table
Dat2SpriteLoadByName: archive 'hitmark' not found in sprites table
Dat2SpriteLoadByName: archive 'hitmark' not found in sprites table
Dat2SpriteLoadByName: archive 'hitmark' not found in sprites table
Dat2SpriteLoadByName: archive 'hitmark' not found in sprites table
torirs_perf: window=500 writing /Users/matthewevers/Documents/git_repos/3draster/tools/perf/results/cvj/torirs-O3-idle.csv.windows.csv
torirs_perf: window=0 frame_p95=2.49ms
mock230: loc_add 24988 at 2953,3444 failed — unknown loc or outside the scene
  at [proc,puro_circle_build] - puropuro.rs2:241 (pc 14, op LOC_ADD)
  from [proc,puro_circle_sync] - puropuro.rs2:254
  from [softtimer,puro_circle_tick] - puropuro.rs2:263
mock230: abort context host_tag=0 pointers=0x1 active_npc=0
mock230: loc_add 24988 at 2953,3444 failed — unknown loc or outside the scene
  at [proc,puro_circle_build] - puropuro.rs2:241 (pc 14, op LOC_ADD)
  from [proc,puro_circle_sync] - puropuro.rs2:254
  from [softtimer,puro_circle_tick] - puropuro.rs2:263
mock230: abort context host_tag=0 pointers=0x1 active_npc=0
torirs_perf: window=1 frame_p95=0.88ms
mock230: loc_add 24988 at 2953,3444 failed — unknown loc or outside the scene
  at [proc,puro_circle_build] - puropuro.rs2:241 (pc 14, op LOC_ADD)
  from [proc,puro_circle_sync] - puropuro.rs2:254
  from [softtimer,puro_circle_tick] - puropuro.rs2:263
mock230: abort context host_tag=0 pointers=0x1 active_npc=0
post-boot: busy_frames=1 busy_steps=32 (frames that used the whole budget with work still queued)
torirs_perf: window=2 frame_p95=1.08ms

=== torirs_perf report ===
frames=1200 ring=1200 over_20ms=12 (1.0%) eff_fps=108.1
frame_ns mean=9249918 p50=706000 p95=1940000 max=9614695000  (budget=20000000)

stage           mean_ns     p50_ns     p95_ns     max_ns
async             53970          0       1000   63731000
logic            278342       1000     158000   65993000
cs2              274632          0     145000   65981000
layout             5495          0      55000      81000
interact           5774       5000      10000      49000
emit              45822      37000     104000     312000
paint             76925      85000     104000     131000
build             76968      85000     104000     131000
render           465440     411000    1489000    1929000
present          136335     135000     143000     199000
server           113374          0       1000   70304000
residual        7716841  (frame_mean - attributed stages)

counter                                 total    per_frame
uitree_find_id                         907685       756.40
uitree_find_id_probes                 2105949      1754.96
uitree_id_rebuild                        3289         2.74
uitree_find_child                       26506        22.09
uitree_find_child_hit                   16880        14.07
uitree_find_child_ceil_miss              8651         7.21
uitree_walk_emit                      3074329      2561.94
uitree_walk_hit                        683185       569.32
uitree_walk_hover                      109414        91.18
uitree_emit_skip                      2942347      2451.96
uitree_layout_resolve                     480         0.40
uitree_layout_skip                        211         0.18
uitree_layout_nodes                   1662707      1385.59
uitree_layout_node_skip               1551933      1293.28
uitree_layout_depth_recompute             249         0.21
uitree_ensure_layout                    11276         9.40
uitree_cc_create                        11997        10.00
uitree_cc_deleteall                       506         0.42
uitree_cc_deleteall_rows                 3430         2.86
uitree_apply_geo                        27686        23.07
uitree_apply_content                    37391        31.16
uitree_apply_hook                        8067         6.72
uitree_apply_other                     627936       523.28
uitree_components                     7665254      6387.71
uitree_capacity                       9050112      7541.76
uitree_node_bytes                 18824232960  15686860.80
cs2_scripts                              6211         5.18
cs2_opcodes                           2061640      1718.03
cs2_host_ops                           290903       242.42
cs2_cycles                            2061640      1718.03
cs2_vm_acquire                           4142         3.45
cs2_vm_pool_hit                          4140         3.45
cs2_vm_pool_miss                            2         0.00
cs2_vm_init_ns                        1289000      1074.17
cs2_frame_pool_hit                      10254         8.54
cs2_frame_pool_miss                        12         0.01
cache_model_hit                         11526         9.61
cache_model_miss                         2141         1.78
cache_sprite_hit                         7060         5.88
cache_sprite_miss                        1025         0.85
painter_pops                          8122910      6769.09
painter_gate_rejects                  3586722      2988.93
painter_pushes                        8122910      6769.09
painter_push_dedup                    3973260      3311.05
painter_drain_events                     4048         3.37
painter_commands                      4571588      3809.66
painter_tiles_remaining_set           4508236      3756.86
scene_elements                        2671667      2226.39
scene_anim_list                          3900         3.25
zone_map_count                          52058        43.38
zone_map_capacity                      306944       255.79
npc_slot_max                            80333        66.94
cache_model_size                       149890       124.91
cache_sprite_size                       78756        65.63
iface_open                                 49         0.04
iface_close                                 2         0.00
iface_bake                                 21         0.02
iface_bake_reuse                           28         0.02
iface_mount_ns                        3530000      2941.67
iface_groups_resident                    3717         3.10
uitree_hidden                          605003       504.17
uitree_unmounted                          160         0.13
uitree_hook_blocks                     112243        93.54
uitree_hook_bytes                  1144878600    954065.50
host_inv_hooks                           2548         2.12
host_var_hooks                          21970        18.31
host_stat_hooks                          8594         7.16
bridge_sprite_map                       73178        60.98
bridge_obj_icon_map                      4951         4.13
cache_clientscript_size                 66187        55.16
uitree_anim_scan                          340         0.28
iface_group_scan_nodes                   9338         7.78

torirs_perf: wrote /Users/matthewevers/Documents/git_repos/3draster/tools/perf/results/cvj/torirs-O3-idle.csv
=== end torirs_perf ===

app: map archives are unencrypted at this revision
app: cache profile epoch=dat2 game=oldschool revision=239 quirks=none
varbit load: 20411 types (19008 records, ids 0..20410)
hitsplat load: 83 types (83 records)
InterfaceOpen done: iface=161 pack_components=99 tree_components=1068 onloads=6 inv_hooks=0 var_hooks=6 mounts=0
Failed to load map terrain 99, 0 (archive_id: -1)
Failed to load map terrain 99, 1 (archive_id: -1)
Failed to load map terrain 99, 2 (archive_id: -1)
Failed to load map terrain 100, 0 (archive_id: -1)
Failed to load map terrain 100, 1 (archive_id: -1)
Failed to load map terrain 100, 2 (archive_id: -1)
Failed to load map terrain 101, 0 (archive_id: -1)
Failed to load map terrain 101, 1 (archive_id: -1)
Failed to load map terrain 101, 2 (archive_id: -1)
Failed to load map 99, 0 (archive_id)
Failed to load map 99, 1 (archive_id)
Failed to load map 99, 2 (archive_id)
Failed to load map 100, 0 (archive_id)
Failed to load map 100, 1 (archive_id)
Failed to load map 100, 2 (archive_id)
Failed to load map 101, 0 (archive_id)
Failed to load map 101, 1 (archive_id)
Failed to load map 101, 2 (archive_id)
