../OSRS-Content/osrs239-content/server/scripts/areas/area_ardougne_east/scripts/ardounge_monk.rs2:8: warning: duplicate script name '[opnpc1,monk_ardougne]'; one body will silently replace the other
../OSRS-Content/osrs239-content/server/scripts/areas/area_ardougne_east/scripts/man_east_ardougne.rs2:8: warning: duplicate script name '[opnpc1,ardougnian_male1]'; one body will silently replace the other
../OSRS-Content/osrs239-content/server/scripts/areas/area_ardougne_east/scripts/man_east_ardougne.rs2:9: warning: duplicate script name '[opnpc1,ardougnian_female1]'; one body will silently replace the other
../OSRS-Content/osrs239-content/server/scripts/areas/area_ardougne_east/scripts/man_east_ardougne.rs2:11: warning: duplicate script name '[label,citizen_dialogue_eastardy]'; one body will silently replace the other
../OSRS-Content/osrs239-content/server/scripts/areas/area_ardougne_east/scripts/zoo_keeper.rs2:9: warning: duplicate script name '[opnpc1,zoo_keeper]'; one body will silently replace the other
../OSRS-Content/osrs239-content/server/scripts/areas/varrock/scripts/tramppg.rs2:5: warning: duplicate script name '[opnpc1,tramppg]'; one body will silently replace the other
../OSRS-Content/osrs239-content/server/scripts/areas/varrock/scripts/tramppg.rs2:54: warning: duplicate script name '[label,tramp_phoenixmember]'; one body will silently replace the other
../OSRS-Content/osrs239-content/server/scripts/ladders_stairs/scripts/climb_shared.rs2:60: warning: duplicate script name '[oploc1,trapdoor_open]'; one body will silently replace the other
../OSRS-Content/osrs239-content/server/scripts/minigames/minigame_zenyte/scripts/zenyte.rs2:11: warning: duplicate script name '[oploc1,mm_temple_trapdoor_open]'; one body will silently replace the other
../OSRS-Content/osrs239-content/server/scripts/quests/quest_ascentofarceuus/scripts/ascentofarceuus_locs.rs2:32: warning: duplicate script name '[oploc1,brimstone_dungeon_exit]'; one body will silently replace the other
../OSRS-Content/osrs239-content/server/scripts/quests/quest_atailoftwocats/scripts/twocats.rs2:49: warning: duplicate script name '[opnpc1,death_woman_indoors1]'; one body will silently replace the other
../OSRS-Content/osrs239-content/server/scripts/quests/quest_belowicemountain/scripts/belowicemountain.rs2:363: warning: duplicate script name '[opnpc1,risingsun_barmaid]'; one body will silently replace the other
../OSRS-Content/osrs239-content/server/scripts/quests/quest_cog/scripts/brother_kojo.rs2:10: warning: duplicate script name '[opnpc1,brother_kojo]'; one body will silently replace the other
../OSRS-Content/osrs239-content/server/scripts/quests/quest_cog/scripts/brother_kojo.rs2:28: warning: duplicate script name '[label,cog_start_quest]'; one body will silently replace the other
../OSRS-Content/osrs239-content/server/scripts/quests/quest_cog/scripts/brother_kojo.rs2:36: warning: duplicate script name '[label,cog_start_options]'; one body will silently replace the other
../OSRS-Content/osrs239-content/server/scripts/quests/quest_cog/scripts/brother_kojo.rs2:54: warning: duplicate script name '[label,brother_kojo_before_placing_cogs]'; one body will silently replace the other
../OSRS-Content/osrs239-content/server/scripts/quests/quest_cog/scripts/brother_kojo.rs2:59: warning: duplicate script name '[label,brother_kojo_placed_one_cog]'; one body will silently replace the other
../OSRS-Content/osrs239-content/server/scripts/quests/quest_cog/scripts/brother_kojo.rs2:63: warning: duplicate script name '[label,brother_kojo_placed_two_cogs]'; one body will silently replace the other
../OSRS-Content/osrs239-content/server/scripts/quests/quest_cog/scripts/brother_kojo.rs2:67: warning: duplicate script name '[label,brother_kojo_placed_three_cogs]'; one body will silently replace the other
../OSRS-Content/osrs239-content/server/scripts/quests/quest_cog/scripts/brother_kojo.rs2:70: warning: duplicate script name '[label,brother_kojo_placed_all_cogs]'; one body will silently replace the other
../OSRS-Content/osrs239-content/server/scripts/quests/quest_cog/scripts/brother_kojo.rs2:76: warning: duplicate script name '[label,brother_kojo_post_clock_tower]'; one body will silently replace the other
../OSRS-Content/osrs239-content/server/scripts/quests/quest_currentaffairs/scripts/currentaffairs.rs2:62: warning: duplicate script name '[opnpc1,arhein]'; one body will silently replace the other
../OSRS-Content/osrs239-content/server/scripts/quests/quest_currentaffairs/scripts/currentaffairs.rs2:308: warning: duplicate script name '[opnpc1,harry]'; one body will silently replace the other
../OSRS-Content/osrs239-content/server/scripts/quests/quest_defenderofvarrock/scripts/dov_elias.rs2:167: warning: duplicate script name '[opnpc1,elias_white_vis]'; one body will silently replace the other
../OSRS-Content/osrs239-content/server/scripts/quests/quest_dragonslayer2/scripts/dragonslayer2.rs2:1294: warning: duplicate script name '[opnpc1,ics_little_sphinx]'; one body will silently replace the other
../OSRS-Content/osrs239-content/server/scripts/quests/quest_eaglepeak/scripts/asyff.rs2:5: warning: duplicate script name '[opnpc1,tailorp]'; one body will silently replace the other
../OSRS-Content/osrs239-content/server/scripts/quests/quest_eaglepeak/scripts/asyff.rs2:37: warning: duplicate script name '[opnpc3,tailorp]'; one body will silently replace the other
../OSRS-Content/osrs239-content/server/scripts/quests/quest_fluffs/scripts/quest_fluffs.rs2:244: warning: duplicate script name '[oploc1,gertrudeempty_crate]'; one body will silently replace the other
../OSRS-Content/osrs239-content/server/scripts/quests/quest_grandtree/scripts/grandtree_black_demon.rs2:23: warning: duplicate script name '[ai_queue3,grandtree_blackdemon]'; one body will silently replace the other
../OSRS-Content/osrs239-content/server/scripts/quests/quest_makingfriendswithmyarm/scripts/makingfriendswithmyarm.rs2:121: warning: duplicate script name '[opnpc1,peng_larry_rell]'; one body will silently replace the other
../OSRS-Content/osrs239-content/server/scripts/quests/quest_misc/scripts/misc_smithy.rs2:8: warning: duplicate script name '[opnpc1,misc_smithy]'; one body will silently replace the other
../OSRS-Content/osrs239-content/server/scripts/quests/quest_mm/scripts/mm_temple.rs2:9: warning: duplicate script name '[oploc1,mm_temple_trapdoor]'; one body will silently replace the other
../OSRS-Content/osrs239-content/server/scripts/quests/quest_mm/scripts/mm_temple.rs2:15: warning: duplicate script name '[oploc1,mm_temple_trapdoor_open]'; one body will silently replace the other
../OSRS-Content/osrs239-content/server/scripts/quests/quest_mm/scripts/mm_temple.rs2:23: warning: duplicate script name '[oploc2,mm_temple_trapdoor_open]'; one body will silently replace the other
../OSRS-Content/osrs239-content/server/scripts/quests/quest_mm/scripts/mm_temple.rs2:26: warning: duplicate script name '[oploc1,mm_climbing_rope_bottom_temple]'; one body will silently replace the other
../OSRS-Content/osrs239-content/server/scripts/quests/quest_monkeymadnessii/scripts/monkeymadnessii.rs2:358: warning: duplicate script name '[oploc1,mm2_cavern_entrance]'; one body will silently replace the other
../OSRS-Content/osrs239-content/server/scripts/quests/quest_nightatthetheatre/scripts/nightatthetheatre.rs2:212: warning: duplicate script name '[opnpc1,filliman_tarlock_ns]'; one body will silently replace the other
../OSRS-Content/osrs239-content/server/scripts/quests/quest_nightatthetheatre/scripts/nightatthetheatre.rs2:220: warning: duplicate script name '[oploc1,grotto_door_druidicspirit]'; one body will silently replace the other
../OSRS-Content/osrs239-content/server/scripts/quests/quest_recipefordisaster/scripts/recipefordisaster_goblins.rs2:57: warning: duplicate script name '[opnpc1,goblin_cook]'; one body will silently replace the other
../OSRS-Content/osrs239-content/server/scripts/quests/quest_recipefordisaster/scripts/recipefordisaster_lumbridgeguide.rs2:50: warning: duplicate script name '[opnpc1,traiborn]'; one body will silently replace the other
../OSRS-Content/osrs239-content/server/scripts/quests/quest_redreef/scripts/redreef.rs2:377: warning: duplicate script name '[oploc1,sailing_gangplank_disembark]'; one body will silently replace the other
../OSRS-Content/osrs239-content/server/scripts/quests/quest_sinsofthefather/scripts/sinsofthefather.rs2:353: warning: duplicate script name '[oploc1,pipeastsidetrapdoor_open]'; one body will silently replace the other
../OSRS-Content/osrs239-content/server/scripts/quests/quest_tasteofhope/scripts/tasteofhope.rs2:193: warning: duplicate script name '[oploc1,myq4_hideout_trapdoor_open]'; one body will silently replace the other
../OSRS-Content/osrs239-content/server/scripts/quests/quest_templeoftheeye/scripts/templeoftheeye.rs2:126: warning: duplicate script name '[opnpc1,tea_seller]'; one body will silently replace the other
../OSRS-Content/osrs239-content/server/scripts/quests/quest_templeoftheeye/scripts/templeoftheeye.rs2:209: warning: duplicate script name '[opnpc1,traiborn]'; one body will silently replace the other
../OSRS-Content/osrs239-content/server/scripts/quests/quest_thegreatbrainrobbery/scripts/brain_castle.rs2:125: warning: duplicate script name '[opheldu,knife]'; one body will silently replace the other
../OSRS-Content/osrs239-content/server/scripts/quests/quest_thegreatbrainrobbery/scripts/brain_prayerbook.rs2:11: warning: duplicate script name '[oploc1,bookcase]'; one body will silently replace the other
../OSRS-Content/osrs239-content/server/scripts/quests/quest_troubledtortugans/scripts/troubledtortugans.rs2:145: warning: duplicate script name '[opnpc1,tt_raley_conch]'; one body will silently replace the other
../OSRS-Content/osrs239-content/server/scripts/quests/quest_twilightspromise/scripts/twilightspromise.rs2:361: warning: duplicate script name '[opnpc1,vmq2_quetzal_keeper_fortis]'; one body will silently replace the other
../OSRS-Content/osrs239-content/server/scripts/skill_cooking/scripts/cooking_inv/scripts/cooked_meat.rs2:9: warning: duplicate script name '[opheldu,cooked_meat]'; one body will silently replace the other
../OSRS-Content/osrs239-content/server/scripts/skill_cooking/scripts/cooking_inv/scripts/pies.rs2:37: warning: duplicate script name '[opheldu,redberries]'; one body will silently replace the other
../OSRS-Content/osrs239-content/server/scripts/skill_cooking/scripts/gnome_cooking/gnome_cooking.rs2:120: warning: duplicate script name '[opheldu,lemon]'; one body will silently replace the other
../OSRS-Content/osrs239-content/server/scripts/skill_cooking/scripts/gnome_cooking/gnome_cooking.rs2:121: warning: duplicate script name '[opheldu,orange]'; one body will silently replace the other
../OSRS-Content/osrs239-content/server/scripts/skill_cooking/scripts/gnome_cooking/gnome_cooking.rs2:122: warning: duplicate script name '[opheldu,lime]'; one body will silently replace the other
../OSRS-Content/osrs239-content/server/scripts/skill_cooking/scripts/gnome_cooking/gnome_cooking.rs2:123: warning: duplicate script name '[opheldu,pineapple]'; one body will silently replace the other
../OSRS-Content/osrs239-content/server/scripts/skill_cooking/scripts/gnome_cooking/gnome_cooking.rs2:124: warning: duplicate script name '[opheldu,bucket_milk]'; one body will silently replace the other
../OSRS-Content/osrs239-content/server/scripts/skill_cooking/scripts/gnome_cooking/gnome_seasoning.rs2:85: warning: duplicate script name '[opheldu,chocolate_bar]'; one body will silently replace the other
../OSRS-Content/osrs239-content/server/scripts/skill_crafting/scripts/leather/leather.rs2:10: warning: duplicate script name '[opheldu,needle]'; one body will silently replace the other
../OSRS-Content/osrs239-content/server/scripts/skill_crafting/scripts/leather/leather.rs2:25: warning: duplicate script name '[opheldu,leather]'; one body will silently replace the other
../OSRS-Content/osrs239-content/server/scripts/skill_fletching/scripts/cut_logs.rs2:14: warning: duplicate script name '[opheldu,knife]'; one body will silently replace the other
../OSRS-Content/osrs239-content/server/scripts/skill_herblore/scripts/brew_potion.rs2:163: warning: duplicate script name '[opheldu,white_berries]'; one body will silently replace the other
../OSRS-Content/osrs239-content/server/scripts/skill_herblore/scripts/brew_potion.rs2:196: warning: duplicate script name '[opheldu,toads_legs]'; one body will silently replace the other
../OSRS-Content/osrs239-content/server/scripts/skill_herblore/scripts/brew_potion.rs2:199: warning: duplicate script name '[opheldu,chocolate_dust]'; one body will silently replace the other
../OSRS-Content/osrs239-content/server/scripts/skill_herblore/scripts/grind_ingredient.rs2:58: warning: duplicate script name '[opheldu,chocolate_bar]'; one body will silently replace the other
../OSRS-Content/osrs239-content/server/scripts/interface_questjournal/scripts/quest_journal.rs2:261: 'quest:displayname' is not a command, constant, symbol or script
symbols: 238916 from packs, 26945 components, 7107 constants, 108 db columns, 2872 carrier varp(s), 25 whole-write exemption(s), 1 whole-read
