torirs.exe : torirs: dat2 cache=cache.osrs239.rs2012.obtori iface=161
At line:1 char:786
+ ... _DEBUG="1"; & .\dist\win64\torirs.exe --manifest .\manifest_obtori.in ...
+                 ~~~~~~~~~~~~~~~~~~~~~~~~~~~~~~~~~~~~~~~~~~~~~~~~~~~~~~~~~
    + CategoryInfo          : NotSpecified: (torirs: dat2 ca...btori iface=161:String) [], RemoteException
    + FullyQualifiedErrorId : NativeCommandError
 
audio: no device; running silent
torirsserver: features era=osrs approach=rect op_nearest=10 ground_nearest=box10_rect
torirsserver: obj metadata loaded (34040 records from cache.osrs239.rs2012.obtori, 54224 params in 1270 KB)
torirsserver: npc metadata loaded (16349 records from cache.osrs239.rs2012.obtori, 30103 params in 705 KB)
torirsserver: sequence debug names loaded (0 named — falling back to pack/seq.pack, 22081 priorities)
torirsserver: loc configs loaded (63474 records from cache.osrs239.rs2012.obtori; 1733 param rows in 41592 bytes, 30217 
names in 569212 bytes, 17726 footprints in 141808 bytes, 8434 categories in 67472 bytes)
torirsserver: struct params loaded (3990 records from cache.osrs239.rs2012.obtori, 20768 rows in 878 KB)
torirsserver: 2886 varp(s) carry varbits
torirsserver: varbit table loaded (19086 records from cache.osrs239.rs2012.obtori)
torirsserver: 1117 param types from configs/all.param
torirsserver: 1 server param type(s) from 
OSRS-Content/osrs239-content/server/scripts/areas/area_mage_arena/configs/mage_arena.param
torirsserver: 1 server param type(s) from OSRS-Content/osrs239-content/server/scripts/doors/configs/doors.param
torirsserver: 1 server param type(s) from OSRS-Content/osrs239-content/server/scripts/interface_bank/configs/bank.param
torirsserver: 1 server param type(s) from 
OSRS-Content/osrs239-content/server/scripts/minigames/game_mortton/configs/mortton_shades.param
torirsserver: 1 server param type(s) from OSRS-Content/osrs239-content/server/scripts/npc/configs/npc.param
torirsserver: 7 server param type(s) from OSRS-Content/osrs239-content/server/scripts/player/configs/bas.param
torirsserver: 2 server param type(s) from 
OSRS-Content/osrs239-content/server/scripts/player/configs/consumption/consume.param
torirsserver: 2 server param type(s) from OSRS-Content/osrs239-content/server/scripts/player/configs/death.param
torirsserver: 3 server param type(s) from 
OSRS-Content/osrs239-content/server/scripts/quests/quest_fluffs/configs/quest_fluffs.param
torirsserver: 1 server param type(s) from 
OSRS-Content/osrs239-content/server/scripts/quests/quest_haunted/configs/quest_haunted.param
torirsserver: 1 server param type(s) from 
OSRS-Content/osrs239-content/server/scripts/quests/quest_hazeelcult/configs/quest_hazeelcult.param
torirsserver: 1 server param type(s) from 
OSRS-Content/osrs239-content/server/scripts/quests/quest_legends/configs/quest_legends.param
torirsserver: 1 server param type(s) from OSRS-Content/osrs239-content/server/scripts/quests/quest_mm/configs/quest_mm.param
torirsserver: 2 server param type(s) from 
OSRS-Content/osrs239-content/server/scripts/quests/quest_murder/configs/quest_murder.param
torirsserver: 1 server param type(s) from 
OSRS-Content/osrs239-content/server/scripts/quests/quest_tbwt/configs/quest_tbwt.param
torirsserver: 3 server param type(s) from 
OSRS-Content/osrs239-content/server/scripts/quests/quest_upass/configs/quest_upass.param
torirsserver: 8 server param type(s) from OSRS-Content/osrs239-content/server/scripts/skill_agility/configs/agility.param
torirsserver: 44 server param type(s) from OSRS-Content/osrs239-content/server/scripts/skill_combat/configs/combat.param
torirsserver: 12 server param type(s) from OSRS-Content/osrs239-content/server/scripts/skill_combat/configs/npc_combat.param
torirsserver: 2 server param type(s) from 
OSRS-Content/osrs239-content/server/scripts/skill_combat/configs/weapon_poison.param
torirsserver: 10 server param type(s) from 
OSRS-Content/osrs239-content/server/scripts/skill_cooking/configs/gnome_cooking/gnome_cooking.param
torirsserver: 2 server param type(s) from OSRS-Content/osrs239-content/server/scripts/skill_magic/configs/magic.param
torirsserver: 1 server param type(s) from OSRS-Content/osrs239-content/server/scripts/skill_prayer/configs/bones.param
torirsserver: 5862 enums from configs/all.enum
torirsserver: content loaded (230255 symbols, 5115 constants, 6671 npc defs, 2329 loc defs, 1144 varp defs, 1515 equip reqs 
(677 from the cache), 23140 npc spawns, 2256 obj spawns)
torirsserver: 13 config line(s) restate a field the client's own record carries — the cache already says it, so the overlay 
is inert
torirsserver: server band: npc.hitpoints stays text-loaded on 4 record(s) — the band has no wire for it
torirsserver: server band: npc.attack_anim stays text-loaded on 9 record(s) — the band has no wire for it
torirsserver: server band: npc.defend_anim stays text-loaded on 8 record(s) — the band has no wire for it
torirsserver: server band: npc.death_anim stays text-loaded on 9 record(s) — the band has no wire for it
torirsserver: server band: npc.moverestrict stays text-loaded on 19 record(s) — the band has no wire for it
torirsserver: server band: npc.nomove stays text-loaded on 17 record(s) — the band has no wire for it
torirsserver: server band: npc.huntmode stays text-loaded on 66 record(s) — the band has no wire for it
torirsserver: server band loaded: 8340 archive(s) verified identical to the text parse and applied (7512 overlay authored 
defs, 132 field value(s) text-only, 70 archive(s) over records the runtime never loads)
torirsserver: db tables loaded (296 tables, 16519 rows from cache.osrs239.rs2012.obtori; 245 schema(s) installed, 15495 
row(s) filled; 248 archive table(s), 16790 archive row(s))
torirsserver: bank tables loaded (19086 varbits, bank=1410 slots)
torirsserver: embedded wire osrs239
Dat2SpriteLoadByName: archive 'hitmark' not found in sprites table
torirsserver: login user='testc' session=ok
torirsserver: 12899 scripts loaded from OSRS-Content/osrs239-content/server/scripts/build
torirsserver: ============================================================
torirsserver: STALE SCRIPT PACK — the tree is newer than script.dat
torirsserver:   OSRS-Content/osrs239-content/server/scripts/minigames/minigame_rs2012_qbd/configs/rs2012_qbd.constant
torirsserver:   is 3135 second(s) newer than the compiled pack.
torirsserver: This server is running content that does NOT match the tree.
torirsserver: A script you just edited is not the one about to run.
torirsserver: Rebuild it:  make -C src torirsserver-scripts
torirsserver: ============================================================
torirsserver: stated gap HINT_NPC             (first wanted by [queue,spawn_jungle_demon])
torirsserver: 3 engine fallback(s) still answer triggers content does not bind
torirsserver: content binds a trigger over a verb the engine answers itself:
  [opnpc1,doti_backupactor]          takes "Attack" without re-issuing it (P_OPNPC)
torirsserver: 1 script(s) shadow an engine verb — check each does the engine's job or means not to; this is a review list, 
not an error
torirsserver: scene built at zone 402,402 (base 3168,3168 — 8455 locs)
torirsserver: npc roster 23140 spawn(s), 993 standing, slot_max=993
osrs239 login: OK, local player index 1
textures: sprite-backed system (no materials table)
Failed to load dat2 texture 65535
world_load: 9 chunks, 18 underlays, 33 overlays, 36 textures, 1472 locs, 1052 models, 33 seqs
torirsserver: osrs239 has no UPDATE_PID -- dropping it (reported once)
torirsserver: cheat 'rs2012qbdmanifest' -> debugproc ran
Failed to load dat2 idk 307
spawn_player: element=19359 tile=52,52 level=0
torirsserver: instanced scene built at zone 804,11 (base 6384,40 — 256 source zones, 66 locs)
cs2-stub: opcode 7009 has an inherited signature (1,0,0,0) but no implementation — stack balanced, results faked 
(script 4873 pc 2)
cs2-stub: opcode 7019 has an inherited signature (1,0,0,0) but no implementation — stack balanced, results faked 
(script 4873 pc 4)
client_layout: mode=1
spawn_npc: npc=2854 element=19360 tile=54,50 level=0 size=1 recolors=1 retextures=0
spawn_npc: npc=3106 element=19361 tile=54,50 level=0 size=1 recolors=4 retextures=0
spawn_npc: npc 6709 unavailable
spawn_npc: npc=4626 element=19362 tile=54,50 level=0 size=1 recolors=6 retextures=0
spawn_npc: npc=3105 element=19363 tile=54,50 level=0 size=1 recolors=6 retextures=0
spawn_npc: npc=3111 element=19364 tile=54,50 level=0 size=1 recolors=3 retextures=0
spawn_npc: npc=2854 element=19365 tile=54,50 level=0 size=1 recolors=1 retextures=0
spawn_npc: npc=3106 element=19366 tile=54,50 level=0 size=1 recolors=4 retextures=0
spawn_npc: npc=3108 element=19367 tile=54,50 level=0 size=1 recolors=2 retextures=0
spawn_npc: npc 6709 unavailable
spawn_npc: npc 7458 unavailable
spawn_npc: npc=5007 element=19368 tile=54,50 level=0 size=1 recolors=0 retextures=0
spawn_npc: npc=6816 element=19369 tile=54,50 level=0 size=1 recolors=3 retextures=0
spawn_npc: npc=3106 element=19370 tile=54,50 level=0 size=1 recolors=4 retextures=0
spawn_npc: npc 317 unavailable
spawn_npc: npc 7457 unavailable
spawn_npc: npc=2854 element=19371 tile=54,50 level=0 size=1 recolors=1 retextures=0
spawn_npc: npc=311 element=19372 tile=54,50 level=0 size=1 recolors=6 retextures=0
spawn_npc: npc=10619 element=19373 tile=54,50 level=0 size=1 recolors=5 retextures=0
spawn_npc: npc=3111 element=19374 tile=54,50 level=0 size=1 recolors=3 retextures=0
spawn_npc: npc=3112 element=19375 tile=54,50 level=0 size=1 recolors=5 retextures=0
spawn_npc: npc=5523 element=19376 tile=54,50 level=0 size=1 recolors=3 retextures=0
spawn_npc: npc 119 unavailable
spawn_npc: npc=3107 element=19377 tile=54,50 level=0 size=1 recolors=3 retextures=0
spawn_npc: npc 6709 unavailable
spawn_npc: npc=2854 element=19378 tile=54,50 level=0 size=1 recolors=1 retextures=0
spawn_npc: npc=2854 element=19379 tile=54,50 level=0 size=1 recolors=1 retextures=0
spawn_npc: npc 6709 unavailable
spawn_npc: npc=921 element=19380 tile=54,50 level=0 size=1 recolors=3 retextures=0
message_game: The Queen Black Dragon is sleeping. Her breathing shakes the chamber.
message_game: Welcome to the mock 230 world.
message_game: Click to walk. Right-click an npc to talk.
message_game: Welcome to Lumbridge.
message_game: Goblins east of the river. Guards on the Al Kharid road.
message_game: Try ::style 1 for aggressive, or ::setlevel 2 40 for some strength.
message_game: A crop circle is active near Doric's Hut.
world_load: 1 chunks, 3 underlays, 3 overlays, 3 textures, 25 locs, 14 models, 2 seqs
raster_tex_alpha: faces=1 id=458
spawn_npc: npc=0 element=19380 tile=49,52 level=1 size=1 recolors=0 retextures=0
raster_tex_skip: first miss id=378
raster_tex_skip: total=1 id=378 (count=1)
raster_tex_skip: first miss id=369
raster_tex_skip: first miss id=358
raster_tex_skip: first miss id=389
raster_tex_skip: total=501 id=369 (count=398)
raster_tex_skip: first miss id=380
raster_tex_skip: first miss id=334
raster_tex_skip: first miss id=402
raster_tex_skip: first miss id=355
raster_tex_skip: total=1001 id=389 (count=99)
raster_tex_skip: first miss id=395
raster_tex_skip: first miss id=433
raster_tex_skip: first miss id=394
raster_tex_skip: first miss id=303
raster_tex_skip: first miss id=459
raster_tex_skip: first miss id=348
raster_tex_skip: total=1501 id=394 (count=20)
raster_tex_skip: first miss id=302
raster_tex_skip: first miss id=281
raster_tex_skip: total=2001 id=394 (count=63)
raster_tex_skip: total=2501 id=389 (count=308)
raster_tex_skip: total=3001 id=348 (count=292)
raster_tex_skip: total=3501 id=378 (count=1067)
raster_tex_skip: total=4001 id=378 (count=1453)
raster_tex_alpha: faces=501 id=459
raster_tex_alpha: faces=1001 id=389
raster_tex_alpha: faces=1501 id=459
raster_tex_alpha: faces=2001 id=355
raster_tex_alpha: faces=2501 id=394
raster_tex_alpha: faces=3001 id=394
raster_tex_alpha: faces=3501 id=355
raster_tex_alpha: faces=4001 id=389
raster_tex_alpha: faces=4501 id=458
raster_tex_alpha: faces=5001 id=334
raster_tex_alpha: faces=5501 id=334
raster_tex_alpha: faces=6001 id=394
raster_tex_alpha: faces=6501 id=355
raster_tex_alpha: faces=7001 id=355
raster_tex_alpha: faces=7501 id=394
raster_tex_alpha: faces=8001 id=459
raster_tex_alpha: faces=8501 id=389
raster_tex_alpha: faces=9001 id=389
raster_tex_alpha: faces=9501 id=459
raster_tex_alpha: faces=10001 id=334
raster_tex_alpha: faces=10501 id=380
raster_tex_alpha: faces=11001 id=355
raster_tex_alpha: faces=11501 id=394
raster_tex_alpha: faces=12001 id=334
raster_tex_alpha: faces=12501 id=394
raster_tex_alpha: faces=13001 id=389
raster_tex_alpha: faces=13501 id=380
raster_tex_alpha: faces=14001 id=334
raster_tex_alpha: faces=14501 id=389
raster_tex_alpha: faces=15001 id=389
raster_tex_alpha: faces=15501 id=394
raster_tex_alpha: faces=16001 id=380
raster_tex_alpha: faces=16501 id=394
raster_tex_alpha: faces=17001 id=389
raster_tex_alpha: faces=17501 id=334
raster_tex_alpha: faces=18001 id=355
raster_tex_alpha: faces=18501 id=389
raster_tex_alpha: faces=19001 id=389
raster_tex_alpha: faces=19501 id=389
raster_tex_alpha: faces=20001 id=334
raster_tex_alpha: faces=20501 id=394
raster_tex_alpha: faces=21001 id=394
raster_tex_alpha: faces=21501 id=380
raster_tex_alpha: faces=22001 id=394
raster_tex_alpha: faces=22501 id=389
raster_tex_alpha: faces=23001 id=459
raster_tex_alpha: faces=23501 id=458
raster_tex_alpha: faces=24001 id=380
raster_tex_alpha: faces=24501 id=389
raster_tex_alpha: faces=25001 id=389
raster_tex_alpha: faces=25501 id=389
raster_tex_alpha: faces=26001 id=459
raster_tex_alpha: faces=26501 id=394
raster_tex_alpha: faces=27001 id=389
raster_tex_alpha: faces=27501 id=389
raster_tex_alpha: faces=28001 id=389
raster_tex_alpha: faces=28501 id=334
raster_tex_alpha: faces=29001 id=389
raster_tex_alpha: faces=29501 id=355
raster_tex_alpha: faces=30001 id=389
raster_tex_alpha: faces=30501 id=355
raster_tex_alpha: faces=31001 id=380
raster_tex_alpha: faces=31501 id=459
raster_tex_alpha: faces=32001 id=389
raster_tex_alpha: faces=32501 id=389
raster_tex_alpha: faces=33001 id=334
raster_tex_alpha: faces=33501 id=389
raster_tex_alpha: faces=34001 id=389
message_game: The Queen Black Dragon stirs from her sleep...
raster_tex_alpha: faces=34501 id=355
raster_tex_alpha: faces=35001 id=355
raster_tex_alpha: faces=35501 id=355
raster_tex_alpha: faces=36001 id=459
raster_tex_alpha: faces=36501 id=389
raster_tex_alpha: faces=37001 id=380
raster_tex_alpha: faces=37501 id=389
raster_tex_alpha: faces=38001 id=389
raster_tex_alpha: faces=38501 id=389
raster_tex_alpha: faces=39001 id=394
raster_tex_alpha: faces=39501 id=355
raster_tex_alpha: faces=40001 id=394
raster_tex_alpha: faces=40501 id=459
raster_tex_alpha: faces=41001 id=394
raster_tex_alpha: faces=41501 id=355
raster_tex_alpha: faces=42001 id=459
raster_tex_alpha: faces=42501 id=394
raster_tex_alpha: faces=43001 id=459
raster_tex_alpha: faces=43501 id=389
raster_tex_alpha: faces=44001 id=459
raster_tex_alpha: faces=44501 id=355
raster_tex_alpha: faces=45001 id=380
raster_tex_alpha: faces=45501 id=334
raster_tex_alpha: faces=46001 id=389
raster_tex_alpha: faces=46501 id=355
raster_tex_alpha: faces=47001 id=380
raster_tex_alpha: faces=47501 id=355
raster_tex_alpha: faces=48001 id=389
raster_tex_alpha: faces=48501 id=389
raster_tex_alpha: faces=49001 id=394
raster_tex_alpha: faces=49501 id=389
raster_tex_alpha: faces=50001 id=394
raster_tex_alpha: faces=50501 id=394
raster_tex_alpha: faces=51001 id=389
raster_tex_alpha: faces=51501 id=389
raster_tex_alpha: faces=52001 id=389
raster_tex_alpha: faces=52501 id=458
raster_tex_alpha: faces=53001 id=389
raster_tex_alpha: faces=53501 id=389
raster_tex_alpha: faces=54001 id=389
raster_tex_alpha: faces=54501 id=355
raster_tex_alpha: faces=55001 id=334
raster_tex_alpha: faces=55501 id=394
raster_tex_alpha: faces=56001 id=389
raster_tex_alpha: faces=56501 id=389
raster_tex_alpha: faces=57001 id=459
raster_tex_alpha: faces=57501 id=389
raster_tex_alpha: faces=58001 id=389
raster_tex_alpha: faces=58501 id=394
raster_tex_alpha: faces=59001 id=389
raster_tex_alpha: faces=59501 id=334
raster_tex_alpha: faces=60001 id=394
raster_tex_alpha: faces=60501 id=389
raster_tex_alpha: faces=61001 id=355
raster_tex_alpha: faces=61501 id=459
raster_tex_alpha: faces=62001 id=389
raster_tex_alpha: faces=62501 id=380
raster_tex_alpha: faces=63001 id=334
raster_tex_alpha: faces=63501 id=389
raster_tex_alpha: faces=64001 id=334
raster_tex_alpha: faces=64501 id=389
raster_tex_alpha: faces=65001 id=389
raster_tex_alpha: faces=65501 id=380
raster_tex_alpha: faces=66001 id=389
raster_tex_alpha: faces=66501 id=334
raster_tex_alpha: faces=67001 id=334
raster_tex_alpha: faces=67501 id=355
raster_tex_alpha: faces=68001 id=355
raster_tex_alpha: faces=68501 id=389
raster_tex_alpha: faces=69001 id=389
raster_tex_alpha: faces=69501 id=389
raster_tex_alpha: faces=70001 id=389
raster_tex_alpha: faces=70501 id=459
raster_tex_alpha: faces=71001 id=394
raster_tex_alpha: faces=71501 id=380
raster_tex_alpha: faces=72001 id=394
raster_tex_alpha: faces=72501 id=459
raster_tex_alpha: faces=73001 id=389
raster_tex_alpha: faces=73501 id=355
raster_tex_alpha: faces=74001 id=355
raster_tex_alpha: faces=74501 id=394
raster_tex_alpha: faces=75001 id=380
raster_tex_alpha: faces=75501 id=389
raster_tex_alpha: faces=76001 id=389
raster_tex_alpha: faces=76501 id=389
raster_tex_alpha: faces=77001 id=389
raster_tex_alpha: faces=77501 id=380
raster_tex_alpha: faces=78001 id=389
raster_tex_alpha: faces=78501 id=380
raster_tex_alpha: faces=79001 id=355
raster_tex_alpha: faces=79501 id=394
raster_tex_alpha: faces=80001 id=389
raster_tex_alpha: faces=80501 id=389
raster_tex_alpha: faces=81001 id=394
raster_tex_alpha: faces=81501 id=389
raster_tex_alpha: faces=82001 id=389
raster_tex_alpha: faces=82501 id=389
raster_tex_alpha: faces=83001 id=394
raster_tex_alpha: faces=83501 id=389
raster_tex_alpha: faces=84001 id=380
raster_tex_alpha: faces=84501 id=355
raster_tex_alpha: faces=85001 id=380
raster_tex_alpha: faces=85501 id=389
raster_tex_alpha: faces=86001 id=394
raster_tex_alpha: faces=86501 id=394
raster_tex_alpha: faces=87001 id=394
raster_tex_alpha: faces=87501 id=389
raster_tex_alpha: faces=88001 id=389
raster_tex_alpha: faces=88501 id=394
raster_tex_alpha: faces=89001 id=334
raster_tex_alpha: faces=89501 id=334
raster_tex_alpha: faces=90001 id=389
raster_tex_alpha: faces=90501 id=355
raster_tex_alpha: faces=91001 id=389
raster_tex_alpha: faces=91501 id=334
raster_tex_alpha: faces=92001 id=389
raster_tex_alpha: faces=92501 id=394
raster_tex_alpha: faces=93001 id=355
raster_tex_alpha: faces=93501 id=389
raster_tex_alpha: faces=94001 id=394
raster_tex_alpha: faces=94501 id=355
raster_tex_alpha: faces=95001 id=389
raster_tex_alpha: faces=95501 id=389
raster_tex_alpha: faces=96001 id=389
raster_tex_alpha: faces=96501 id=389
raster_tex_alpha: faces=97001 id=389
raster_tex_alpha: faces=97501 id=355
raster_tex_alpha: faces=98001 id=389
raster_tex_alpha: faces=98501 id=389
raster_tex_alpha: faces=99001 id=389
raster_tex_alpha: faces=99501 id=394
raster_tex_alpha: faces=100001 id=355
raster_tex_alpha: faces=100501 id=459
raster_tex_alpha: faces=101001 id=394
raster_tex_alpha: faces=101501 id=389
raster_tex_alpha: faces=102001 id=389
raster_tex_alpha: faces=102501 id=389
raster_tex_alpha: faces=103001 id=355
raster_tex_alpha: faces=103501 id=394
raster_tex_alpha: faces=104001 id=389
raster_tex_alpha: faces=104501 id=389
raster_tex_alpha: faces=105001 id=394
raster_tex_alpha: faces=105501 id=459
raster_tex_alpha: faces=106001 id=334
raster_tex_alpha: faces=106501 id=394
raster_tex_alpha: faces=107001 id=389
raster_tex_alpha: faces=107501 id=389
raster_tex_alpha: faces=108001 id=355
raster_tex_alpha: faces=108501 id=394
raster_tex_alpha: faces=109001 id=355
raster_tex_alpha: faces=109501 id=334
raster_tex_alpha: faces=110001 id=355
raster_tex_alpha: faces=110501 id=334
raster_tex_alpha: faces=111001 id=380
raster_tex_alpha: faces=111501 id=380
raster_tex_alpha: faces=112001 id=389
raster_tex_alpha: faces=112501 id=389
raster_tex_alpha: faces=113001 id=389
raster_tex_alpha: faces=113501 id=389
raster_tex_alpha: faces=114001 id=389
raster_tex_alpha: faces=114501 id=389
raster_tex_alpha: faces=115001 id=459
raster_tex_alpha: faces=115501 id=389
raster_tex_alpha: faces=116001 id=389
raster_tex_alpha: faces=116501 id=394
raster_tex_alpha: faces=117001 id=389
raster_tex_alpha: faces=117501 id=389
raster_tex_alpha: faces=118001 id=389
raster_tex_alpha: faces=118501 id=394
raster_tex_alpha: faces=119001 id=389
raster_tex_alpha: faces=119501 id=355
raster_tex_alpha: faces=120001 id=355
raster_tex_alpha: faces=120501 id=355
raster_tex_alpha: faces=121001 id=458
raster_tex_alpha: faces=121501 id=389
raster_tex_alpha: faces=122001 id=389
raster_tex_alpha: faces=122501 id=334
raster_tex_alpha: faces=123001 id=389
raster_tex_alpha: faces=123501 id=389
raster_tex_alpha: faces=124001 id=355
raster_tex_alpha: faces=124501 id=355
raster_tex_alpha: faces=125001 id=459
raster_tex_alpha: faces=125501 id=389
raster_tex_alpha: faces=126001 id=355
raster_tex_alpha: faces=126501 id=458
raster_tex_alpha: faces=127001 id=334
raster_tex_alpha: faces=127501 id=394
raster_tex_alpha: faces=128001 id=459
raster_tex_alpha: faces=128501 id=394
raster_tex_alpha: faces=129001 id=459
raster_tex_alpha: faces=129501 id=389
raster_tex_alpha: faces=130001 id=355
raster_tex_alpha: faces=130501 id=355
raster_tex_alpha: faces=131001 id=389
raster_tex_alpha: faces=131501 id=389
raster_tex_alpha: faces=132001 id=459
raster_tex_alpha: faces=132501 id=459
raster_tex_alpha: faces=133001 id=394
raster_tex_alpha: faces=133501 id=355
raster_tex_alpha: faces=134001 id=389
raster_tex_alpha: faces=134501 id=355
raster_tex_alpha: faces=135001 id=394
raster_tex_alpha: faces=135501 id=355
raster_tex_alpha: faces=136001 id=394
raster_tex_alpha: faces=136501 id=355
raster_tex_alpha: faces=137001 id=355
raster_tex_alpha: faces=137501 id=389
raster_tex_alpha: faces=138001 id=389
raster_tex_alpha: faces=138501 id=394
raster_tex_alpha: faces=139001 id=389
raster_tex_alpha: faces=139501 id=380
raster_tex_alpha: faces=140001 id=389
raster_tex_alpha: faces=140501 id=394
raster_tex_alpha: faces=141001 id=389
raster_tex_alpha: faces=141501 id=389
raster_tex_alpha: faces=142001 id=389
raster_tex_alpha: faces=142501 id=389
raster_tex_alpha: faces=143001 id=389
raster_tex_alpha: faces=143501 id=394
raster_tex_alpha: faces=144001 id=459
raster_tex_alpha: faces=144501 id=355
raster_tex_alpha: faces=145001 id=355
raster_tex_alpha: faces=145501 id=355
raster_tex_alpha: faces=146001 id=459
raster_tex_alpha: faces=146501 id=394
raster_tex_alpha: faces=147001 id=389
raster_tex_alpha: faces=147501 id=389
raster_tex_alpha: faces=148001 id=355
raster_tex_alpha: faces=148501 id=394
raster_tex_alpha: faces=149001 id=334
raster_tex_alpha: faces=149501 id=355
raster_tex_alpha: faces=150001 id=355
raster_tex_alpha: faces=150501 id=389
raster_tex_alpha: faces=151001 id=380
raster_tex_alpha: faces=151501 id=389
raster_tex_alpha: faces=152001 id=334
raster_tex_alpha: faces=152501 id=394
raster_tex_alpha: faces=153001 id=380
raster_tex_alpha: faces=153501 id=389
raster_tex_alpha: faces=154001 id=389
raster_tex_alpha: faces=154501 id=389
raster_tex_alpha: faces=155001 id=389
raster_tex_alpha: faces=155501 id=389
raster_tex_alpha: faces=156001 id=389
raster_tex_alpha: faces=156501 id=394
raster_tex_alpha: faces=157001 id=389
raster_tex_alpha: faces=157501 id=389
raster_tex_alpha: faces=158001 id=389
raster_tex_alpha: faces=158501 id=459
raster_tex_alpha: faces=159001 id=394
raster_tex_alpha: faces=159501 id=394
raster_tex_alpha: faces=160001 id=334
raster_tex_alpha: faces=160501 id=389
raster_tex_alpha: faces=161001 id=380
raster_tex_alpha: faces=161501 id=334
raster_tex_alpha: faces=162001 id=389
raster_tex_alpha: faces=162501 id=334
raster_tex_alpha: faces=163001 id=394
raster_tex_alpha: faces=163501 id=380
raster_tex_alpha: faces=164001 id=394
raster_tex_alpha: faces=164501 id=389
raster_tex_alpha: faces=165001 id=458
raster_tex_alpha: faces=165501 id=389
raster_tex_alpha: faces=166001 id=380
raster_tex_alpha: faces=166501 id=389
raster_tex_alpha: faces=167001 id=459
raster_tex_alpha: faces=167501 id=389
raster_tex_alpha: faces=168001 id=334
raster_tex_alpha: faces=168501 id=459
raster_tex_alpha: faces=169001 id=389
raster_tex_alpha: faces=169501 id=355
raster_tex_alpha: faces=170001 id=389
raster_tex_alpha: faces=170501 id=389
raster_tex_alpha: faces=171001 id=389
raster_tex_alpha: faces=171501 id=459
raster_tex_alpha: faces=172001 id=389
raster_tex_alpha: faces=172501 id=389
raster_tex_alpha: faces=173001 id=334
raster_tex_alpha: faces=173501 id=334
raster_tex_alpha: faces=174001 id=389
raster_tex_alpha: faces=174501 id=355
raster_tex_alpha: faces=175001 id=458
raster_tex_alpha: faces=175501 id=334
raster_tex_alpha: faces=176001 id=389
raster_tex_alpha: faces=176501 id=394
raster_tex_alpha: faces=177001 id=334
raster_tex_alpha: faces=177501 id=394
raster_tex_alpha: faces=178001 id=355
raster_tex_alpha: faces=178501 id=394
raster_tex_alpha: faces=179001 id=334
raster_tex_alpha: faces=179501 id=389
raster_tex_alpha: faces=180001 id=389
raster_tex_alpha: faces=180501 id=459
raster_tex_alpha: faces=181001 id=394
raster_tex_alpha: faces=181501 id=389
raster_tex_alpha: faces=182001 id=334
raster_tex_alpha: faces=182501 id=389
raster_tex_alpha: faces=183001 id=394
raster_tex_alpha: faces=183501 id=334
raster_tex_alpha: faces=184001 id=394
raster_tex_alpha: faces=184501 id=459
raster_tex_alpha: faces=185001 id=458
raster_tex_alpha: faces=185501 id=355
raster_tex_alpha: faces=186001 id=389
raster_tex_alpha: faces=186501 id=389
raster_tex_alpha: faces=187001 id=389
raster_tex_alpha: faces=187501 id=389
raster_tex_alpha: faces=188001 id=394
raster_tex_alpha: faces=188501 id=355
raster_tex_alpha: faces=189001 id=394
raster_tex_alpha: faces=189501 id=389
raster_tex_alpha: faces=190001 id=389
raster_tex_alpha: faces=190501 id=380
raster_tex_alpha: faces=191001 id=355
raster_tex_alpha: faces=191501 id=459
raster_tex_alpha: faces=192001 id=389
raster_tex_alpha: faces=192501 id=355
raster_tex_alpha: faces=193001 id=389
raster_tex_alpha: faces=193501 id=355
raster_tex_alpha: faces=194001 id=394
raster_tex_alpha: faces=194501 id=389
raster_tex_alpha: faces=195001 id=394
raster_tex_alpha: faces=195501 id=389
raster_tex_alpha: faces=196001 id=389
raster_tex_alpha: faces=196501 id=389
raster_tex_alpha: faces=197001 id=389
raster_tex_alpha: faces=197501 id=459
raster_tex_alpha: faces=198001 id=394
raster_tex_alpha: faces=198501 id=355
raster_tex_alpha: faces=199001 id=334
raster_tex_alpha: faces=199501 id=394
raster_tex_alpha: faces=200001 id=459
raster_tex_alpha: faces=200501 id=334
raster_tex_alpha: faces=201001 id=389
raster_tex_alpha: faces=201501 id=355
raster_tex_alpha: faces=202001 id=334
raster_tex_alpha: faces=202501 id=394
raster_tex_alpha: faces=203001 id=355
raster_tex_alpha: faces=203501 id=334
raster_tex_alpha: faces=204001 id=389
raster_tex_alpha: faces=204501 id=355
raster_tex_alpha: faces=205001 id=389
raster_tex_alpha: faces=205501 id=394
raster_tex_alpha: faces=206001 id=394
raster_tex_alpha: faces=206501 id=389
raster_tex_alpha: faces=207001 id=355
raster_tex_alpha: faces=207501 id=394
raster_tex_alpha: faces=208001 id=334
raster_tex_alpha: faces=208501 id=355
raster_tex_alpha: faces=209001 id=459
raster_tex_alpha: faces=209501 id=394
raster_tex_alpha: faces=210001 id=355
raster_tex_alpha: faces=210501 id=389
raster_tex_alpha: faces=211001 id=389
raster_tex_alpha: faces=211501 id=458
raster_tex_alpha: faces=212001 id=355
raster_tex_alpha: faces=212501 id=389
raster_tex_alpha: faces=213001 id=394
raster_tex_alpha: faces=213501 id=355
raster_tex_alpha: faces=214001 id=389
raster_tex_alpha: faces=214501 id=389
raster_tex_alpha: faces=215001 id=355
raster_tex_alpha: faces=215501 id=389
raster_tex_alpha: faces=216001 id=389
raster_tex_alpha: faces=216501 id=389
raster_tex_alpha: faces=217001 id=389
raster_tex_alpha: faces=217501 id=389
raster_tex_alpha: faces=218001 id=355
raster_tex_alpha: faces=218501 id=355
raster_tex_alpha: faces=219001 id=389
raster_tex_alpha: faces=219501 id=458
raster_tex_alpha: faces=220001 id=355
raster_tex_alpha: faces=220501 id=389
raster_tex_alpha: faces=221001 id=459
raster_tex_alpha: faces=221501 id=389
raster_tex_alpha: faces=222001 id=394
raster_tex_alpha: faces=222501 id=389
raster_tex_alpha: faces=223001 id=394
raster_tex_alpha: faces=223501 id=459
raster_tex_alpha: faces=224001 id=389
raster_tex_alpha: faces=224501 id=394
raster_tex_alpha: faces=225001 id=355
raster_tex_alpha: faces=225501 id=389
raster_tex_alpha: faces=226001 id=458
raster_tex_alpha: faces=226501 id=389
raster_tex_alpha: faces=227001 id=389
raster_tex_alpha: faces=227501 id=389
raster_tex_alpha: faces=228001 id=459
raster_tex_alpha: faces=228501 id=459
raster_tex_alpha: faces=229001 id=389
raster_tex_alpha: faces=229501 id=394
raster_tex_alpha: faces=230001 id=389
raster_tex_alpha: faces=230501 id=389
raster_tex_alpha: faces=231001 id=380
raster_tex_alpha: faces=231501 id=334
raster_tex_alpha: faces=232001 id=394
raster_tex_alpha: faces=232501 id=334
raster_tex_alpha: faces=233001 id=458
raster_tex_alpha: faces=233501 id=458
raster_tex_alpha: faces=234001 id=334
raster_tex_alpha: faces=234501 id=389
raster_tex_alpha: faces=235001 id=334
raster_tex_alpha: faces=235501 id=334
raster_tex_alpha: faces=236001 id=334
raster_tex_alpha: faces=236501 id=355
raster_tex_alpha: faces=237001 id=389
raster_tex_alpha: faces=237501 id=394
raster_tex_alpha: faces=238001 id=355
raster_tex_alpha: faces=238501 id=394
raster_tex_alpha: faces=239001 id=394
raster_tex_alpha: faces=239501 id=355
raster_tex_alpha: faces=240001 id=334
raster_tex_alpha: faces=240501 id=334
raster_tex_alpha: faces=241001 id=389
raster_tex_alpha: faces=241501 id=389
raster_tex_alpha: faces=242001 id=389
raster_tex_alpha: faces=242501 id=334
raster_tex_alpha: faces=243001 id=394
raster_tex_alpha: faces=243501 id=389
raster_tex_alpha: faces=244001 id=394
raster_tex_alpha: faces=244501 id=389
raster_tex_alpha: faces=245001 id=459
raster_tex_alpha: faces=245501 id=355
raster_tex_alpha: faces=246001 id=389
raster_tex_alpha: faces=246501 id=389
raster_tex_alpha: faces=247001 id=394
raster_tex_alpha: faces=247501 id=380
raster_tex_alpha: faces=248001 id=459
raster_tex_alpha: faces=248501 id=389
raster_tex_alpha: faces=249001 id=355
raster_tex_alpha: faces=249501 id=355
raster_tex_alpha: faces=250001 id=394
raster_tex_alpha: faces=250501 id=389
raster_tex_alpha: faces=251001 id=355
raster_tex_alpha: faces=251501 id=389
raster_tex_alpha: faces=252001 id=389
raster_tex_alpha: faces=252501 id=380
raster_tex_alpha: faces=253001 id=355
raster_tex_alpha: faces=253501 id=355
raster_tex_alpha: faces=254001 id=334
raster_tex_alpha: faces=254501 id=394
raster_tex_alpha: faces=255001 id=389
raster_tex_alpha: faces=255501 id=389
raster_tex_alpha: faces=256001 id=389
raster_tex_alpha: faces=256501 id=394
raster_tex_alpha: faces=257001 id=355
raster_tex_alpha: faces=257501 id=394
raster_tex_alpha: faces=258001 id=389
raster_tex_alpha: faces=258501 id=394
raster_tex_alpha: faces=259001 id=389
raster_tex_alpha: faces=259501 id=394
raster_tex_alpha: faces=260001 id=389
raster_tex_alpha: faces=260501 id=458
raster_tex_alpha: faces=261001 id=355
raster_tex_alpha: faces=261501 id=394
raster_tex_alpha: faces=262001 id=389
raster_tex_alpha: faces=262501 id=355
raster_tex_alpha: faces=263001 id=334
raster_tex_alpha: faces=263501 id=389
raster_tex_alpha: faces=264001 id=394
raster_tex_alpha: faces=264501 id=355
raster_tex_alpha: faces=265001 id=389
raster_tex_alpha: faces=265501 id=389
raster_tex_alpha: faces=266001 id=394
raster_tex_alpha: faces=266501 id=389
raster_tex_alpha: faces=267001 id=394
raster_tex_alpha: faces=267501 id=389
raster_tex_alpha: faces=268001 id=394
raster_tex_alpha: faces=268501 id=389
raster_tex_alpha: faces=269001 id=394
raster_tex_alpha: faces=269501 id=380
raster_tex_alpha: faces=270001 id=394
raster_tex_alpha: faces=270501 id=334
raster_tex_alpha: faces=271001 id=394
raster_tex_alpha: faces=271501 id=459
raster_tex_alpha: faces=272001 id=355
raster_tex_alpha: faces=272501 id=334
raster_tex_alpha: faces=273001 id=389
raster_tex_alpha: faces=273501 id=334
raster_tex_alpha: faces=274001 id=355
raster_tex_alpha: faces=274501 id=389
raster_tex_alpha: faces=275001 id=389
raster_tex_alpha: faces=275501 id=394
raster_tex_alpha: faces=276001 id=355
raster_tex_alpha: faces=276501 id=334
raster_tex_alpha: faces=277001 id=389
raster_tex_alpha: faces=277501 id=394
raster_tex_alpha: faces=278001 id=355
raster_tex_alpha: faces=278501 id=389
raster_tex_alpha: faces=279001 id=389
raster_tex_alpha: faces=279501 id=394
raster_tex_alpha: faces=280001 id=355
raster_tex_alpha: faces=280501 id=389
raster_tex_alpha: faces=281001 id=389
raster_tex_alpha: faces=281501 id=394
raster_tex_alpha: faces=282001 id=389
raster_tex_alpha: faces=282501 id=394
raster_tex_alpha: faces=283001 id=389
raster_tex_alpha: faces=283501 id=355
raster_tex_alpha: faces=284001 id=334
raster_tex_alpha: faces=284501 id=394
raster_tex_alpha: faces=285001 id=394
raster_tex_alpha: faces=285501 id=355
raster_tex_alpha: faces=286001 id=389
raster_tex_alpha: faces=286501 id=334
raster_tex_alpha: faces=287001 id=459
raster_tex_alpha: faces=287501 id=355
raster_tex_alpha: faces=288001 id=389
raster_tex_alpha: faces=288501 id=380
raster_tex_alpha: faces=289001 id=394
raster_tex_alpha: faces=289501 id=355
raster_tex_alpha: faces=290001 id=394
raster_tex_alpha: faces=290501 id=389
raster_tex_alpha: faces=291001 id=394
raster_tex_alpha: faces=291501 id=389
raster_tex_alpha: faces=292001 id=389
raster_tex_alpha: faces=292501 id=394
raster_tex_alpha: faces=293001 id=394
raster_tex_alpha: faces=293501 id=389
raster_tex_alpha: faces=294001 id=389
raster_tex_alpha: faces=294501 id=334
raster_tex_alpha: faces=295001 id=355
raster_tex_alpha: faces=295501 id=334
raster_tex_alpha: faces=296001 id=389
raster_tex_alpha: faces=296501 id=394
raster_tex_alpha: faces=297001 id=355
raster_tex_alpha: faces=297501 id=389
raster_tex_alpha: faces=298001 id=394
raster_tex_alpha: faces=298501 id=394
raster_tex_alpha: faces=299001 id=355
raster_tex_alpha: faces=299501 id=334
raster_tex_alpha: faces=300001 id=334
raster_tex_alpha: faces=300501 id=394
raster_tex_alpha: faces=301001 id=355
raster_tex_alpha: faces=301501 id=389
raster_tex_alpha: faces=302001 id=389
raster_tex_alpha: faces=302501 id=394
raster_tex_alpha: faces=303001 id=389
raster_tex_alpha: faces=303501 id=389
raster_tex_alpha: faces=304001 id=389
raster_tex_alpha: faces=304501 id=394
raster_tex_alpha: faces=305001 id=389
raster_tex_alpha: faces=305501 id=389
raster_tex_alpha: faces=306001 id=389
raster_tex_alpha: faces=306501 id=355
raster_tex_alpha: faces=307001 id=334
raster_tex_alpha: faces=307501 id=334
raster_tex_alpha: faces=308001 id=394
raster_tex_alpha: faces=308501 id=355
raster_tex_alpha: faces=309001 id=334
raster_tex_alpha: faces=309501 id=389
raster_tex_alpha: faces=310001 id=394
raster_tex_alpha: faces=310501 id=355
raster_tex_alpha: faces=311001 id=389
raster_tex_alpha: faces=311501 id=389
raster_tex_alpha: faces=312001 id=394
raster_tex_alpha: faces=312501 id=355
raster_tex_alpha: faces=313001 id=389
raster_tex_alpha: faces=313501 id=380
raster_tex_alpha: faces=314001 id=394
raster_tex_alpha: faces=314501 id=389
raster_tex_alpha: faces=315001 id=334
raster_tex_alpha: faces=315501 id=389
raster_tex_alpha: faces=316001 id=394
raster_tex_alpha: faces=316501 id=389
raster_tex_alpha: faces=317001 id=389
raster_tex_alpha: faces=317501 id=389
raster_tex_alpha: faces=318001 id=355
raster_tex_alpha: faces=318501 id=389
raster_tex_alpha: faces=319001 id=334
raster_tex_alpha: faces=319501 id=394
raster_tex_alpha: faces=320001 id=355
raster_tex_alpha: faces=320501 id=389
raster_tex_alpha: faces=321001 id=389
raster_tex_alpha: faces=321501 id=394
raster_tex_alpha: faces=322001 id=355
raster_tex_alpha: faces=322501 id=389
raster_tex_alpha: faces=323001 id=389
raster_tex_alpha: faces=323501 id=394
raster_tex_alpha: faces=324001 id=355
raster_tex_alpha: faces=324501 id=389
raster_tex_alpha: faces=325001 id=389
raster_tex_alpha: faces=325501 id=394
raster_tex_alpha: faces=326001 id=355
raster_tex_alpha: faces=326501 id=459
raster_tex_alpha: faces=327001 id=380
raster_tex_alpha: faces=327501 id=394
raster_tex_alpha: faces=328001 id=389
raster_tex_alpha: faces=328501 id=389
raster_tex_alpha: faces=329001 id=459
raster_tex_alpha: faces=329501 id=355
raster_tex_alpha: faces=330001 id=334
raster_tex_alpha: faces=330501 id=334
raster_tex_alpha: faces=331001 id=334
raster_tex_alpha: faces=331501 id=355
raster_tex_alpha: faces=332001 id=459
raster_tex_alpha: faces=332501 id=389
raster_tex_alpha: faces=333001 id=394
raster_tex_alpha: faces=333501 id=380
raster_tex_alpha: faces=334001 id=389
raster_tex_alpha: faces=334501 id=394
raster_tex_alpha: faces=335001 id=394
raster_tex_alpha: faces=335501 id=355
raster_tex_alpha: faces=336001 id=334
raster_tex_alpha: faces=336501 id=334
raster_tex_alpha: faces=337001 id=394
raster_tex_alpha: faces=337501 id=355
raster_tex_alpha: faces=338001 id=380
raster_tex_alpha: faces=338501 id=389
raster_tex_alpha: faces=339001 id=380
raster_tex_alpha: faces=339501 id=389
raster_tex_alpha: faces=340001 id=394
raster_tex_alpha: faces=340501 id=394
raster_tex_alpha: faces=341001 id=355
raster_tex_alpha: faces=341501 id=334
raster_tex_alpha: faces=342001 id=459
raster_tex_alpha: faces=342501 id=459
raster_tex_alpha: faces=343001 id=355
raster_tex_alpha: faces=343501 id=334
raster_tex_alpha: faces=344001 id=389
raster_tex_alpha: faces=344501 id=394
raster_tex_alpha: faces=345001 id=355
raster_tex_alpha: faces=345501 id=389
raster_tex_alpha: faces=346001 id=389
raster_tex_alpha: faces=346501 id=394
raster_tex_alpha: faces=347001 id=355
raster_tex_alpha: faces=347501 id=389
raster_tex_alpha: faces=348001 id=389
raster_tex_alpha: faces=348501 id=394
raster_tex_alpha: faces=349001 id=389
raster_tex_alpha: faces=349501 id=389
raster_tex_alpha: faces=350001 id=334
raster_tex_alpha: faces=350501 id=380
raster_tex_alpha: faces=351001 id=355
raster_tex_alpha: faces=351501 id=334
raster_tex_alpha: faces=352001 id=334
raster_tex_alpha: faces=352501 id=355
raster_tex_alpha: faces=353001 id=380
raster_tex_alpha: faces=353501 id=459
raster_tex_alpha: faces=354001 id=389
raster_tex_alpha: faces=354501 id=380
raster_tex_alpha: faces=355001 id=389
raster_tex_alpha: faces=355501 id=394
raster_tex_alpha: faces=356001 id=459
raster_tex_alpha: faces=356501 id=355
raster_tex_alpha: faces=357001 id=389
raster_tex_alpha: faces=357501 id=380
raster_tex_alpha: faces=358001 id=394
raster_tex_alpha: faces=358501 id=389
raster_tex_alpha: faces=359001 id=389
raster_tex_alpha: faces=359501 id=389
raster_tex_alpha: faces=360001 id=394
raster_tex_alpha: faces=360501 id=355
raster_tex_alpha: faces=361001 id=389
raster_tex_alpha: faces=361501 id=394
raster_tex_alpha: faces=362001 id=458
raster_tex_alpha: faces=362501 id=389
raster_tex_alpha: faces=363001 id=389
raster_tex_alpha: faces=363501 id=394
raster_tex_alpha: faces=364001 id=380
raster_tex_alpha: faces=364501 id=334
raster_tex_alpha: faces=365001 id=394
raster_tex_alpha: faces=365501 id=380
raster_tex_alpha: faces=366001 id=355
raster_tex_alpha: faces=366501 id=459
raster_tex_alpha: faces=367001 id=389
raster_tex_alpha: faces=367501 id=394
raster_tex_alpha: faces=368001 id=355
raster_tex_alpha: faces=368501 id=389
raster_tex_alpha: faces=369001 id=389
raster_tex_alpha: faces=369501 id=394
raster_tex_alpha: faces=370001 id=334
raster_tex_alpha: faces=370501 id=389
raster_tex_alpha: faces=371001 id=459
raster_tex_alpha: faces=371501 id=394
raster_tex_alpha: faces=372001 id=355
raster_tex_alpha: faces=372501 id=389
raster_tex_alpha: faces=373001 id=394
raster_tex_alpha: faces=373501 id=458
raster_tex_alpha: faces=374001 id=389
raster_tex_alpha: faces=374501 id=459
raster_tex_alpha: faces=375001 id=389
raster_tex_alpha: faces=375501 id=380
raster_tex_alpha: faces=376001 id=389
raster_tex_alpha: faces=376501 id=389
raster_tex_alpha: faces=377001 id=334
raster_tex_alpha: faces=377501 id=355
raster_tex_alpha: faces=378001 id=355
raster_tex_alpha: faces=378501 id=394
raster_tex_alpha: faces=379001 id=394
raster_tex_alpha: faces=379501 id=389
raster_tex_alpha: faces=380001 id=334
raster_tex_alpha: faces=380501 id=389
raster_tex_alpha: faces=381001 id=394
raster_tex_alpha: faces=381501 id=389
raster_tex_alpha: faces=382001 id=389
raster_tex_alpha: faces=382501 id=389
raster_tex_alpha: faces=383001 id=394
raster_tex_alpha: faces=383501 id=334
raster_tex_alpha: faces=384001 id=389
raster_tex_alpha: faces=384501 id=394
raster_tex_alpha: faces=385001 id=458
raster_tex_alpha: faces=385501 id=389
raster_tex_alpha: faces=386001 id=334
raster_tex_alpha: faces=386501 id=389
raster_tex_alpha: faces=387001 id=355
raster_tex_alpha: faces=387501 id=355
raster_tex_alpha: faces=388001 id=394
raster_tex_alpha: faces=388501 id=394
raster_tex_alpha: faces=389001 id=389
raster_tex_alpha: faces=389501 id=389
raster_tex_alpha: faces=390001 id=389
raster_tex_alpha: faces=390501 id=394
raster_tex_alpha: faces=391001 id=389
raster_tex_alpha: faces=391501 id=389
raster_tex_alpha: faces=392001 id=389
raster_tex_alpha: faces=392501 id=394
raster_tex_alpha: faces=393001 id=389
raster_tex_alpha: faces=393501 id=355
raster_tex_alpha: faces=394001 id=394
raster_tex_alpha: faces=394501 id=458
raster_tex_alpha: faces=395001 id=389
raster_tex_alpha: faces=395501 id=394
raster_tex_alpha: faces=396001 id=389
raster_tex_alpha: faces=396501 id=355
raster_tex_alpha: faces=397001 id=380
raster_tex_alpha: faces=397501 id=389
raster_tex_alpha: faces=398001 id=334
raster_tex_alpha: faces=398501 id=355
raster_tex_alpha: faces=399001 id=334
raster_tex_alpha: faces=399501 id=394
raster_tex_alpha: faces=400001 id=394
raster_tex_alpha: faces=400501 id=389
raster_tex_alpha: faces=401001 id=459
raster_tex_alpha: faces=401501 id=394
raster_tex_alpha: faces=402001 id=394
raster_tex_alpha: faces=402501 id=389
raster_tex_alpha: faces=403001 id=334
raster_tex_alpha: faces=403501 id=394
raster_tex_alpha: faces=404001 id=355
raster_tex_alpha: faces=404501 id=334
raster_tex_alpha: faces=405001 id=334
raster_tex_alpha: faces=405501 id=459
raster_tex_alpha: faces=406001 id=389
raster_tex_alpha: faces=406501 id=389
raster_tex_alpha: faces=407001 id=389
raster_tex_alpha: faces=407501 id=394
raster_tex_alpha: faces=408001 id=389
raster_tex_alpha: faces=408501 id=334
raster_tex_alpha: faces=409001 id=389
raster_tex_alpha: faces=409501 id=380
raster_tex_alpha: faces=410001 id=389
raster_tex_alpha: faces=410501 id=394
raster_tex_alpha: faces=411001 id=380
raster_tex_alpha: faces=411501 id=389
raster_tex_alpha: faces=412001 id=389
raster_tex_alpha: faces=412501 id=394
raster_tex_alpha: faces=413001 id=394
raster_tex_alpha: faces=413501 id=334
raster_tex_alpha: faces=414001 id=355
raster_tex_alpha: faces=414501 id=394
raster_tex_alpha: faces=415001 id=380
raster_tex_alpha: faces=415501 id=389
raster_tex_alpha: faces=416001 id=389
raster_tex_alpha: faces=416501 id=394
raster_tex_alpha: faces=417001 id=389
raster_tex_alpha: faces=417501 id=394
raster_tex_alpha: faces=418001 id=459
raster_tex_alpha: faces=418501 id=355
raster_tex_alpha: faces=419001 id=380
raster_tex_alpha: faces=419501 id=334
raster_tex_alpha: faces=420001 id=459
raster_tex_alpha: faces=420501 id=355
raster_tex_alpha: faces=421001 id=394
raster_tex_alpha: faces=421501 id=389
raster_tex_alpha: faces=422001 id=458
raster_tex_alpha: faces=422501 id=334
raster_tex_alpha: faces=423001 id=394
raster_tex_alpha: faces=423501 id=394
raster_tex_alpha: faces=424001 id=334
raster_tex_alpha: faces=424501 id=394
raster_tex_alpha: faces=425001 id=389
raster_tex_alpha: faces=425501 id=458
raster_tex_alpha: faces=426001 id=389
raster_tex_alpha: faces=426501 id=389
raster_tex_alpha: faces=427001 id=394
raster_tex_alpha: faces=427501 id=389
raster_tex_alpha: faces=428001 id=334
raster_tex_alpha: faces=428501 id=394
raster_tex_alpha: faces=429001 id=355
raster_tex_alpha: faces=429501 id=334
raster_tex_alpha: faces=430001 id=389
raster_tex_alpha: faces=430501 id=394
raster_tex_alpha: faces=431001 id=389
raster_tex_alpha: faces=431501 id=389
raster_tex_alpha: faces=432001 id=394
raster_tex_alpha: faces=432501 id=389
raster_tex_alpha: faces=433001 id=380
raster_tex_alpha: faces=433501 id=389
raster_tex_alpha: faces=434001 id=389
raster_tex_alpha: faces=434501 id=355
raster_tex_alpha: faces=435001 id=389
raster_tex_alpha: faces=435501 id=380
raster_tex_alpha: faces=436001 id=389
raster_tex_alpha: faces=436501 id=389
raster_tex_alpha: faces=437001 id=394
raster_tex_alpha: faces=437501 id=389
raster_tex_alpha: faces=438001 id=389
raster_tex_alpha: faces=438501 id=459
raster_tex_alpha: faces=439001 id=334
raster_tex_alpha: faces=439501 id=355
raster_tex_alpha: faces=440001 id=380
raster_tex_alpha: faces=440501 id=389
raster_tex_alpha: faces=441001 id=334
raster_tex_alpha: faces=441501 id=394
raster_tex_alpha: faces=442001 id=389
raster_tex_alpha: faces=442501 id=389
raster_tex_alpha: faces=443001 id=334
raster_tex_alpha: faces=443501 id=389
raster_tex_alpha: faces=444001 id=334
raster_tex_alpha: faces=444501 id=334
raster_tex_alpha: faces=445001 id=389
raster_tex_alpha: faces=445501 id=334
raster_tex_alpha: faces=446001 id=394
raster_tex_alpha: faces=446501 id=380
raster_tex_alpha: faces=447001 id=389
raster_tex_alpha: faces=447501 id=394
raster_tex_alpha: faces=448001 id=389
raster_tex_alpha: faces=448501 id=334
raster_tex_alpha: faces=449001 id=394
raster_tex_alpha: faces=449501 id=389
raster_tex_alpha: faces=450001 id=389
raster_tex_alpha: faces=450501 id=389
raster_tex_alpha: faces=451001 id=389
raster_tex_alpha: faces=451501 id=394
raster_tex_alpha: faces=452001 id=355
raster_tex_alpha: faces=452501 id=459
raster_tex_alpha: faces=453001 id=394
raster_tex_alpha: faces=453501 id=355
raster_tex_alpha: faces=454001 id=389
raster_tex_alpha: faces=454501 id=355
raster_tex_alpha: faces=455001 id=389
raster_tex_alpha: faces=455501 id=394
raster_tex_alpha: faces=456001 id=389
raster_tex_alpha: faces=456501 id=394
raster_tex_alpha: faces=457001 id=394
raster_tex_alpha: faces=457501 id=380
raster_tex_alpha: faces=458001 id=394
raster_tex_alpha: faces=458501 id=389
raster_tex_alpha: faces=459001 id=394
raster_tex_alpha: faces=459501 id=394
raster_tex_alpha: faces=460001 id=355
raster_tex_alpha: faces=460501 id=389
raster_tex_alpha: faces=461001 id=389
raster_tex_alpha: faces=461501 id=394
raster_tex_alpha: faces=462001 id=394
raster_tex_alpha: faces=462501 id=459
raster_tex_alpha: faces=463001 id=380
raster_tex_alpha: faces=463501 id=394
raster_tex_alpha: faces=464001 id=389
raster_tex_alpha: faces=464501 id=389
raster_tex_alpha: faces=465001 id=355
raster_tex_alpha: faces=465501 id=394
raster_tex_alpha: faces=466001 id=389
raster_tex_alpha: faces=466501 id=380
raster_tex_alpha: faces=467001 id=389
raster_tex_alpha: faces=467501 id=394
raster_tex_alpha: faces=468001 id=389
raster_tex_alpha: faces=468501 id=389
raster_tex_alpha: faces=469001 id=380
raster_tex_alpha: faces=469501 id=380
raster_tex_alpha: faces=470001 id=394
raster_tex_alpha: faces=470501 id=355
raster_tex_alpha: faces=471001 id=394
raster_tex_alpha: faces=471501 id=389
raster_tex_alpha: faces=472001 id=394
raster_tex_alpha: faces=472501 id=389
raster_tex_alpha: faces=473001 id=394
raster_tex_alpha: faces=473501 id=389
raster_tex_alpha: faces=474001 id=394
raster_tex_alpha: faces=474501 id=389
raster_tex_alpha: faces=475001 id=389
raster_tex_alpha: faces=475501 id=355
raster_tex_alpha: faces=476001 id=389
raster_tex_alpha: faces=476501 id=389
raster_tex_alpha: faces=477001 id=389
raster_tex_alpha: faces=477501 id=389
raster_tex_alpha: faces=478001 id=389
raster_tex_alpha: faces=478501 id=389
raster_tex_alpha: faces=479001 id=389
raster_tex_alpha: faces=479501 id=355
raster_tex_alpha: faces=480001 id=389
raster_tex_alpha: faces=480501 id=355
raster_tex_alpha: faces=481001 id=389
raster_tex_alpha: faces=481501 id=389
raster_tex_alpha: faces=482001 id=389
raster_tex_alpha: faces=482501 id=355
raster_tex_alpha: faces=483001 id=389
raster_tex_alpha: faces=483501 id=355
raster_tex_alpha: faces=484001 id=389
raster_tex_alpha: faces=484501 id=355
raster_tex_alpha: faces=485001 id=394
raster_tex_alpha: faces=485501 id=334
raster_tex_alpha: faces=486001 id=380
raster_tex_alpha: faces=486501 id=380
raster_tex_alpha: faces=487001 id=394
raster_tex_alpha: faces=487501 id=389
raster_tex_alpha: faces=488001 id=380
raster_tex_alpha: faces=488501 id=389
raster_tex_alpha: faces=489001 id=394
raster_tex_alpha: faces=489501 id=389
raster_tex_alpha: faces=490001 id=394
raster_tex_alpha: faces=490501 id=355
raster_tex_alpha: faces=491001 id=458
raster_tex_alpha: faces=491501 id=389
raster_tex_alpha: faces=492001 id=334
raster_tex_alpha: faces=492501 id=389
raster_tex_alpha: faces=493001 id=334
raster_tex_alpha: faces=493501 id=394
raster_tex_alpha: faces=494001 id=355
raster_tex_alpha: faces=494501 id=394
raster_tex_alpha: faces=495001 id=389
raster_tex_alpha: faces=495501 id=459
raster_tex_alpha: faces=496001 id=389
raster_tex_alpha: faces=496501 id=394
raster_tex_alpha: faces=497001 id=355
raster_tex_alpha: faces=497501 id=394
raster_tex_alpha: faces=498001 id=389
raster_tex_alpha: faces=498501 id=334
raster_tex_alpha: faces=499001 id=355
raster_tex_alpha: faces=499501 id=334
raster_tex_alpha: faces=500001 id=380
raster_tex_alpha: faces=500501 id=394
raster_tex_alpha: faces=501001 id=355
raster_tex_alpha: faces=501501 id=334
raster_tex_alpha: faces=502001 id=394
raster_tex_alpha: faces=502501 id=355
raster_tex_alpha: faces=503001 id=355
raster_tex_alpha: faces=503501 id=389
raster_tex_alpha: faces=504001 id=389
raster_tex_alpha: faces=504501 id=355
raster_tex_alpha: faces=505001 id=394
raster_tex_alpha: faces=505501 id=389
raster_tex_alpha: faces=506001 id=389
raster_tex_alpha: faces=506501 id=355
raster_tex_alpha: faces=507001 id=394
raster_tex_alpha: faces=507501 id=355
raster_tex_alpha: faces=508001 id=459
raster_tex_alpha: faces=508501 id=355
raster_tex_alpha: faces=509001 id=394
raster_tex_alpha: faces=509501 id=355
raster_tex_alpha: faces=510001 id=394
raster_tex_alpha: faces=510501 id=355
raster_tex_alpha: faces=511001 id=459
raster_tex_alpha: faces=511501 id=389
raster_tex_alpha: faces=512001 id=459
raster_tex_alpha: faces=512501 id=389
raster_tex_alpha: faces=513001 id=394
raster_tex_alpha: faces=513501 id=389
raster_tex_alpha: faces=514001 id=394
raster_tex_alpha: faces=514501 id=355
raster_tex_alpha: faces=515001 id=394
raster_tex_alpha: faces=515501 id=355
raster_tex_alpha: faces=516001 id=380
raster_tex_alpha: faces=516501 id=380
raster_tex_alpha: faces=517001 id=459
raster_tex_alpha: faces=517501 id=355
raster_tex_alpha: faces=518001 id=394
raster_tex_alpha: faces=518501 id=334
raster_tex_alpha: faces=519001 id=394
raster_tex_alpha: faces=519501 id=355
raster_tex_alpha: faces=520001 id=458
raster_tex_alpha: faces=520501 id=389
raster_tex_alpha: faces=521001 id=394
raster_tex_alpha: faces=521501 id=389
raster_tex_alpha: faces=522001 id=394
raster_tex_alpha: faces=522501 id=389
raster_tex_alpha: faces=523001 id=394
raster_tex_alpha: faces=523501 id=380
raster_tex_alpha: faces=524001 id=334
raster_tex_alpha: faces=524501 id=355
raster_tex_alpha: faces=525001 id=389
raster_tex_alpha: faces=525501 id=389
raster_tex_alpha: faces=526001 id=389
raster_tex_alpha: faces=526501 id=355
raster_tex_alpha: faces=527001 id=380
raster_tex_alpha: faces=527501 id=355
raster_tex_alpha: faces=528001 id=389
raster_tex_alpha: faces=528501 id=355
raster_tex_alpha: faces=529001 id=389
raster_tex_alpha: faces=529501 id=389
raster_tex_alpha: faces=530001 id=389
raster_tex_alpha: faces=530501 id=389
raster_tex_alpha: faces=531001 id=380
raster_tex_alpha: faces=531501 id=380
raster_tex_alpha: faces=532001 id=355
raster_tex_alpha: faces=532501 id=394
raster_tex_alpha: faces=533001 id=389
raster_tex_alpha: faces=533501 id=394
raster_tex_alpha: faces=534001 id=389
raster_tex_alpha: faces=534501 id=394
raster_tex_alpha: faces=535001 id=355
raster_tex_alpha: faces=535501 id=380
raster_tex_alpha: faces=536001 id=355
raster_tex_alpha: faces=536501 id=459
raster_tex_alpha: faces=537001 id=355
raster_tex_alpha: faces=537501 id=334
raster_tex_alpha: faces=538001 id=389
raster_tex_alpha: faces=538501 id=389
raster_tex_alpha: faces=539001 id=355
raster_tex_alpha: faces=539501 id=389
raster_tex_alpha: faces=540001 id=389
raster_tex_alpha: faces=540501 id=334
raster_tex_alpha: faces=541001 id=355
raster_tex_alpha: faces=541501 id=334
raster_tex_alpha: faces=542001 id=355
raster_tex_alpha: faces=542501 id=334
raster_tex_alpha: faces=543001 id=355
raster_tex_alpha: faces=543501 id=389
raster_tex_alpha: faces=544001 id=458
raster_tex_alpha: faces=544501 id=389
raster_tex_alpha: faces=545001 id=394
raster_tex_alpha: faces=545501 id=389
raster_tex_alpha: faces=546001 id=394
raster_tex_alpha: faces=546501 id=389
raster_tex_alpha: faces=547001 id=394
raster_tex_alpha: faces=547501 id=389
raster_tex_alpha: faces=548001 id=394
raster_tex_alpha: faces=548501 id=389
raster_tex_alpha: faces=549001 id=394
raster_tex_alpha: faces=549501 id=389
raster_tex_alpha: faces=550001 id=394
raster_tex_alpha: faces=550501 id=389
raster_tex_alpha: faces=551001 id=394
raster_tex_alpha: faces=551501 id=334
raster_tex_alpha: faces=552001 id=380
raster_tex_alpha: faces=552501 id=389
raster_tex_alpha: faces=553001 id=380
raster_tex_alpha: faces=553501 id=389
raster_tex_alpha: faces=554001 id=394
raster_tex_alpha: faces=554501 id=389
raster_tex_alpha: faces=555001 id=334
raster_tex_alpha: faces=555501 id=394
raster_tex_alpha: faces=556001 id=389
raster_tex_alpha: faces=556501 id=334
raster_tex_alpha: faces=557001 id=389
raster_tex_alpha: faces=557501 id=389
raster_tex_alpha: faces=558001 id=334
raster_tex_alpha: faces=558501 id=334
raster_tex_alpha: faces=559001 id=389
raster_tex_alpha: faces=559501 id=389
raster_tex_alpha: faces=560001 id=389
raster_tex_alpha: faces=560501 id=394
raster_tex_alpha: faces=561001 id=389
raster_tex_alpha: faces=561501 id=355
raster_tex_alpha: faces=562001 id=389
raster_tex_alpha: faces=562501 id=394
raster_tex_alpha: faces=563001 id=394
raster_tex_alpha: faces=563501 id=394
raster_tex_alpha: faces=564001 id=334
raster_tex_alpha: faces=564501 id=355
raster_tex_alpha: faces=565001 id=334
raster_tex_alpha: faces=565501 id=380
raster_tex_alpha: faces=566001 id=389
raster_tex_alpha: faces=566501 id=389
raster_tex_alpha: faces=567001 id=459
raster_tex_alpha: faces=567501 id=389
raster_tex_alpha: faces=568001 id=389
raster_tex_alpha: faces=568501 id=334
raster_tex_alpha: faces=569001 id=389
raster_tex_alpha: faces=569501 id=389
raster_tex_alpha: faces=570001 id=394
raster_tex_alpha: faces=570501 id=389
raster_tex_alpha: faces=571001 id=389
raster_tex_alpha: faces=571501 id=380
raster_tex_alpha: faces=572001 id=389
raster_tex_alpha: faces=572501 id=389
raster_tex_alpha: faces=573001 id=355
raster_tex_alpha: faces=573501 id=389
raster_tex_alpha: faces=574001 id=389
raster_tex_alpha: faces=574501 id=334
raster_tex_alpha: faces=575001 id=355
raster_tex_alpha: faces=575501 id=389
raster_tex_alpha: faces=576001 id=355
raster_tex_alpha: faces=576501 id=389
raster_tex_alpha: faces=577001 id=334
raster_tex_alpha: faces=577501 id=389
raster_tex_alpha: faces=578001 id=355
raster_tex_alpha: faces=578501 id=380
raster_tex_alpha: faces=579001 id=355
raster_tex_alpha: faces=579501 id=389
raster_tex_alpha: faces=580001 id=355
raster_tex_alpha: faces=580501 id=389
raster_tex_alpha: faces=581001 id=394
raster_tex_alpha: faces=581501 id=389
raster_tex_alpha: faces=582001 id=394
raster_tex_alpha: faces=582501 id=389
raster_tex_alpha: faces=583001 id=355
raster_tex_alpha: faces=583501 id=389
raster_tex_alpha: faces=584001 id=355
raster_tex_alpha: faces=584501 id=334
raster_tex_alpha: faces=585001 id=394
raster_tex_alpha: faces=585501 id=389
raster_tex_alpha: faces=586001 id=394
raster_tex_alpha: faces=586501 id=389
raster_tex_alpha: faces=587001 id=394
raster_tex_alpha: faces=587501 id=355
raster_tex_alpha: faces=588001 id=394
raster_tex_alpha: faces=588501 id=459
raster_tex_alpha: faces=589001 id=458
raster_tex_alpha: faces=589501 id=394
raster_tex_alpha: faces=590001 id=334
raster_tex_alpha: faces=590501 id=355
raster_tex_alpha: faces=591001 id=389
raster_tex_alpha: faces=591501 id=389
raster_tex_alpha: faces=592001 id=389
raster_tex_alpha: faces=592501 id=389
raster_tex_alpha: faces=593001 id=394
raster_tex_alpha: faces=593501 id=389
raster_tex_alpha: faces=594001 id=389
raster_tex_alpha: faces=594501 id=459
raster_tex_alpha: faces=595001 id=389
raster_tex_alpha: faces=595501 id=355
raster_tex_alpha: faces=596001 id=389
raster_tex_alpha: faces=596501 id=380
raster_tex_alpha: faces=597001 id=389
raster_tex_alpha: faces=597501 id=355
raster_tex_alpha: faces=598001 id=334
raster_tex_alpha: faces=598501 id=394
raster_tex_alpha: faces=599001 id=334
raster_tex_alpha: faces=599501 id=459
raster_tex_alpha: faces=600001 id=389
raster_tex_alpha: faces=600501 id=355
raster_tex_alpha: faces=601001 id=389
raster_tex_alpha: faces=601501 id=389
raster_tex_alpha: faces=602001 id=389
raster_tex_alpha: faces=602501 id=459
raster_tex_alpha: faces=603001 id=389
raster_tex_alpha: faces=603501 id=394
raster_tex_alpha: faces=604001 id=355
raster_tex_alpha: faces=604501 id=394
raster_tex_alpha: faces=605001 id=389
raster_tex_alpha: faces=605501 id=394
raster_tex_alpha: faces=606001 id=389
raster_tex_alpha: faces=606501 id=394
raster_tex_alpha: faces=607001 id=459
raster_tex_alpha: faces=607501 id=394
raster_tex_alpha: faces=608001 id=389
raster_tex_alpha: faces=608501 id=394
raster_tex_alpha: faces=609001 id=355
raster_tex_alpha: faces=609501 id=458
raster_tex_alpha: faces=610001 id=459
raster_tex_alpha: faces=610501 id=458
raster_tex_alpha: faces=611001 id=334
raster_tex_alpha: faces=611501 id=380
raster_tex_alpha: faces=612001 id=355
raster_tex_alpha: faces=612501 id=334
raster_tex_alpha: faces=613001 id=355
raster_tex_alpha: faces=613501 id=394
raster_tex_alpha: faces=614001 id=334
raster_tex_alpha: faces=614501 id=394
raster_tex_alpha: faces=615001 id=389
raster_tex_alpha: faces=615501 id=380
raster_tex_alpha: faces=616001 id=389
raster_tex_alpha: faces=616501 id=458
raster_tex_alpha: faces=617001 id=389
raster_tex_alpha: faces=617501 id=394
raster_tex_alpha: faces=618001 id=355
raster_tex_alpha: faces=618501 id=394
raster_tex_alpha: faces=619001 id=389
raster_tex_alpha: faces=619501 id=394
raster_tex_alpha: faces=620001 id=389
raster_tex_alpha: faces=620501 id=394
raster_tex_alpha: faces=621001 id=389
raster_tex_alpha: faces=621501 id=394
raster_tex_alpha: faces=622001 id=389
raster_tex_alpha: faces=622501 id=394
raster_tex_alpha: faces=623001 id=389
raster_tex_alpha: faces=623501 id=394
raster_tex_alpha: faces=624001 id=389
raster_tex_alpha: faces=624501 id=394
raster_tex_alpha: faces=625001 id=389
raster_tex_alpha: faces=625501 id=394
raster_tex_alpha: faces=626001 id=334
raster_tex_alpha: faces=626501 id=334
raster_tex_alpha: faces=627001 id=389
raster_tex_alpha: faces=627501 id=389
raster_tex_alpha: faces=628001 id=389
raster_tex_alpha: faces=628501 id=334
raster_tex_alpha: faces=629001 id=389
raster_tex_alpha: faces=629501 id=459
raster_tex_alpha: faces=630001 id=389
raster_tex_alpha: faces=630501 id=389
raster_tex_alpha: faces=631001 id=355
raster_tex_alpha: faces=631501 id=394
raster_tex_alpha: faces=632001 id=389
raster_tex_alpha: faces=632501 id=394
raster_tex_alpha: faces=633001 id=389
raster_tex_alpha: faces=633501 id=394
raster_tex_alpha: faces=634001 id=389
raster_tex_alpha: faces=634501 id=380
raster_tex_alpha: faces=635001 id=389
raster_tex_alpha: faces=635501 id=458
raster_tex_alpha: faces=636001 id=389
raster_tex_alpha: faces=636501 id=334
raster_tex_alpha: faces=637001 id=389
raster_tex_alpha: faces=637501 id=380
raster_tex_alpha: faces=638001 id=389
raster_tex_alpha: faces=638501 id=380
raster_tex_alpha: faces=639001 id=389
raster_tex_alpha: faces=639501 id=380
raster_tex_alpha: faces=640001 id=389
raster_tex_alpha: faces=640501 id=380
raster_tex_alpha: faces=641001 id=389
raster_tex_alpha: faces=641501 id=334
raster_tex_alpha: faces=642001 id=389
raster_tex_alpha: faces=642501 id=389
raster_tex_alpha: faces=643001 id=355
raster_tex_alpha: faces=643501 id=355
raster_tex_alpha: faces=644001 id=355
raster_tex_alpha: faces=644501 id=380
raster_tex_alpha: faces=645001 id=355
raster_tex_alpha: faces=645501 id=389
raster_tex_alpha: faces=646001 id=389
raster_tex_alpha: faces=646501 id=459
raster_tex_alpha: faces=647001 id=389
raster_tex_alpha: faces=647501 id=355
raster_tex_alpha: faces=648001 id=389
raster_tex_alpha: faces=648501 id=334
raster_tex_alpha: faces=649001 id=389
raster_tex_alpha: faces=649501 id=355
raster_tex_alpha: faces=650001 id=389
raster_tex_alpha: faces=650501 id=389
raster_tex_alpha: faces=651001 id=389
raster_tex_alpha: faces=651501 id=355
raster_tex_alpha: faces=652001 id=389
raster_tex_alpha: faces=652501 id=389
raster_tex_alpha: faces=653001 id=459
raster_tex_alpha: faces=653501 id=389
raster_tex_alpha: faces=654001 id=389
raster_tex_alpha: faces=654501 id=355
raster_tex_alpha: faces=655001 id=389
raster_tex_alpha: faces=655501 id=389
raster_tex_alpha: faces=656001 id=389
raster_tex_alpha: faces=656501 id=334
raster_tex_alpha: faces=657001 id=389
raster_tex_alpha: faces=657501 id=355
raster_tex_alpha: faces=658001 id=380
raster_tex_alpha: faces=658501 id=389
raster_tex_alpha: faces=659001 id=334
raster_tex_alpha: faces=659501 id=355
raster_tex_alpha: faces=660001 id=389
raster_tex_alpha: faces=660501 id=334
raster_tex_alpha: faces=661001 id=389
raster_tex_alpha: faces=661501 id=334
raster_tex_alpha: faces=662001 id=389
raster_tex_alpha: faces=662501 id=389
raster_tex_alpha: faces=663001 id=389
raster_tex_alpha: faces=663501 id=355
raster_tex_alpha: faces=664001 id=380
raster_tex_alpha: faces=664501 id=389
raster_tex_alpha: faces=665001 id=459
raster_tex_alpha: faces=665501 id=389
raster_tex_alpha: faces=666001 id=459
raster_tex_alpha: faces=666501 id=355
raster_tex_alpha: faces=667001 id=334
raster_tex_alpha: faces=667501 id=389
raster_tex_alpha: faces=668001 id=459
raster_tex_alpha: faces=668501 id=355
raster_tex_alpha: faces=669001 id=459
raster_tex_alpha: faces=669501 id=389
raster_tex_alpha: faces=670001 id=459
raster_tex_alpha: faces=670501 id=389
raster_tex_alpha: faces=671001 id=394
raster_tex_alpha: faces=671501 id=389
raster_tex_alpha: faces=672001 id=394
raster_tex_alpha: faces=672501 id=389
raster_tex_alpha: faces=673001 id=380
raster_tex_alpha: faces=673501 id=355
raster_tex_alpha: faces=674001 id=394
raster_tex_alpha: faces=674501 id=389
raster_tex_alpha: faces=675001 id=394
raster_tex_alpha: faces=675501 id=355
raster_tex_alpha: faces=676001 id=394
raster_tex_alpha: faces=676501 id=389
raster_tex_alpha: faces=677001 id=394
raster_tex_alpha: faces=677501 id=355
raster_tex_alpha: faces=678001 id=394
raster_tex_alpha: faces=678501 id=389
raster_tex_alpha: faces=679001 id=394
raster_tex_alpha: faces=679501 id=380
raster_tex_alpha: faces=680001 id=394
raster_tex_alpha: faces=680501 id=389
raster_tex_alpha: faces=681001 id=394
raster_tex_alpha: faces=681501 id=334
raster_tex_alpha: faces=682001 id=394
raster_tex_alpha: faces=682501 id=389
raster_tex_alpha: faces=683001 id=394
raster_tex_alpha: faces=683501 id=389
raster_tex_alpha: faces=684001 id=394
raster_tex_alpha: faces=684501 id=389
raster_tex_alpha: faces=685001 id=394
raster_tex_alpha: faces=685501 id=355
raster_tex_alpha: faces=686001 id=394
raster_tex_alpha: faces=686501 id=355
raster_tex_alpha: faces=687001 id=380
raster_tex_alpha: faces=687501 id=389
raster_tex_alpha: faces=688001 id=394
raster_tex_alpha: faces=688501 id=389
raster_tex_alpha: faces=689001 id=459
raster_tex_alpha: faces=689501 id=389
raster_tex_alpha: faces=690001 id=334
raster_tex_alpha: faces=690501 id=389
raster_tex_alpha: faces=691001 id=389
raster_tex_alpha: faces=691501 id=459
raster_tex_alpha: faces=692001 id=459
raster_tex_alpha: faces=692501 id=394
raster_tex_alpha: faces=693001 id=458
raster_tex_alpha: faces=693501 id=355
raster_tex_alpha: faces=694001 id=394
raster_tex_alpha: faces=694501 id=389
raster_tex_alpha: faces=695001 id=394
raster_tex_alpha: faces=695501 id=380
raster_tex_alpha: faces=696001 id=394
raster_tex_alpha: faces=696501 id=334
raster_tex_alpha: faces=697001 id=355
raster_tex_alpha: faces=697501 id=389
raster_tex_alpha: faces=698001 id=355
raster_tex_alpha: faces=698501 id=389
raster_tex_alpha: faces=699001 id=355
raster_tex_alpha: faces=699501 id=389
raster_tex_alpha: faces=700001 id=394
raster_tex_alpha: faces=700501 id=380
raster_tex_alpha: faces=701001 id=389
raster_tex_alpha: faces=701501 id=394
raster_tex_alpha: faces=702001 id=389
raster_tex_alpha: faces=702501 id=394
raster_tex_alpha: faces=703001 id=389
raster_tex_alpha: faces=703501 id=389
raster_tex_alpha: faces=704001 id=389
raster_tex_alpha: faces=704501 id=394
raster_tex_alpha: faces=705001 id=394
raster_tex_alpha: faces=705501 id=380
raster_tex_alpha: faces=706001 id=394
raster_tex_alpha: faces=706501 id=389
raster_tex_alpha: faces=707001 id=355
raster_tex_alpha: faces=707501 id=380
raster_tex_alpha: faces=708001 id=459
raster_tex_alpha: faces=708501 id=389
raster_tex_alpha: faces=709001 id=458
raster_tex_alpha: faces=709501 id=389
raster_tex_alpha: faces=710001 id=394
raster_tex_alpha: faces=710501 id=389
raster_tex_alpha: faces=711001 id=389
raster_tex_alpha: faces=711501 id=389
raster_tex_alpha: faces=712001 id=389
raster_tex_alpha: faces=712501 id=389
raster_tex_alpha: faces=713001 id=394
raster_tex_alpha: faces=713501 id=334
raster_tex_alpha: faces=714001 id=394
raster_tex_alpha: faces=714501 id=355
raster_tex_alpha: faces=715001 id=394
raster_tex_alpha: faces=715501 id=334
raster_tex_alpha: faces=716001 id=394
raster_tex_alpha: faces=716501 id=389
raster_tex_alpha: faces=717001 id=389
raster_tex_alpha: faces=717501 id=389
raster_tex_alpha: faces=718001 id=459
raster_tex_alpha: faces=718501 id=458
raster_tex_alpha: faces=719001 id=355
raster_tex_alpha: faces=719501 id=394
raster_tex_alpha: faces=720001 id=334
raster_tex_alpha: faces=720501 id=394
raster_tex_alpha: faces=721001 id=389
raster_tex_alpha: faces=721501 id=355
raster_tex_alpha: faces=722001 id=459
raster_tex_alpha: faces=722501 id=394
raster_tex_alpha: faces=723001 id=334
raster_tex_alpha: faces=723501 id=389
raster_tex_alpha: faces=724001 id=355
raster_tex_alpha: faces=724501 id=389
raster_tex_alpha: faces=725001 id=334
raster_tex_alpha: faces=725501 id=389
raster_tex_alpha: faces=726001 id=389
raster_tex_alpha: faces=726501 id=394
raster_tex_alpha: faces=727001 id=458
raster_tex_alpha: faces=727501 id=389
raster_tex_alpha: faces=728001 id=458
raster_tex_alpha: faces=728501 id=459
raster_tex_alpha: faces=729001 id=394
raster_tex_alpha: faces=729501 id=389
raster_tex_alpha: faces=730001 id=394
raster_tex_alpha: faces=730501 id=389
raster_tex_alpha: faces=731001 id=394
raster_tex_alpha: faces=731501 id=459
raster_tex_alpha: faces=732001 id=355
raster_tex_alpha: faces=732501 id=355
raster_tex_alpha: faces=733001 id=394
raster_tex_alpha: faces=733501 id=355
raster_tex_alpha: faces=734001 id=355
raster_tex_alpha: faces=734501 id=389
raster_tex_alpha: faces=735001 id=389
raster_tex_alpha: faces=735501 id=334
raster_tex_alpha: faces=736001 id=394
raster_tex_alpha: faces=736501 id=334
raster_tex_alpha: faces=737001 id=394
raster_tex_alpha: faces=737501 id=458
raster_tex_alpha: faces=738001 id=334
raster_tex_alpha: faces=738501 id=394
raster_tex_alpha: faces=739001 id=389
raster_tex_alpha: faces=739501 id=389
raster_tex_alpha: faces=740001 id=389
raster_tex_alpha: faces=740501 id=394
raster_tex_alpha: faces=741001 id=355
raster_tex_alpha: faces=741501 id=389
raster_tex_alpha: faces=742001 id=389
raster_tex_alpha: faces=742501 id=355
raster_tex_alpha: faces=743001 id=355
raster_tex_alpha: faces=743501 id=394
raster_tex_alpha: faces=744001 id=355
raster_tex_alpha: faces=744501 id=355
raster_tex_alpha: faces=745001 id=334
raster_tex_alpha: faces=745501 id=355
raster_tex_alpha: faces=746001 id=389
raster_tex_alpha: faces=746501 id=334
raster_tex_alpha: faces=747001 id=389
raster_tex_alpha: faces=747501 id=380
raster_tex_alpha: faces=748001 id=380
raster_tex_alpha: faces=748501 id=334
raster_tex_alpha: faces=749001 id=334
raster_tex_alpha: faces=749501 id=389
raster_tex_alpha: faces=750001 id=380
raster_tex_alpha: faces=750501 id=394
raster_tex_alpha: faces=751001 id=458
raster_tex_alpha: faces=751501 id=394
raster_tex_alpha: faces=752001 id=458
raster_tex_alpha: faces=752501 id=459
raster_tex_alpha: faces=753001 id=458
raster_tex_alpha: faces=753501 id=355
raster_tex_alpha: faces=754001 id=394
raster_tex_alpha: faces=754501 id=355
raster_tex_alpha: faces=755001 id=394
raster_tex_alpha: faces=755501 id=389
raster_tex_alpha: faces=756001 id=389
raster_tex_alpha: faces=756501 id=389
raster_tex_alpha: faces=757001 id=394
raster_tex_alpha: faces=757501 id=459
raster_tex_alpha: faces=758001 id=394
raster_tex_alpha: faces=758501 id=355
raster_tex_alpha: faces=759001 id=389
raster_tex_alpha: faces=759501 id=355
raster_tex_alpha: faces=760001 id=458
raster_tex_alpha: faces=760501 id=389
raster_tex_alpha: faces=761001 id=458
raster_tex_alpha: faces=761501 id=389
raster_tex_alpha: faces=762001 id=380
raster_tex_alpha: faces=762501 id=355
raster_tex_alpha: faces=763001 id=459
raster_tex_alpha: faces=763501 id=394
raster_tex_alpha: faces=764001 id=394
raster_tex_alpha: faces=764501 id=459
raster_tex_alpha: faces=765001 id=389
raster_tex_alpha: faces=765501 id=355
raster_tex_alpha: faces=766001 id=334
raster_tex_alpha: faces=766501 id=459
raster_tex_alpha: faces=767001 id=334
raster_tex_alpha: faces=767501 id=394
raster_tex_alpha: faces=768001 id=389
raster_tex_alpha: faces=768501 id=389
raster_tex_alpha: faces=769001 id=389
raster_tex_alpha: faces=769501 id=394
raster_tex_alpha: faces=770001 id=355
raster_tex_alpha: faces=770501 id=355
raster_tex_alpha: faces=771001 id=355
raster_tex_alpha: faces=771501 id=389
raster_tex_alpha: faces=772001 id=389
raster_tex_alpha: faces=772501 id=380
raster_tex_alpha: faces=773001 id=334
raster_tex_alpha: faces=773501 id=394
raster_tex_alpha: faces=774001 id=459
raster_tex_alpha: faces=774501 id=334
raster_tex_alpha: faces=775001 id=355
raster_tex_alpha: faces=775501 id=334
raster_tex_alpha: faces=776001 id=355
raster_tex_alpha: faces=776501 id=389
raster_tex_alpha: faces=777001 id=355
raster_tex_alpha: faces=777501 id=355
raster_tex_alpha: faces=778001 id=380
raster_tex_alpha: faces=778501 id=355
raster_tex_alpha: faces=779001 id=389
raster_tex_alpha: faces=779501 id=334
raster_tex_alpha: faces=780001 id=389
raster_tex_alpha: faces=780501 id=389
raster_tex_alpha: faces=781001 id=389
raster_tex_alpha: faces=781501 id=394
raster_tex_alpha: faces=782001 id=389
raster_tex_alpha: faces=782501 id=394
raster_tex_alpha: faces=783001 id=380
raster_tex_alpha: faces=783501 id=389
raster_tex_alpha: faces=784001 id=394
raster_tex_alpha: faces=784501 id=389
raster_tex_alpha: faces=785001 id=389
raster_tex_alpha: faces=785501 id=389
raster_tex_alpha: faces=786001 id=380
raster_tex_alpha: faces=786501 id=389
raster_tex_alpha: faces=787001 id=334
raster_tex_alpha: faces=787501 id=459
raster_tex_alpha: faces=788001 id=334
raster_tex_alpha: faces=788501 id=355
raster_tex_alpha: faces=789001 id=459
raster_tex_alpha: faces=789501 id=380
raster_tex_alpha: faces=790001 id=459
raster_tex_alpha: faces=790501 id=380
raster_tex_alpha: faces=791001 id=394
raster_tex_alpha: faces=791501 id=389
raster_tex_alpha: faces=792001 id=355
raster_tex_alpha: faces=792501 id=389
raster_tex_alpha: faces=793001 id=394
raster_tex_alpha: faces=793501 id=355
raster_tex_alpha: faces=794001 id=389
raster_tex_alpha: faces=794501 id=394
raster_tex_alpha: faces=795001 id=389
raster_tex_alpha: faces=795501 id=394
raster_tex_alpha: faces=796001 id=334
raster_tex_alpha: faces=796501 id=389
raster_tex_alpha: faces=797001 id=355
raster_tex_alpha: faces=797501 id=394
raster_tex_alpha: faces=798001 id=394
raster_tex_alpha: faces=798501 id=389
raster_tex_alpha: faces=799001 id=389
raster_tex_alpha: faces=799501 id=394
raster_tex_alpha: faces=800001 id=355
raster_tex_alpha: faces=800501 id=459
raster_tex_alpha: faces=801001 id=389
raster_tex_alpha: faces=801501 id=389
raster_tex_alpha: faces=802001 id=380
raster_tex_alpha: faces=802501 id=389
raster_tex_alpha: faces=803001 id=389
raster_tex_alpha: faces=803501 id=394
raster_tex_alpha: faces=804001 id=389
raster_tex_alpha: faces=804501 id=389
raster_tex_alpha: faces=805001 id=380
raster_tex_alpha: faces=805501 id=394
raster_tex_alpha: faces=806001 id=380
raster_tex_alpha: faces=806501 id=389
raster_tex_alpha: faces=807001 id=389
raster_tex_alpha: faces=807501 id=394
raster_tex_alpha: faces=808001 id=355
raster_tex_alpha: faces=808501 id=334
raster_tex_alpha: faces=809001 id=394
raster_tex_alpha: faces=809501 id=389
raster_tex_alpha: faces=810001 id=394
raster_tex_alpha: faces=810501 id=380
raster_tex_alpha: faces=811001 id=389
raster_tex_alpha: faces=811501 id=389
raster_tex_alpha: faces=812001 id=355
raster_tex_alpha: faces=812501 id=389
raster_tex_alpha: faces=813001 id=394
raster_tex_alpha: faces=813501 id=389
raster_tex_alpha: faces=814001 id=389
raster_tex_alpha: faces=814501 id=389
raster_tex_alpha: faces=815001 id=389
raster_tex_alpha: faces=815501 id=459
raster_tex_alpha: faces=816001 id=389
raster_tex_alpha: faces=816501 id=394
raster_tex_alpha: faces=817001 id=394
raster_tex_alpha: faces=817501 id=355
raster_tex_alpha: faces=818001 id=389
raster_tex_alpha: faces=818501 id=458
raster_tex_alpha: faces=819001 id=389
raster_tex_alpha: faces=819501 id=389
raster_tex_alpha: faces=820001 id=389
raster_tex_alpha: faces=820501 id=355
raster_tex_alpha: faces=821001 id=389
raster_tex_alpha: faces=821501 id=389
raster_tex_alpha: faces=822001 id=355
raster_tex_alpha: faces=822501 id=334
raster_tex_alpha: faces=823001 id=394
raster_tex_alpha: faces=823501 id=394
raster_tex_alpha: faces=824001 id=334
raster_tex_alpha: faces=824501 id=389
raster_tex_alpha: faces=825001 id=394
raster_tex_alpha: faces=825501 id=459
raster_tex_alpha: faces=826001 id=389
raster_tex_alpha: faces=826501 id=394
raster_tex_alpha: faces=827001 id=334
raster_tex_alpha: faces=827501 id=459
raster_tex_alpha: faces=828001 id=394
raster_tex_alpha: faces=828501 id=334
raster_tex_alpha: faces=829001 id=459
raster_tex_alpha: faces=829501 id=394
raster_tex_alpha: faces=830001 id=389
raster_tex_alpha: faces=830501 id=394
raster_tex_alpha: faces=831001 id=389
raster_tex_alpha: faces=831501 id=389
raster_tex_alpha: faces=832001 id=334
raster_tex_alpha: faces=832501 id=394
raster_tex_alpha: faces=833001 id=334
raster_tex_alpha: faces=833501 id=389
raster_tex_alpha: faces=834001 id=389
raster_tex_alpha: faces=834501 id=389
raster_tex_alpha: faces=835001 id=389
raster_tex_alpha: faces=835501 id=380
raster_tex_alpha: faces=836001 id=334
raster_tex_alpha: faces=836501 id=394
raster_tex_alpha: faces=837001 id=389
raster_tex_alpha: faces=837501 id=389
raster_tex_alpha: faces=838001 id=389
raster_tex_alpha: faces=838501 id=394
raster_tex_alpha: faces=839001 id=334
raster_tex_alpha: faces=839501 id=389
raster_tex_alpha: faces=840001 id=394
raster_tex_alpha: faces=840501 id=394
raster_tex_alpha: faces=841001 id=458
raster_tex_alpha: faces=841501 id=389
raster_tex_alpha: faces=842001 id=389
raster_tex_alpha: faces=842501 id=394
raster_tex_alpha: faces=843001 id=389
raster_tex_alpha: faces=843501 id=394
raster_tex_alpha: faces=844001 id=389
raster_tex_alpha: faces=844501 id=355
raster_tex_alpha: faces=845001 id=394
raster_tex_alpha: faces=845501 id=389
raster_tex_alpha: faces=846001 id=380
raster_tex_alpha: faces=846501 id=394
raster_tex_alpha: faces=847001 id=389
raster_tex_alpha: faces=847501 id=355
raster_tex_alpha: faces=848001 id=389
raster_tex_alpha: faces=848501 id=389
raster_tex_alpha: faces=849001 id=389
raster_tex_alpha: faces=849501 id=355
raster_tex_alpha: faces=850001 id=389
raster_tex_alpha: faces=850501 id=394
raster_tex_alpha: faces=851001 id=355
raster_tex_alpha: faces=851501 id=389
raster_tex_alpha: faces=852001 id=334
raster_tex_alpha: faces=852501 id=394
raster_tex_alpha: faces=853001 id=389
raster_tex_alpha: faces=853501 id=380
raster_tex_alpha: faces=854001 id=389
raster_tex_alpha: faces=854501 id=355
raster_tex_alpha: faces=855001 id=334
raster_tex_alpha: faces=855501 id=355
raster_tex_alpha: faces=856001 id=389
raster_tex_alpha: faces=856501 id=394
raster_tex_alpha: faces=857001 id=458
raster_tex_alpha: faces=857501 id=389
raster_tex_alpha: faces=858001 id=389
raster_tex_alpha: faces=858501 id=394
raster_tex_alpha: faces=859001 id=389
raster_tex_alpha: faces=859501 id=394
raster_tex_alpha: faces=860001 id=334
raster_tex_alpha: faces=860501 id=459
raster_tex_alpha: faces=861001 id=389
raster_tex_alpha: faces=861501 id=389
raster_tex_alpha: faces=862001 id=394
raster_tex_alpha: faces=862501 id=389
raster_tex_alpha: faces=863001 id=389
raster_tex_alpha: faces=863501 id=458
raster_tex_alpha: faces=864001 id=389
raster_tex_alpha: faces=864501 id=389
raster_tex_alpha: faces=865001 id=394
raster_tex_alpha: faces=865501 id=389
raster_tex_alpha: faces=866001 id=389
raster_tex_alpha: faces=866501 id=389
raster_tex_alpha: faces=867001 id=355
raster_tex_alpha: faces=867501 id=394
raster_tex_alpha: faces=868001 id=389
raster_tex_alpha: faces=868501 id=355
raster_tex_alpha: faces=869001 id=394
raster_tex_alpha: faces=869501 id=389
raster_tex_alpha: faces=870001 id=394
raster_tex_alpha: faces=870501 id=394
raster_tex_alpha: faces=871001 id=389
raster_tex_alpha: faces=871501 id=459
raster_tex_alpha: faces=872001 id=380
raster_tex_alpha: faces=872501 id=355
raster_tex_alpha: faces=873001 id=334
raster_tex_alpha: faces=873501 id=334
raster_tex_alpha: faces=874001 id=389
raster_tex_alpha: faces=874501 id=334
raster_tex_alpha: faces=875001 id=394
raster_tex_alpha: faces=875501 id=334
raster_tex_alpha: faces=876001 id=389
raster_tex_alpha: faces=876501 id=389
raster_tex_alpha: faces=877001 id=394
raster_tex_alpha: faces=877501 id=459
raster_tex_alpha: faces=878001 id=389
raster_tex_alpha: faces=878501 id=389
raster_tex_alpha: faces=879001 id=334
raster_tex_alpha: faces=879501 id=394
raster_tex_alpha: faces=880001 id=459
raster_tex_alpha: faces=880501 id=459
raster_tex_alpha: faces=881001 id=389
raster_tex_alpha: faces=881501 id=459
raster_tex_alpha: faces=882001 id=355
raster_tex_alpha: faces=882501 id=355
raster_tex_alpha: faces=883001 id=394
raster_tex_alpha: faces=883501 id=458
raster_tex_alpha: faces=884001 id=394
raster_tex_alpha: faces=884501 id=389
raster_tex_alpha: faces=885001 id=334
raster_tex_alpha: faces=885501 id=394
raster_tex_alpha: faces=886001 id=389
raster_tex_alpha: faces=886501 id=389
raster_tex_alpha: faces=887001 id=459
raster_tex_alpha: faces=887501 id=334
raster_tex_alpha: faces=888001 id=389
raster_tex_alpha: faces=888501 id=394
raster_tex_alpha: faces=889001 id=355
raster_tex_alpha: faces=889501 id=394
raster_tex_alpha: faces=890001 id=389
raster_tex_alpha: faces=890501 id=389
raster_tex_alpha: faces=891001 id=355
raster_tex_alpha: faces=891501 id=334
raster_tex_alpha: faces=892001 id=458
raster_tex_alpha: faces=892501 id=355
raster_tex_alpha: faces=893001 id=380
raster_tex_alpha: faces=893501 id=334
raster_tex_alpha: faces=894001 id=459
raster_tex_alpha: faces=894501 id=459
raster_tex_alpha: faces=895001 id=389
raster_tex_alpha: faces=895501 id=389
raster_tex_alpha: faces=896001 id=394
raster_tex_alpha: faces=896501 id=389
raster_tex_alpha: faces=897001 id=394
raster_tex_alpha: faces=897501 id=394
raster_tex_alpha: faces=898001 id=394
raster_tex_alpha: faces=898501 id=334
raster_tex_alpha: faces=899001 id=389
raster_tex_alpha: faces=899501 id=459
raster_tex_alpha: faces=900001 id=394
raster_tex_alpha: faces=900501 id=458
raster_tex_alpha: faces=901001 id=380
raster_tex_alpha: faces=901501 id=334
raster_tex_alpha: faces=902001 id=394
raster_tex_alpha: faces=902501 id=394
raster_tex_alpha: faces=903001 id=394
raster_tex_alpha: faces=903501 id=389
raster_tex_alpha: faces=904001 id=389
raster_tex_alpha: faces=904501 id=389
raster_tex_alpha: faces=905001 id=394
raster_tex_alpha: faces=905501 id=459
raster_tex_alpha: faces=906001 id=389
raster_tex_alpha: faces=906501 id=389
raster_tex_alpha: faces=907001 id=394
raster_tex_alpha: faces=907501 id=355
raster_tex_alpha: faces=908001 id=389
raster_tex_alpha: faces=908501 id=394
raster_tex_alpha: faces=909001 id=380
raster_tex_alpha: faces=909501 id=389
raster_tex_alpha: faces=910001 id=389
raster_tex_alpha: faces=910501 id=394
raster_tex_alpha: faces=911001 id=355
raster_tex_alpha: faces=911501 id=389
raster_tex_alpha: faces=912001 id=389
raster_tex_alpha: faces=912501 id=458
raster_tex_alpha: faces=913001 id=389
raster_tex_alpha: faces=913501 id=380
raster_tex_alpha: faces=914001 id=394
raster_tex_alpha: faces=914501 id=355
raster_tex_alpha: faces=915001 id=389
raster_tex_alpha: faces=915501 id=389
raster_tex_alpha: faces=916001 id=389
raster_tex_alpha: faces=916501 id=389
raster_tex_alpha: faces=917001 id=394
raster_tex_alpha: faces=917501 id=459
raster_tex_alpha: faces=918001 id=394
raster_tex_alpha: faces=918501 id=380
raster_tex_alpha: faces=919001 id=389
raster_tex_alpha: faces=919501 id=355
raster_tex_alpha: faces=920001 id=394
raster_tex_alpha: faces=920501 id=459
raster_tex_alpha: faces=921001 id=394
raster_tex_alpha: faces=921501 id=389
raster_tex_alpha: faces=922001 id=389
raster_tex_alpha: faces=922501 id=394
raster_tex_alpha: faces=923001 id=389
raster_tex_alpha: faces=923501 id=394
raster_tex_alpha: faces=924001 id=394
raster_tex_alpha: faces=924501 id=458
raster_tex_alpha: faces=925001 id=389
raster_tex_alpha: faces=925501 id=394
raster_tex_alpha: faces=926001 id=394
raster_tex_alpha: faces=926501 id=394
raster_tex_alpha: faces=927001 id=389
raster_tex_alpha: faces=927501 id=389
raster_tex_alpha: faces=928001 id=355
raster_tex_alpha: faces=928501 id=389
raster_tex_alpha: faces=929001 id=459
raster_tex_alpha: faces=929501 id=394
raster_tex_alpha: faces=930001 id=389
raster_tex_alpha: faces=930501 id=389
raster_tex_alpha: faces=931001 id=334
raster_tex_alpha: faces=931501 id=355
raster_tex_alpha: faces=932001 id=389
raster_tex_alpha: faces=932501 id=334
raster_tex_alpha: faces=933001 id=458
raster_tex_alpha: faces=933501 id=394
raster_tex_alpha: faces=934001 id=459
raster_tex_alpha: faces=934501 id=394
raster_tex_alpha: faces=935001 id=389
raster_tex_alpha: faces=935501 id=389
raster_tex_alpha: faces=936001 id=334
raster_tex_alpha: faces=936501 id=355
raster_tex_alpha: faces=937001 id=389
raster_tex_alpha: faces=937501 id=389
raster_tex_alpha: faces=938001 id=459
raster_tex_alpha: faces=938501 id=389
raster_tex_alpha: faces=939001 id=394
raster_tex_alpha: faces=939501 id=394
raster_tex_alpha: faces=940001 id=355
raster_tex_alpha: faces=940501 id=394
raster_tex_alpha: faces=941001 id=389
raster_tex_alpha: faces=941501 id=380
raster_tex_alpha: faces=942001 id=394
raster_tex_alpha: faces=942501 id=389
raster_tex_alpha: faces=943001 id=334
raster_tex_alpha: faces=943501 id=389
raster_tex_alpha: faces=944001 id=459
raster_tex_alpha: faces=944501 id=394
raster_tex_alpha: faces=945001 id=355
raster_tex_alpha: faces=945501 id=355
raster_tex_alpha: faces=946001 id=389
raster_tex_alpha: faces=946501 id=394
raster_tex_alpha: faces=947001 id=389
raster_tex_alpha: faces=947501 id=389
raster_tex_alpha: faces=948001 id=334
raster_tex_alpha: faces=948501 id=389
raster_tex_alpha: faces=949001 id=389
raster_tex_alpha: faces=949501 id=389
raster_tex_alpha: faces=950001 id=355
raster_tex_alpha: faces=950501 id=394
raster_tex_alpha: faces=951001 id=389
raster_tex_alpha: faces=951501 id=459
raster_tex_alpha: faces=952001 id=389
raster_tex_alpha: faces=952501 id=389
raster_tex_alpha: faces=953001 id=394
raster_tex_alpha: faces=953501 id=380
raster_tex_alpha: faces=954001 id=389
raster_tex_alpha: faces=954501 id=389
raster_tex_alpha: faces=955001 id=355
raster_tex_alpha: faces=955501 id=394
raster_tex_alpha: faces=956001 id=389
raster_tex_alpha: faces=956501 id=459
raster_tex_alpha: faces=957001 id=389
raster_tex_alpha: faces=957501 id=389
raster_tex_alpha: faces=958001 id=459
raster_tex_alpha: faces=958501 id=389
raster_tex_alpha: faces=959001 id=389
raster_tex_alpha: faces=959501 id=459
raster_tex_alpha: faces=960001 id=389
raster_tex_alpha: faces=960501 id=389
raster_tex_alpha: faces=961001 id=389
torirsserver: cannot replace saves/testc.ini
app: map archives are unencrypted at this revision
app: cache profile epoch=dat2 game=oldschool revision=239 quirks=none
varp load: 5725 types (5725 records, ids 0..5724)
varbit load: 20411 types (19086 records, ids 0..20410)
hitsplat load: 83 types (83 records)
soundscape load: 11 ids (10 records)
RevConfigBuild done: iface=161 ui=- inline=.\manifest_obtori.ini tree_components=1070 sprites=0 fonts=0 onloads=6 inv_hooks=0 var_hooks=6 mounts=0
